Archive member included because of file (symbol)

c:/users/divya/desktop/243/sjsu_dev/toolchain/bin/../lib/gcc/arm-none-eabi/4.9.3/../../../../arm-none-eabi/lib/armv7-m\libstdc++_nano.a(class_type_info.o)
                              ./L5_Application/source/remote.o (vtable for __cxxabiv1::__class_type_info)
c:/users/divya/desktop/243/sjsu_dev/toolchain/bin/../lib/gcc/arm-none-eabi/4.9.3/../../../../arm-none-eabi/lib/armv7-m\libstdc++_nano.a(guard.o)
                              ./L5_Application/source/cmd_handlers/handlers.o (__cxa_guard_acquire)
c:/users/divya/desktop/243/sjsu_dev/toolchain/bin/../lib/gcc/arm-none-eabi/4.9.3/../../../../arm-none-eabi/lib/armv7-m\libstdc++_nano.a(vmi_class_type_info.o)
                              ./L2_Drivers/src/nrf_stream.o (vtable for __cxxabiv1::__vmi_class_type_info)
c:/users/divya/desktop/243/sjsu_dev/toolchain/bin/../lib/gcc/arm-none-eabi/4.9.3/../../../../arm-none-eabi/lib/armv7-m\libstdc++_nano.a(si_class_type_info.o)
                              ./L5_Application/source/remote.o (vtable for __cxxabiv1::__si_class_type_info)
c:/users/divya/desktop/243/sjsu_dev/toolchain/bin/../lib/gcc/arm-none-eabi/4.9.3/../../../../arm-none-eabi/lib/armv7-m\libstdc++_nano.a(pure.o)
                              ./L3_Utils/src/scheduler_task.o (__cxa_pure_virtual)
c:/users/divya/desktop/243/sjsu_dev/toolchain/bin/../lib/gcc/arm-none-eabi/4.9.3/../../../../arm-none-eabi/lib/armv7-m\libstdc++_nano.a(eh_terminate.o)
                              c:/users/divya/desktop/243/sjsu_dev/toolchain/bin/../lib/gcc/arm-none-eabi/4.9.3/../../../../arm-none-eabi/lib/armv7-m\libstdc++_nano.a(pure.o) (std::terminate())
c:/users/divya/desktop/243/sjsu_dev/toolchain/bin/../lib/gcc/arm-none-eabi/4.9.3/../../../../arm-none-eabi/lib/armv7-m\libstdc++_nano.a(tinfo.o)
                              c:/users/divya/desktop/243/sjsu_dev/toolchain/bin/../lib/gcc/arm-none-eabi/4.9.3/../../../../arm-none-eabi/lib/armv7-m\libstdc++_nano.a(class_type_info.o) (std::type_info::~type_info())
c:/users/divya/desktop/243/sjsu_dev/toolchain/bin/../lib/gcc/arm-none-eabi/4.9.3/../../../../arm-none-eabi/lib/armv7-m\libstdc++_nano.a(eh_unex_handler.o)
                              c:/users/divya/desktop/243/sjsu_dev/toolchain/bin/../lib/gcc/arm-none-eabi/4.9.3/../../../../arm-none-eabi/lib/armv7-m\libstdc++_nano.a(eh_terminate.o) (__cxxabiv1::__unexpected_handler)
c:/users/divya/desktop/243/sjsu_dev/toolchain/bin/../lib/gcc/arm-none-eabi/4.9.3/../../../../arm-none-eabi/lib/armv7-m\libstdc++_nano.a(eh_term_handler.o)
                              c:/users/divya/desktop/243/sjsu_dev/toolchain/bin/../lib/gcc/arm-none-eabi/4.9.3/../../../../arm-none-eabi/lib/armv7-m\libstdc++_nano.a(eh_terminate.o) (__cxxabiv1::__terminate_handler)
c:/users/divya/desktop/243/sjsu_dev/toolchain/bin/../lib/gcc/arm-none-eabi/4.9.3/armv7-m\libgcc.a(_ashldi3.o)
                              ./L0_LowLevel/source/lpc_peripherals.o (__aeabi_llsl)
c:/users/divya/desktop/243/sjsu_dev/toolchain/bin/../lib/gcc/arm-none-eabi/4.9.3/armv7-m\libgcc.a(_arm_addsubdf3.o)
                              ./L4_IO/src/3ultrasonic_sensor_interrupts.o (__aeabi_dsub)
c:/users/divya/desktop/243/sjsu_dev/toolchain/bin/../lib/gcc/arm-none-eabi/4.9.3/armv7-m\libgcc.a(_arm_muldivdf3.o)
                              ./L4_IO/src/3ultrasonic_sensor_interrupts.o (__aeabi_dmul)
c:/users/divya/desktop/243/sjsu_dev/toolchain/bin/../lib/gcc/arm-none-eabi/4.9.3/armv7-m\libgcc.a(_arm_fixunsdfsi.o)
                              ./L2_Drivers/base/uart_dev.o (__aeabi_d2uiz)
c:/users/divya/desktop/243/sjsu_dev/toolchain/bin/../lib/gcc/arm-none-eabi/4.9.3/armv7-m\libgcc.a(_arm_truncdfsf2.o)
                              ./L4_IO/src/3ultrasonic_sensor_interrupts.o (__aeabi_d2f)
c:/users/divya/desktop/243/sjsu_dev/toolchain/bin/../lib/gcc/arm-none-eabi/4.9.3/armv7-m\libgcc.a(_arm_addsubsf3.o)
                              ./L5_Application/source/cmd_handlers/handlers.o (__aeabi_fsub)
c:/users/divya/desktop/243/sjsu_dev/toolchain/bin/../lib/gcc/arm-none-eabi/4.9.3/armv7-m\libgcc.a(_arm_muldivsf3.o)
                              ./L5_Application/source/cmd_handlers/handlers.o (__aeabi_fmul)
c:/users/divya/desktop/243/sjsu_dev/toolchain/bin/../lib/gcc/arm-none-eabi/4.9.3/armv7-m\libgcc.a(_arm_cmpsf2.o)
                              ./L3_Utils/src/str.o (__aeabi_fcmplt)
c:/users/divya/desktop/243/sjsu_dev/toolchain/bin/../lib/gcc/arm-none-eabi/4.9.3/armv7-m\libgcc.a(_arm_fixsfsi.o)
                              ./L5_Application/source/cmd_handlers/handlers.o (__aeabi_f2iz)
c:/users/divya/desktop/243/sjsu_dev/toolchain/bin/../lib/gcc/arm-none-eabi/4.9.3/armv7-m\libgcc.a(_arm_fixunssfsi.o)
                              ./L5_Application/source/high_level_init.o (__aeabi_f2uiz)
c:/users/divya/desktop/243/sjsu_dev/toolchain/bin/../lib/gcc/arm-none-eabi/4.9.3/armv7-m\libgcc.a(_aeabi_uldivmod.o)
[...]
Memory Configuration

Name             Origin             Length             Attributes
FLASH            0x00010000         0x00070000         xr
SRAM             0x10000000         0x00008000         xrw
SRAM_AHB         0x2007c000         0x00008000         xrw
*default*        0x00000000         0xffffffff

Linker script and memory map

LOAD ./newlib/malloc_lock.o
LOAD ./newlib/memory.o
LOAD ./newlib/newlib_syscalls.o
LOAD ./newlib/newlib_time.o
LOAD ./L5_Application/source/cmd_handlers/handlers.o
LOAD ./L5_Application/source/cmd_handlers/prog_handlers.o
LOAD ./L5_Application/source/cmd_handlers/wireless_handlers.o
LOAD ./L5_Application/source/high_level_init.o
LOAD ./L5_Application/source/remote.o
LOAD ./L5_Application/source/terminal.o
LOAD ./L5_Application/periodic_scheduler/period_callbacks.o
LOAD ./L5_Application/periodic_scheduler/prd_dispatcher.o
LOAD ./L5_Application/examples/examples.o
LOAD ./L5_Application/examples/rn_xv_task.o
LOAD ./L5_Application/main.o
LOAD ./L4_IO/wireless/src/mesh.o
LOAD ./L4_IO/wireless/src/nrf24L01Plus.o
LOAD ./L4_IO/wireless/src/wireless.o
LOAD ./L4_IO/src/3ultrasonic_sensor_interrupts.o
LOAD ./L4_IO/src/gpio.o
LOAD ./L4_IO/src/io_source.o
LOAD ./L4_IO/src/storage.o
LOAD ./L4_IO/fat/option/ccsbcs.o
LOAD ./L4_IO/fat/option/reentrant.o
LOAD ./L4_IO/fat/disk/diskio.o
LOAD ./L4_IO/fat/disk/sd.o
LOAD ./L4_IO/fat/disk/spi_flash.o
LOAD ./L4_IO/fat/fatfs_time.o
LOAD ./L4_IO/fat/ff.o
LOAD ./L3_Utils/tlm/src/c_tlm_binary.o
LOAD ./L3_Utils/tlm/src/c_tlm_comp.o
LOAD ./L3_Utils/tlm/src/c_tlm_stream.o
LOAD ./L3_Utils/tlm/src/c_tlm_var.o
LOAD ./L3_Utils/src/c_list.o
LOAD ./L3_Utils/src/command_handler.o
LOAD ./L3_Utils/src/file_logger.o
LOAD ./L3_Utils/src/freertos_timer.o
LOAD ./L3_Utils/src/printf_lib.o
LOAD ./L3_Utils/src/rtc_alarm.o
LOAD ./L3_Utils/src/scheduler_task.o
LOAD ./L3_Utils/src/str.o
LOAD ./L3_Utils/src/utilities.o
LOAD ./L2_Drivers/src/adc.o
LOAD ./L2_Drivers/src/can.o
LOAD ./L2_Drivers/src/eint.o
LOAD ./L2_Drivers/src/i2c2.o
LOAD ./L2_Drivers/src/lpc_pwm.o
LOAD ./L2_Drivers/src/lpc_rit.o
LOAD ./L2_Drivers/src/lpc_timers.o
LOAD ./L2_Drivers/src/nrf_stream.o
LOAD ./L2_Drivers/src/rtc.o
LOAD ./L2_Drivers/src/spi_dma.o
LOAD ./L2_Drivers/src/spi_sem.o
LOAD ./L2_Drivers/src/uart0.o
LOAD ./L2_Drivers/src/uart2.o
LOAD ./L2_Drivers/src/uart3.o
LOAD ./L2_Drivers/base/char_dev.o
LOAD ./L2_Drivers/base/i2c_base.o
LOAD ./L2_Drivers/base/uart_dev.o
LOAD ./L1_FreeRTOS/src/croutine.o
LOAD ./L1_FreeRTOS/src/event_groups.o
LOAD ./L1_FreeRTOS/src/list.o
LOAD ./L1_FreeRTOS/src/queue.o
LOAD ./L1_FreeRTOS/src/tasks.o
LOAD ./L1_FreeRTOS/src/timers.o
LOAD ./L1_FreeRTOS/portable/no_mpu/port.o
LOAD ./L1_FreeRTOS/portable/run_time_stats.o
LOAD ./L1_FreeRTOS/hooks/hooks.o
LOAD ./L0_LowLevel/source/core_cm3.o
LOAD ./L0_LowLevel/source/low_level_init.o
LOAD ./L0_LowLevel/source/lpc_peripherals.o
LOAD ./L0_LowLevel/source/lpc_sys.o
LOAD ./L0_LowLevel/source/startup.o
LOAD ./L0_LowLevel/source/sys_clock.o
LOAD ./L0_LowLevel/source/uart0_min.o
LOAD c:/users/divya/desktop/243/sjsu_dev/toolchain/bin/../lib/gcc/arm-none-eabi/4.9.3/../../../../arm-none-eabi/lib/armv7-m\libstdc++_nano.a
LOAD c:/users/divya/desktop/243/sjsu_dev/toolchain/bin/../lib/gcc/arm-none-eabi/4.9.3/../../../../arm-none-eabi/lib/armv7-m\libm.a
START GROUP
LOAD c:/users/divya/desktop/243/sjsu_dev/toolchain/bin/../lib/gcc/arm-none-eabi/4.9.3/armv7-m\libgcc.a
LOAD c:/users/divya/desktop/243/sjsu_dev/toolchain/bin/../lib/gcc/arm-none-eabi/4.9.3/../../../../arm-none-eabi/lib/armv7-m\libc_nano.a
END GROUP
START GROUP
LOAD c:/users/divya/desktop/243/sjsu_dev/toolchain/bin/../lib/gcc/arm-none-eabi/4.9.3/armv7-m\libgcc.a
LOAD c:/users/divya/desktop/243/sjsu_dev/toolchain/bin/../lib/gcc/arm-none-eabi/4.9.3/../../../../arm-none-eabi/lib/armv7-m\libc_nano.a
END GROUP

.text           0x00010000    0x16664
 FILL mask 0xff
 *(.isr_vector)
 .isr_vector    0x00010000       0xcc ./L0_LowLevel/source/startup.o
                0x00010000                g_pfnVectors
                0x000100cc                . = ALIGN (0x4)
                0x000100cc                __section_table_start = .
                0x000100cc                __data_section_table = .
                0x000100cc        0x4 LONG 0x2666c LOADADDR (.data)
                0x000100d0        0x4 LONG 0x2007c000 ADDR (.data)
                0x000100d4        0x4 LONG 0x1bc SIZEOF (.data)
                0x000100d8                __data_section_table_end = .
                0x000100d8                __bss_section_table = .
                0x000100d8        0x4 LONG 0x2007c1c0 ADDR (.bss)
                0x000100dc        0x4 LONG 0x4d4 SIZEOF (.bss)
                0x000100e0                __bss_section_table_end = .
                0x000100e0                __section_table_end = .
 *(.after_vectors*)
 .after_vectors
                0x000100e0      0x120 ./L0_LowLevel/source/startup.o
                0x000100e0                isr_hard_fault
                0x000100fa                isr_nmi
                0x00010108                isr_mem_fault
                0x00010118                isr_bus_fault
                0x00010128                isr_usage_fault
                0x00010138                isr_debug_mon
                0x00010148                TIMER3_IRQHandler
                0x00010148                UART1_IRQHandler
                0x00010148                EINT2_IRQHandler
                0x00010148                USBAct_IRQHandler
                0x00010148                PLL0_IRQHandler
                0x00010148                I2C1_IRQHandler
                0x00010148                PLL1_IRQHandler
                0x00010148                SSP0_IRQHandler
                0x00010148                CANAct_IRQHandler
                0x00010148                I2S_IRQHandler
                0x00010148                PWM1_IRQHandler
                0x00010148                SPI_IRQHandler
                0x00010148                TIMER2_IRQHandler
                0x00010148                EINT1_IRQHandler
                0x00010148                isr_default_handler
                0x00010148                SSP1_IRQHandler
                0x00010148                ENET_IRQHandler
                0x00010148                USB_IRQHandler
                0x00010148                BOD_IRQHandler
                0x00010148                MCPWM_IRQHandler
                0x00010148                WDT_IRQHandler
                0x00010148                I2C0_IRQHandler
                0x00010148                QEI_IRQHandler
                0x00010148                EINT0_IRQHandler
                0x00010148                DMA_IRQHandler
                0x00010148                TIMER0_IRQHandler
                0x00010158                isr_sys_tick
                0x0001016a                data_init(unsigned int, unsigned int, unsigned int)
                0x00010180                bss_init(unsigned int, unsigned int)
                0x00010192                isr_reset
 *(.text*)
 .text._sbrk    0x00010200       0x78 ./newlib/memory.o
                0x00010200                _sbrk
 .text._Znwj    0x00010278        0x4 ./newlib/memory.o
                0x00010278                operator new(unsigned int)
 .text._Znaj    0x0001027c        0x4 ./newlib/memory.o
                0x0001027c                operator new[](unsigned int)
 .text._ZdlPv   0x00010280        0x4 ./newlib/memory.o
                0x00010280                operator delete(void*)
 .text._ZdaPv   0x00010284        0x4 ./newlib/memory.o
                0x00010284                operator delete[](void*)
 .text.sys_get_mem_info
                0x00010288       0xb0 ./newlib/memory.o
                0x00010288                sys_get_mem_info
 .text.__aeabi_atexit
                0x00010338        0x4 ./newlib/memory.o
                0x00010338                __aeabi_atexit
 .text._ZN9__gnu_cxx27__verbose_terminate_handlerEv
                0x0001033c        0x2 ./newlib/memory.o
                0x0001033c                __gnu_cxx::__verbose_terminate_handler()
 *fill*         0x0001033e        0x2 
 .text.sys_set_outchar_func
                0x00010340        0xc ./newlib/newlib_syscalls.o
                0x00010340                sys_set_outchar_func
 .text.sys_set_inchar_func
                0x0001034c        0xc ./newlib/newlib_syscalls.o
                0x0001034c                sys_set_inchar_func
 .text._kill    0x00010358       0x10 ./newlib/newlib_syscalls.o
                0x00010358                _kill
 .text._exit    0x00010368       0x10 ./newlib/newlib_syscalls.o
                0x00010368                _exit
 .text._getpid  0x00010378        0x4 ./newlib/newlib_syscalls.o
                0x00010378                _getpid
 .text._init    0x0001037c        0x4 ./newlib/newlib_syscalls.o
                0x0001037c                _init
 .text._write   0x00010380       0x28 ./newlib/newlib_syscalls.o
                0x00010380                _write
 .text._read    0x000103a8       0x2c ./newlib/newlib_syscalls.o
                0x000103a8                _read
 .text.syscalls_init
                0x000103d4        0x2 ./newlib/newlib_syscalls.o
                0x000103d4                syscalls_init
 .text._fstat   0x000103d6        0x4 ./newlib/newlib_syscalls.o
                0x000103d6                _fstat
 *fill*         0x000103da        0x2 
 .text._isatty  0x000103dc       0x24 ./newlib/newlib_syscalls.o
                0x000103dc                _isatty
 .text._lseek   0x00010400        0x4 ./newlib/newlib_syscalls.o
                0x00010400                _lseek
 .text._close   0x00010404        0x4 ./newlib/newlib_syscalls.o
                0x00010404                _close
 .text._gettimeofday
                0x00010408       0x7a ./newlib/newlib_time.o
                0x00010408                _gettimeofday
 *fill*         0x00010482        0x2 
 .text._ZN7Storage13getFlashDriveEv
                0x00010484       0x48 ./L5_Application/source/cmd_handlers/handlers.o
                0x00010484                Storage::getFlashDrive()
 .text._ZN7Storage10getSDDriveEv
                0x000104cc       0x48 ./L5_Application/source/cmd_handlers/handlers.o
                0x000104cc                Storage::getSDDrive()
 .text._Z15taskListHandlerR3strR7CharDevPv
                0x00010514       0xec ./L5_Application/source/cmd_handlers/handlers.o
                0x00010514                taskListHandler(str&, CharDev&, void*)
 .text._Z14memInfoHandlerR3strR7CharDevPv
                0x00010600       0x22 ./L5_Application/source/cmd_handlers/handlers.o
                0x00010600                memInfoHandler(str&, CharDev&, void*)
 *fill*         0x00010622        0x2 
 .text._Z11timeHandlerR3strR7CharDevPv
                0x00010624       0xc4 ./L5_Application/source/cmd_handlers/handlers.o
                0x00010624                timeHandler(str&, CharDev&, void*)
 .text._Z10logHandlerR3strR7CharDevPv
                0x000106e8      0x19c ./L5_Application/source/cmd_handlers/handlers.o
                0x000106e8                logHandler(str&, CharDev&, void*)
 .text._Z9cpHandlerR3strR7CharDevPv
                0x00010884       0x80 ./L5_Application/source/cmd_handlers/handlers.o
                0x00010884                cpHandler(str&, CharDev&, void*)
 .text._Z10catHandlerR3strR7CharDevPv
                0x00010904      0x14c ./L5_Application/source/cmd_handlers/handlers.o
                0x00010904                catHandler(str&, CharDev&, void*)
 .text._Z9lsHandlerR3strR7CharDevPv
                0x00010a50      0x180 ./L5_Application/source/cmd_handlers/handlers.o
                0x00010a50                lsHandler(str&, CharDev&, void*)
 .text._Z12mkdirHandlerR3strR7CharDevPv
                0x00010bd0       0x3c ./L5_Application/source/cmd_handlers/handlers.o
                0x00010bd0                mkdirHandler(str&, CharDev&, void*)
 .text._Z9rmHandlerR3strR7CharDevPv
                0x00010c0c       0x3c ./L5_Application/source/cmd_handlers/handlers.o
                0x00010c0c                rmHandler(str&, CharDev&, void*)
 .text._Z9mvHandlerR3strR7CharDevPv
                0x00010c48       0x5c ./L5_Application/source/cmd_handlers/handlers.o
                0x00010c48                mvHandler(str&, CharDev&, void*)
 .text._Z14newFileHandlerR3strR7CharDevPv
                0x00010ca4       0xb0 ./L5_Application/source/cmd_handlers/handlers.o
                0x00010ca4                newFileHandler(str&, CharDev&, void*)
 .text._Z10dcpHandlerR3strR7CharDevPv
                0x00010d54      0x140 ./L5_Application/source/cmd_handlers/handlers.o
                0x00010d54                dcpHandler(str&, CharDev&, void*)
 .text._Z14storageHandlerR3strR7CharDevPv
                0x00010e94       0xbc ./L5_Application/source/cmd_handlers/handlers.o
                0x00010e94                storageHandler(str&, CharDev&, void*)
 .text._Z13rebootHandlerR3strR7CharDevPv
                0x00010f50       0x30 ./L5_Application/source/cmd_handlers/handlers.o
                0x00010f50                rebootHandler(str&, CharDev&, void*)
 .text._Z14learnIrHandlerR3strR7CharDevPv
                0x00010f80       0x34 ./L5_Application/source/cmd_handlers/handlers.o
                0x00010f80                learnIrHandler(str&, CharDev&, void*)
 .text._ZN17SingletonTemplateI4I2C2E11getInstanceEv
                0x00010fb4       0x20 ./L5_Application/source/cmd_handlers/handlers.o
                0x00010fb4                SingletonTemplate<I2C2>::getInstance()
 .text._Z12i2cIoHandlerR3strR7CharDevPv
                0x00010fd4      0x198 ./L5_Application/source/cmd_handlers/handlers.o
                0x00010fd4                i2cIoHandler(str&, CharDev&, void*)
 .text._Z13healthHandlerR3strR7CharDevPv
                0x0001116c      0x1a4 ./L5_Application/source/cmd_handlers/handlers.o
                0x0001116c                healthHandler(str&, CharDev&, void*)
 .text._Z16flashProgHandlerR3strR7CharDevPv
                0x00011310       0xac ./L5_Application/source/cmd_handlers/prog_handlers.o
                0x00011310                flashProgHandler(str&, CharDev&, void*)
 .text._Z14getFileHandlerR3strR7CharDevPv
                0x000113bc      0x130 ./L5_Application/source/cmd_handlers/prog_handlers.o
                0x000113bc                getFileHandler(str&, CharDev&, void*)
 .text._ZL25wirelessHandlerPrintStatsR7CharDevP12mesh_stats_th
                0x000114ec       0x3c ./L5_Application/source/cmd_handlers/wireless_handlers.o
 .text._ZL14wsStatsHandlerR3strR7CharDevPv
                0x00011528       0x1e ./L5_Application/source/cmd_handlers/wireless_handlers.o
 *fill*         0x00011546        0x2 
 .text._ZL11wsTxHandlerR3strR7CharDevPv
                0x00011548      0x118 ./L5_Application/source/cmd_handlers/wireless_handlers.o
 .text._ZL13wsAddrHandlerR3strR7CharDevPv
                0x00011660       0x34 ./L5_Application/source/cmd_handlers/wireless_handlers.o
 .text._Z12wsRteHandlerR3strR7CharDevPv
                0x00011694       0x74 ./L5_Application/source/cmd_handlers/wireless_handlers.o
                0x00011694                wsRteHandler(str&, CharDev&, void*)
 .text._ZL11wsRxHandlerR3strR7CharDevPv
                0x00011708       0x80 ./L5_Application/source/cmd_handlers/wireless_handlers.o
 .text._Z15wirelessHandlerR3strR7CharDevPv
                0x00011788      0x160 ./L5_Application/source/cmd_handlers/wireless_handlers.o
                0x00011788                wirelessHandler(str&, CharDev&, void*)
 .text._ZN17SingletonTemplateI12NordicStreamE11getInstanceEv
                0x000118e8       0x20 ./L5_Application/source/cmd_handlers/wireless_handlers.o
                0x000118e8                SingletonTemplate<NordicStream>::getInstance()
 .text._ZL15wsFileTxHandlerR3strR7CharDevPv
                0x00011908      0x22c ./L5_Application/source/cmd_handlers/wireless_handlers.o
 .text._ZL15wsStreamHandlerR3strR7CharDevPv
                0x00011b34      0x11c ./L5_Application/source/cmd_handlers/wireless_handlers.o
 .text._ZL13hl_print_linev
                0x00011c50        0xc ./L5_Application/source/high_level_init.o
 .text.ssp_set_max_clock
                0x00011c5c       0x2c ./L5_Application/source/high_level_init.o
 .text._ZL16hl_mount_storageR16FileSystemObjectPKc
                0x00011c88       0x94 ./L5_Application/source/high_level_init.o
 .text._ZN17SingletonTemplateI11LED_DisplayE11getInstanceEv
                0x00011d1c       0x24 ./L5_Application/source/high_level_init.o
                0x00011d1c                SingletonTemplate<LED_Display>::getInstance()
 .text._ZN17SingletonTemplateI3LEDE11getInstanceEv
                0x00011d40       0x1c ./L5_Application/source/high_level_init.o
                0x00011d40                SingletonTemplate<LED>::getInstance()
 .text._ZN17SingletonTemplateI17TemperatureSensorE11getInstanceEv
                0x00011d5c       0x28 ./L5_Application/source/high_level_init.o
                0x00011d5c                SingletonTemplate<TemperatureSensor>::getInstance()
 .text._ZN17SingletonTemplateI12Light_SensorE11getInstanceEv
                0x00011d84       0x18 ./L5_Application/source/high_level_init.o
                0x00011d84                SingletonTemplate<Light_Sensor>::getInstance()
 .text._ZN17SingletonTemplateI8SwitchesE11getInstanceEv
                0x00011d9c       0x18 ./L5_Application/source/high_level_init.o
                0x00011d9c                SingletonTemplate<Switches>::getInstance()
 .text._Z15high_level_initv
                0x00011db4      0x548 ./L5_Application/source/high_level_init.o
                0x00011db4                high_level_init()
 .text._ZN14scheduler_task4initEv
                0x000122fc        0x4 ./L5_Application/source/remote.o
                0x000122fc                scheduler_task::init()
 .text._ZN14scheduler_task6regTlmEv
                0x00012300        0x4 ./L5_Application/source/remote.o
                0x00012300                scheduler_task::regTlm()
 .text._ZN14scheduler_task9taskEntryEv
                0x00012304        0x4 ./L5_Application/source/remote.o
                0x00012304                scheduler_task::taskEntry()
 .text._ZN17SingletonTemplateI9IR_SensorE11getInstanceEv
                0x00012308       0x18 ./L5_Application/source/remote.o
                0x00012308                SingletonTemplate<IR_Sensor>::getInstance()
 .text._ZN12terminalTask6regTlmEv
                0x00012320        0x4 ./L5_Application/source/terminal.o
                0x00012320                terminalTask::regTlm()
 .text._ZN6VECTORIN12terminalTask9cmdChan_tEE14changeCapacityEj.part.5
                0x00012324       0x34 ./L5_Application/source/terminal.o
 .text._ZN12terminalTaskD2Ev
                0x00012358       0x48 ./L5_Application/source/terminal.o
                0x00012358                terminalTask::~terminalTask()
                0x00012358                terminalTask::~terminalTask()
 .text._ZN12terminalTaskD0Ev
                0x000123a0       0x12 ./L5_Application/source/terminal.o
                0x000123a0                terminalTask::~terminalTask()
 *fill*         0x000123b2        0x2 
 .text._ZN12terminalTaskC2Eh
                0x000123b4       0xb0 ./L5_Application/source/terminal.o
                0x000123b4                terminalTask::terminalTask(unsigned char)
                0x000123b4                terminalTask::terminalTask(unsigned char)
 .text._ZN12terminalTask22handleEchoAndBackspaceEPNS_9cmdChan_tEc
                0x00012464       0x74 ./L5_Application/source/terminal.o
                0x00012464                terminalTask::handleEchoAndBackspace(terminalTask::cmdChan_t*, char)
 .text._ZN12terminalTask17addCommandChannelEP7CharDevb
                0x000124d8       0x40 ./L5_Application/source/terminal.o
                0x000124d8                terminalTask::addCommandChannel(CharDev*, bool)
 .text._ZN12terminalTask10getCommandEv
                0x00012518      0x126 ./L5_Application/source/terminal.o
                0x00012518                terminalTask::getCommand()
 *fill*         0x0001263e        0x2 
 .text._ZN12terminalTask3runEPv
                0x00012640       0x98 ./L5_Application/source/terminal.o
                0x00012640                terminalTask::run(void*)
 .text._ZN17SingletonTemplateI5Uart0E11getInstanceEv
                0x000126d8       0x20 ./L5_Application/source/terminal.o
                0x000126d8                SingletonTemplate<Uart0>::getInstance()
 .text._ZN5Uart017putcharIntrDrivenEc
                0x000126f8       0x18 ./L5_Application/source/terminal.o
                0x000126f8                Uart0::putcharIntrDriven(char)
 .text._ZN5Uart017getcharIntrDrivenEc
                0x00012710       0x22 ./L5_Application/source/terminal.o
                0x00012710                Uart0::getcharIntrDriven(char)
 *fill*         0x00012732        0x2 
 .text._ZN12terminalTask9taskEntryEv
                0x00012734      0x27c ./L5_Application/source/terminal.o
                0x00012734                terminalTask::taskEntry()
 .text.period_1Hz
                0x000129b0       0x20 ./L5_Application/periodic_scheduler/period_callbacks.o
                0x000129b0                period_1Hz
 .text.period_10Hz
                0x000129d0        0x4 ./L5_Application/periodic_scheduler/period_callbacks.o
                0x000129d0                period_10Hz
 .text.period_100Hz
                0x000129d4        0x2 ./L5_Application/periodic_scheduler/period_callbacks.o
                0x000129d4                period_100Hz
 .text.period_1000Hz
                0x000129d6        0x2 ./L5_Application/periodic_scheduler/period_callbacks.o
                0x000129d6                period_1000Hz
 .text._ZN21periodicSchedulerTaskD2Ev
                0x000129d8        0x2 ./L5_Application/periodic_scheduler/prd_dispatcher.o
                0x000129d8                periodicSchedulerTask::~periodicSchedulerTask()
                0x000129d8                periodicSchedulerTask::~periodicSchedulerTask()
 *fill*         0x000129da        0x2 
 .text._Z15period_task_1HzPv
                0x000129dc       0x20 ./L5_Application/periodic_scheduler/prd_dispatcher.o
                0x000129dc                period_task_1Hz(void*)
 .text._Z16period_task_10HzPv
                0x000129fc       0x20 ./L5_Application/periodic_scheduler/prd_dispatcher.o
                0x000129fc                period_task_10Hz(void*)
 .text._Z17period_task_100HzPv
                0x00012a1c       0x20 ./L5_Application/periodic_scheduler/prd_dispatcher.o
                0x00012a1c                period_task_100Hz(void*)
 .text._Z18period_task_1000HzPv
                0x00012a3c       0x20 ./L5_Application/periodic_scheduler/prd_dispatcher.o
                0x00012a3c                period_task_1000Hz(void*)
 .text._ZN21periodicSchedulerTaskD0Ev
                0x00012a5c        0xc ./L5_Application/periodic_scheduler/prd_dispatcher.o
                0x00012a5c                periodicSchedulerTask::~periodicSchedulerTask()
 .text._ZN21periodicSchedulerTaskC2Ev
                0x00012a68       0xe8 ./L5_Application/periodic_scheduler/prd_dispatcher.o
                0x00012a68                periodicSchedulerTask::periodicSchedulerTask()
                0x00012a68                periodicSchedulerTask::periodicSchedulerTask()
 .text._ZN21periodicSchedulerTask23handlePeriodicSemaphoreEhh
                0x00012b50       0x88 ./L5_Application/periodic_scheduler/prd_dispatcher.o
                0x00012b50                periodicSchedulerTask::handlePeriodicSemaphore(unsigned char, unsigned char)
 .text._ZN21periodicSchedulerTask3runEPv
                0x00012bd8       0x34 ./L5_Application/periodic_scheduler/prd_dispatcher.o
                0x00012bd8                periodicSchedulerTask::run(void*)
 .text._ZN12wirelessTaskD2Ev
                0x00012c0c        0x2 ./L5_Application/main.o
                0x00012c0c                wirelessTask::~wirelessTask()
                0x00012c0c                wirelessTask::~wirelessTask()
 .text._ZN12wirelessTask3runEPv
                0x00012c0e        0xa ./L5_Application/main.o
                0x00012c0e                wirelessTask::run(void*)
 .text._ZN12wirelessTaskD0Ev
                0x00012c18        0xc ./L5_Application/main.o
                0x00012c18                wirelessTask::~wirelessTask()
 .text._Z22sensor_controller_initv
                0x00012c24       0x24 ./L5_Application/main.o
                0x00012c24                sensor_controller_init()
 .text.startup.main
                0x00012c48       0x68 ./L5_Application/main.o
                0x00012c48                main
 .text.mesh_incr_soft_timers_for_arr
                0x00012cb0       0x26 ./L4_IO/wireless/src/mesh.o
 *fill*         0x00012cd6        0x2 
 .text.mesh_update_soft_timers
                0x00012cd8       0x4c ./L4_IO/wireless/src/mesh.o
 .text.mesh_send_packet
                0x00012d24       0x3c ./L4_IO/wireless/src/mesh.o
 .text.mesh_send_retry_packet
                0x00012d60       0x34 ./L4_IO/wireless/src/mesh.o
 .text.mesh_find_rte_tbl_entry
                0x00012d94       0x24 ./L4_IO/wireless/src/mesh.o
 .text.mesh_update_rte_scores
                0x00012db8       0x28 ./L4_IO/wireless/src/mesh.o
 .text.mesh_get_pnd_pkt_slot
                0x00012de0       0x42 ./L4_IO/wireless/src/mesh.o
 *fill*         0x00012e22        0x2 
 .text.mesh_pending_packets_add
                0x00012e24       0x90 ./L4_IO/wireless/src/mesh.o
 .text.mesh_get_rte_to_modify
                0x00012eb4       0x60 ./L4_IO/wireless/src/mesh.o
 .text.mesh_handle_pnd_pkts_for_arr
                0x00012f14      0x180 ./L4_IO/wireless/src/mesh.o
 .text.mesh_set_node_address
                0x00013094       0x18 ./L4_IO/wireless/src/mesh.o
                0x00013094                mesh_set_node_address
 .text.mesh_get_node_address
                0x000130ac        0xc ./L4_IO/wireless/src/mesh.o
                0x000130ac                mesh_get_node_address
 .text.mesh_set_retry_count
                0x000130b8       0x10 ./L4_IO/wireless/src/mesh.o
                0x000130b8                mesh_set_retry_count
 .text.mesh_form_pkt
                0x000130c8       0xfc ./L4_IO/wireless/src/mesh.o
                0x000130c8                mesh_form_pkt
 .text.mesh_send_formed_pkt
                0x000131c4       0x50 ./L4_IO/wireless/src/mesh.o
                0x000131c4                mesh_send_formed_pkt
 .text.mesh_init
                0x00013214      0x104 ./L4_IO/wireless/src/mesh.o
                0x00013214                mesh_init
 .text.mesh_send
                0x00013318       0x3e ./L4_IO/wireless/src/mesh.o
                0x00013318                mesh_send
 .text.mesh_send_ack
                0x00013356       0x1a ./L4_IO/wireless/src/mesh.o
 .text.mesh_get_routing_entry
                0x00013370       0x2c ./L4_IO/wireless/src/mesh.o
                0x00013370                mesh_get_routing_entry
 .text.mesh_get_num_routing_entries
                0x0001339c       0x1c ./L4_IO/wireless/src/mesh.o
                0x0001339c                mesh_get_num_routing_entries
 .text.mesh_service
                0x000133b8      0x2c4 ./L4_IO/wireless/src/mesh.o
                0x000133b8                mesh_service
 .text.mesh_get_pnd_pkt_count
                0x0001367c       0x34 ./L4_IO/wireless/src/mesh.o
                0x0001367c                mesh_get_pnd_pkt_count
 .text.mesh_get_max_timeout_before_packet_fails
                0x000136b0       0x24 ./L4_IO/wireless/src/mesh.o
                0x000136b0                mesh_get_max_timeout_before_packet_fails
 .text.mesh_get_stats
                0x000136d4       0x14 ./L4_IO/wireless/src/mesh.o
                0x000136d4                mesh_get_stats
 .text.nordic_transfer
                0x000136e8      0x110 ./L4_IO/wireless/src/nrf24L01Plus.o
 .text.nordic_readRegister
                0x000137f8       0x20 ./L4_IO/wireless/src/nrf24L01Plus.o
 .text.nordic_writeRegister
                0x00013818       0x20 ./L4_IO/wireless/src/nrf24L01Plus.o
 .text.nordic_is_tx_fifo_empty
                0x00013838        0xe ./L4_IO/wireless/src/nrf24L01Plus.o
                0x00013838                nordic_is_tx_fifo_empty
 .text.nordic_clear_all_intr_flags
                0x00013846        0x8 ./L4_IO/wireless/src/nrf24L01Plus.o
                0x00013846                nordic_clear_all_intr_flags
 .text.nordic_queue_tx_fifo
                0x0001384e        0xe ./L4_IO/wireless/src/nrf24L01Plus.o
                0x0001384e                nordic_queue_tx_fifo
 .text.nordic_standby1_to_tx_mode1
                0x0001385c       0x16 ./L4_IO/wireless/src/nrf24L01Plus.o
                0x0001385c                nordic_standby1_to_tx_mode1
 *fill*         0x00013872        0x2 
 .text.nordic_rx_to_Stanby1
                0x00013874       0x10 ./L4_IO/wireless/src/nrf24L01Plus.o
                0x00013874                nordic_rx_to_Stanby1
 .text.nordic_standby1_to_rx
                0x00013884       0x24 ./L4_IO/wireless/src/nrf24L01Plus.o
                0x00013884                nordic_standby1_to_rx
 .text.nordic_clear_packet_sent_flag
                0x000138a8        0x8 ./L4_IO/wireless/src/nrf24L01Plus.o
                0x000138a8                nordic_clear_packet_sent_flag
 .text.nordic_flush_tx_fifo
                0x000138b0        0xc ./L4_IO/wireless/src/nrf24L01Plus.o
                0x000138b0                nordic_flush_tx_fifo
 .text.nordic_mode1_send_single_packet
                0x000138bc       0x4c ./L4_IO/wireless/src/nrf24L01Plus.o
                0x000138bc                nordic_mode1_send_single_packet
 .text.nordic_is_packet_available
                0x00013908       0x12 ./L4_IO/wireless/src/nrf24L01Plus.o
                0x00013908                nordic_is_packet_available
 .text.nordic_clear_packet_available_flag
                0x0001391a        0x8 ./L4_IO/wireless/src/nrf24L01Plus.o
                0x0001391a                nordic_clear_packet_available_flag
 .text.nordic_read_rx_fifo
                0x00013922       0x16 ./L4_IO/wireless/src/nrf24L01Plus.o
                0x00013922                nordic_read_rx_fifo
 .text.nordic_flush_rx_fifo
                0x00013938        0xc ./L4_IO/wireless/src/nrf24L01Plus.o
                0x00013938                nordic_flush_rx_fifo
 .text.nordic_set_intr_signals
                0x00013944       0x3e ./L4_IO/wireless/src/nrf24L01Plus.o
                0x00013944                nordic_set_intr_signals
 .text.nordic_set_crc
                0x00013982       0x38 ./L4_IO/wireless/src/nrf24L01Plus.o
                0x00013982                nordic_set_crc
 .text.nordic_power_up
                0x000139ba       0x18 ./L4_IO/wireless/src/nrf24L01Plus.o
                0x000139ba                nordic_power_up
 .text.nordic_power_down
                0x000139d2       0x16 ./L4_IO/wireless/src/nrf24L01Plus.o
                0x000139d2                nordic_power_down
 .text.nordic_set_channel
                0x000139e8       0x24 ./L4_IO/wireless/src/nrf24L01Plus.o
                0x000139e8                nordic_set_channel
 .text.nordic_set_air_data_rate
                0x00013a0c       0x2c ./L4_IO/wireless/src/nrf24L01Plus.o
                0x00013a0c                nordic_set_air_data_rate
 .text.nordic_set_power_level
                0x00013a38       0x24 ./L4_IO/wireless/src/nrf24L01Plus.o
                0x00013a38                nordic_set_power_level
 .text.nordic_set_auto_transmit_options
                0x00013a5c       0x32 ./L4_IO/wireless/src/nrf24L01Plus.o
                0x00013a5c                nordic_set_auto_transmit_options
 .text.nordic_set_payload_for_pipe
                0x00013a8e       0x14 ./L4_IO/wireless/src/nrf24L01Plus.o
                0x00013a8e                nordic_set_payload_for_pipe
 .text.nordic_set_addr_width
                0x00013aa2       0x16 ./L4_IO/wireless/src/nrf24L01Plus.o
                0x00013aa2                nordic_set_addr_width
 .text.nordic_set_tx_address
                0x00013ab8        0xe ./L4_IO/wireless/src/nrf24L01Plus.o
                0x00013ab8                nordic_set_tx_address
 .text.nordic_set_rx_pipe0_addr
                0x00013ac6        0xe ./L4_IO/wireless/src/nrf24L01Plus.o
                0x00013ac6                nordic_set_rx_pipe0_addr
 .text.nordic_init
                0x00013ad4       0xc8 ./L4_IO/wireless/src/nrf24L01Plus.o
                0x00013ad4                nordic_init
 .text.nrf_irq_callback
                0x00013b9c       0x30 ./L4_IO/wireless/src/wireless.o
 .text.nrf_driver_init
                0x00013bcc       0x70 ./L4_IO/wireless/src/wireless.o
 .text.nrf_driver_app_recv
                0x00013c3c       0x50 ./L4_IO/wireless/src/wireless.o
 .text.nrf_driver_send
                0x00013c8c       0x5c ./L4_IO/wireless/src/wireless.o
 .text.nrf_driver_receive
                0x00013ce8       0x22 ./L4_IO/wireless/src/wireless.o
 .text.wireless_get_queued_pkt
                0x00013d0a       0x64 ./L4_IO/wireless/src/wireless.o
 .text.nrf_driver_get_timer
                0x00013d6e       0x28 ./L4_IO/wireless/src/wireless.o
 *fill*         0x00013d96        0x2 
 .text.wireless_init
                0x00013d98       0x4c ./L4_IO/wireless/src/wireless.o
                0x00013d98                wireless_init
 .text.wireless_get_rx_pkt
                0x00013de4       0x14 ./L4_IO/wireless/src/wireless.o
                0x00013de4                wireless_get_rx_pkt
 .text.wireless_get_ack_pkt
                0x00013df8       0x14 ./L4_IO/wireless/src/wireless.o
                0x00013df8                wireless_get_ack_pkt
 .text.wireless_service
                0x00013e0c       0x4c ./L4_IO/wireless/src/wireless.o
                0x00013e0c                wireless_service
 .text._ZN17Ultra_Sonic_4ping18echo_high_callbackEv
                0x00013e58       0x14 ./L4_IO/src/3ultrasonic_sensor_interrupts.o
                0x00013e58                Ultra_Sonic_4ping::echo_high_callback()
 *fill*         0x00013e6c        0x4 
 .text._ZN17Ultra_Sonic_4ping17echo_low_callbackEv
                0x00013e70       0x90 ./L4_IO/src/3ultrasonic_sensor_interrupts.o
                0x00013e70                Ultra_Sonic_4ping::echo_low_callback()
 .text._ZN17Ultra_Sonic_4pingD2Ev
                0x00013f00       0x14 ./L4_IO/src/3ultrasonic_sensor_interrupts.o
                0x00013f00                Ultra_Sonic_4ping::~Ultra_Sonic_4ping()
                0x00013f00                Ultra_Sonic_4ping::~Ultra_Sonic_4ping()
 .text._ZN13Sensor_FilterIddED2Ev
                0x00013f14       0x10 ./L4_IO/src/3ultrasonic_sensor_interrupts.o
                0x00013f14                Sensor_Filter<double, double>::~Sensor_Filter()
                0x00013f14                Sensor_Filter<double, double>::~Sensor_Filter()
 .text._ZN17Ultra_Sonic_4pingC2E17LPC1758_GPIO_TypeS0_i
                0x00013f24       0x90 ./L4_IO/src/3ultrasonic_sensor_interrupts.o
                0x00013f24                Ultra_Sonic_4ping::Ultra_Sonic_4ping(LPC1758_GPIO_Type, LPC1758_GPIO_Type, int)
                0x00013f24                Ultra_Sonic_4ping::Ultra_Sonic_4ping(LPC1758_GPIO_Type, LPC1758_GPIO_Type, int)
 .text._ZN17Ultra_Sonic_4ping9send_trigEv
                0x00013fb4       0x3c ./L4_IO/src/3ultrasonic_sensor_interrupts.o
                0x00013fb4                Ultra_Sonic_4ping::send_trig()
 .text._ZN17Ultra_Sonic_4ping18recieve_from_queueEv
                0x00013ff0       0x20 ./L4_IO/src/3ultrasonic_sensor_interrupts.o
                0x00013ff0                Ultra_Sonic_4ping::recieve_from_queue()
 .text._Z9bus_resetv
                0x00014010        0xc ./L4_IO/src/3ultrasonic_sensor_interrupts.o
                0x00014010                bus_reset()
 .text._Z15test_bus_off_cbm
                0x0001401c        0xc ./L4_IO/src/3ultrasonic_sensor_interrupts.o
                0x0001401c                test_bus_off_cb(unsigned long)
 .text._Z11data_ovr_cbm
                0x00014028        0x6 ./L4_IO/src/3ultrasonic_sensor_interrupts.o
                0x00014028                data_ovr_cb(unsigned long)
 *fill*         0x0001402e        0x2 
 .text._Z27interrupt_based_ping_sensorv
                0x00014030      0x140 ./L4_IO/src/3ultrasonic_sensor_interrupts.o
                0x00014030                interrupt_based_ping_sensor()
 .text._Z14ping_heartbeatv
                0x00014170       0x5c ./L4_IO/src/3ultrasonic_sensor_interrupts.o
                0x00014170                ping_heartbeat()
 .text.startup._GLOBAL__sub_I_front_ultrasonic
                0x000141cc       0xa4 ./L4_IO/src/3ultrasonic_sensor_interrupts.o
 .text._ZN4GPIOC2E17LPC1758_GPIO_Type
                0x00014270       0x4c ./L4_IO/src/gpio.o
                0x00014270                GPIO::GPIO(LPC1758_GPIO_Type)
                0x00014270                GPIO::GPIO(LPC1758_GPIO_Type)
 .text._ZN4GPIO10setAsInputEv
                0x000142bc       0x12 ./L4_IO/src/gpio.o
                0x000142bc                GPIO::setAsInput()
 .text._ZN4GPIO11setAsOutputEv
                0x000142ce       0x10 ./L4_IO/src/gpio.o
                0x000142ce                GPIO::setAsOutput()
 .text._ZN4GPIO7setHighEv
                0x000142de        0xc ./L4_IO/src/gpio.o
                0x000142de                GPIO::setHigh()
 .text._ZN4GPIO6setLowEv
                0x000142ea        0xc ./L4_IO/src/gpio.o
                0x000142ea                GPIO::setLow()
 .text._ZN4GPIO3setEb
                0x000142f6        0xa ./L4_IO/src/gpio.o
                0x000142f6                GPIO::set(bool)
 .text._ZN4GPIO12enablePullUpEv
                0x00014300       0x20 ./L4_IO/src/gpio.o
                0x00014300                GPIO::enablePullUp()
 .text._ZN4GPIO19enableOpenDrainModeEb
                0x00014320       0x2c ./L4_IO/src/gpio.o
                0x00014320                GPIO::enableOpenDrainMode(bool)
 .text._ZN4GPIOD2Ev
                0x0001434c       0x1a ./L4_IO/src/gpio.o
                0x0001434c                GPIO::~GPIO()
                0x0001434c                GPIO::~GPIO()
 .text._ZN11i2c2_device8writeRegEhh
                0x00014366       0x16 ./L4_IO/src/io_source.o
                0x00014366                i2c2_device::writeReg(unsigned char, unsigned char)
 .text._ZN11i2c2_device16get16BitRegisterEh
                0x0001437c       0x28 ./L4_IO/src/io_source.o
                0x0001437c                i2c2_device::get16BitRegister(unsigned char)
 .text._ZN19Acceleration_Sensor4initEv
                0x000143a4       0x20 ./L4_IO/src/io_source.o
                0x000143a4                Acceleration_Sensor::init()
 .text._ZN9IR_Sensor11storeIrCodeEm
                0x000143c4       0x1c ./L4_IO/src/io_source.o
                0x000143c4                IR_Sensor::storeIrCode(unsigned long)
 .text._ZN9IR_Sensor12decodeIrCodeEv
                0x000143e0       0x60 ./L4_IO/src/io_source.o
                0x000143e0                IR_Sensor::decodeIrCode()
 .text._ZN9IR_Sensor4initEv
                0x00014440       0x34 ./L4_IO/src/io_source.o
                0x00014440                IR_Sensor::init()
 .text._ZN11LED_Display12setLeftDigitEc
                0x00014474       0x18 ./L4_IO/src/io_source.o
                0x00014474                LED_Display::setLeftDigit(char)
 .text._ZN11LED_Display13setRightDigitEc
                0x0001448c       0x18 ./L4_IO/src/io_source.o
                0x0001448c                LED_Display::setRightDigit(char)
 .text._ZN11LED_Display4initEv
                0x000144a4       0x38 ./L4_IO/src/io_source.o
                0x000144a4                LED_Display::init()
 .text._ZN11LED_Display9setNumberEc
                0x000144dc       0x3c ./L4_IO/src/io_source.o
                0x000144dc                LED_Display::setNumber(char)
 .text._ZN3LED4initEv
                0x00014518        0x4 ./L4_IO/src/io_source.o
                0x00014518                LED::init()
 .text._ZN3LED6setAllEh
                0x0001451c       0x5c ./L4_IO/src/io_source.o
                0x0001451c                LED::setAll(unsigned char)
 .text._ZN3LED3offEh
                0x00014578       0x26 ./L4_IO/src/io_source.o
                0x00014578                LED::off(unsigned char)
 .text._ZN3LED6toggleEh
                0x0001459e       0x26 ./L4_IO/src/io_source.o
                0x0001459e                LED::toggle(unsigned char)
 .text._ZN12Light_Sensor4initEv
                0x000145c4        0x4 ./L4_IO/src/io_source.o
                0x000145c4                Light_Sensor::init()
 .text._ZN12Light_Sensor11getRawValueEv
                0x000145c8        0x6 ./L4_IO/src/io_source.o
                0x000145c8                Light_Sensor::getRawValue()
 .text._ZN8Switches4initEv
                0x000145ce        0x4 ./L4_IO/src/io_source.o
                0x000145ce                Switches::init()
 *fill*         0x000145d2        0x2 
 .text._ZN8Switches15getSwitchValuesEv
                0x000145d4       0x18 ./L4_IO/src/io_source.o
                0x000145d4                Switches::getSwitchValues()
 .text._ZN8I2C_Temp4initEv
                0x000145ec       0x22 ./L4_IO/src/io_source.o
                0x000145ec                I2C_Temp::init()
 .text._ZN8I2C_Temp10getCelsiusEv
                0x0001460e       0x32 ./L4_IO/src/io_source.o
                0x0001460e                I2C_Temp::getCelsius()
 .text._ZN8I2C_Temp12getFarenheitEv
                0x00014640       0x24 ./L4_IO/src/io_source.o
                0x00014640                I2C_Temp::getFarenheit()
 .text._ZN7Storage4copyEPKcS1_PjS2_S2_
                0x00014664       0xfa ./L4_IO/src/storage.o
                0x00014664                Storage::copy(char const*, char const*, unsigned int*, unsigned int*, unsigned int*)
 .text._ZN7Storage4readEPKcPvjj
                0x0001475e       0x46 ./L4_IO/src/storage.o
                0x0001475e                Storage::read(char const*, void*, unsigned int, unsigned int)
 .text._ZN7Storage5writeEPKcPvjj
                0x000147a4       0x46 ./L4_IO/src/storage.o
                0x000147a4                Storage::write(char const*, void*, unsigned int, unsigned int)
 .text._ZN7Storage6appendEPKcPKvjj
                0x000147ea       0x4a ./L4_IO/src/storage.o
                0x000147ea                Storage::append(char const*, void const*, unsigned int, unsigned int)
 .text.ff_convert
                0x00014834       0x38 ./L4_IO/fat/option/ccsbcs.o
                0x00014834                ff_convert
 .text.ff_wtoupper
                0x0001486c       0x24 ./L4_IO/fat/option/ccsbcs.o
                0x0001486c                ff_wtoupper
 .text.ff_cre_syncobj
                0x00014890       0x14 ./L4_IO/fat/option/reentrant.o
                0x00014890                ff_cre_syncobj
 .text.ff_del_syncobj
                0x000148a4        0x4 ./L4_IO/fat/option/reentrant.o
                0x000148a4                ff_del_syncobj
 .text.ff_req_grant
                0x000148a8       0x26 ./L4_IO/fat/option/reentrant.o
                0x000148a8                ff_req_grant
 .text.ff_rel_grant
                0x000148ce       0x1e ./L4_IO/fat/option/reentrant.o
                0x000148ce                ff_rel_grant
 .text.disk_initialize
                0x000148ec       0x26 ./L4_IO/fat/disk/diskio.o
                0x000148ec                disk_initialize
 .text.disk_status
                0x00014912       0x10 ./L4_IO/fat/disk/diskio.o
                0x00014912                disk_status
 .text.disk_read
                0x00014922       0x38 ./L4_IO/fat/disk/diskio.o
                0x00014922                disk_read
 .text.disk_write
                0x0001495a       0x38 ./L4_IO/fat/disk/diskio.o
                0x0001495a                disk_write
 .text.disk_ioctl
                0x00014992       0x32 ./L4_IO/fat/disk/diskio.o
                0x00014992                disk_ioctl
 .text.sys_get_uptime_ms
                0x000149c4       0x12 ./L4_IO/fat/disk/sd.o
 *fill*         0x000149d6        0x2 
 .text.ssp_set_max_clock.constprop.2
                0x000149d8       0x30 ./L4_IO/fat/disk/sd.o
 .text.ssp1_exchange_byte
                0x00014a08       0x18 ./L4_IO/fat/disk/sd.o
 .text.wait_ready
                0x00014a20       0x2e ./L4_IO/fat/disk/sd.o
                0x00014a20                wait_ready
 *fill*         0x00014a4e        0x2 
 .text.power_off
                0x00014a50       0x24 ./L4_IO/fat/disk/sd.o
                0x00014a50                power_off
 .text.rcvr_datablock
                0x00014a74       0x84 ./L4_IO/fat/disk/sd.o
                0x00014a74                rcvr_datablock
 .text.xmit_datablock
                0x00014af8       0x4c ./L4_IO/fat/disk/sd.o
                0x00014af8                xmit_datablock
 .text.send_cmd
                0x00014b44       0x8c ./L4_IO/fat/disk/sd.o
                0x00014b44                send_cmd
 .text.sd_update_card_status
                0x00014bd0       0x24 ./L4_IO/fat/disk/sd.o
                0x00014bd0                sd_update_card_status
 .text.sd_initialize
                0x00014bf4      0x15c ./L4_IO/fat/disk/sd.o
                0x00014bf4                sd_initialize
 .text.sd_status
                0x00014d50       0x10 ./L4_IO/fat/disk/sd.o
                0x00014d50                sd_status
 .text.sd_read  0x00014d60       0x9c ./L4_IO/fat/disk/sd.o
                0x00014d60                sd_read
 .text.sd_write
                0x00014dfc       0xb4 ./L4_IO/fat/disk/sd.o
                0x00014dfc                sd_write
 .text.sd_ioctl
                0x00014eb0      0x228 ./L4_IO/fat/disk/sd.o
                0x00014eb0                sd_ioctl
 .text._ZL24flash_get_mem_size_bytesv
                0x000150d8       0x20 ./L4_IO/fat/disk/spi_flash.o
 .text._ZL37flash_perform_page_io_of_fatfs_sectorPFvPhmmES_m
                0x000150f8       0x74 ./L4_IO/fat/disk/spi_flash.o
 .text.ssp1_exchange_data
                0x0001516c       0xcc ./L4_IO/fat/disk/spi_flash.o
 .text._ZL18flash_send_op_addr14flash_opcode_tm
                0x00015238       0x24 ./L4_IO/fat/disk/spi_flash.o
 .text._ZL15flash_read_pagePhmm
                0x0001525c       0x44 ./L4_IO/fat/disk/spi_flash.o
 .text._ZL20flash_wait_for_readyv
                0x000152a0       0x40 ./L4_IO/fat/disk/spi_flash.o
 .text.flash_initialize
                0x000152e0       0x98 ./L4_IO/fat/disk/spi_flash.o
                0x000152e0                flash_initialize
 .text.flash_read_sectors
                0x00015378       0x4c ./L4_IO/fat/disk/spi_flash.o
                0x00015378                flash_read_sectors
 .text.flash_write_sectors
                0x000153c4       0x48 ./L4_IO/fat/disk/spi_flash.o
                0x000153c4                flash_write_sectors
 .text.flash_ioctl
                0x0001540c       0x38 ./L4_IO/fat/disk/spi_flash.o
                0x0001540c                flash_ioctl
 .text.flash_write_permanent_id
                0x00015444       0x44 ./L4_IO/fat/disk/spi_flash.o
                0x00015444                flash_write_permanent_id
 .text.flash_read_permanent_id
                0x00015488       0x28 ./L4_IO/fat/disk/spi_flash.o
                0x00015488                flash_read_permanent_id
 .text.flash_get_page_count
                0x000154b0       0x20 ./L4_IO/fat/disk/spi_flash.o
                0x000154b0                flash_get_page_count
 .text.flash_get_page_size
                0x000154d0        0xc ./L4_IO/fat/disk/spi_flash.o
                0x000154d0                flash_get_page_size
 .text.flash_supports_metadata
                0x000154dc       0x10 ./L4_IO/fat/disk/spi_flash.o
                0x000154dc                flash_supports_metadata
 .text._ZL16flash_write_pagePhmm
                0x000154ec       0x8c ./L4_IO/fat/disk/spi_flash.o
 .text.flash_get_page_write_count
                0x00015578       0x54 ./L4_IO/fat/disk/spi_flash.o
                0x00015578                flash_get_page_write_count
 .text.flash_chip_erase
                0x000155cc       0x28 ./L4_IO/fat/disk/spi_flash.o
                0x000155cc                flash_chip_erase
 .text.get_fattime
                0x000155f4       0x52 ./L4_IO/fat/fatfs_time.o
                0x000155f4                get_fattime
 .text.mem_cpy  0x00015646       0x38 ./L4_IO/fat/ff.o
 .text.mem_set  0x0001567e        0xe ./L4_IO/fat/ff.o
 .text.sum_sfn  0x0001568c       0x1e ./L4_IO/fat/ff.o
 .text.get_ldnumber
                0x000156aa       0x3e ./L4_IO/fat/ff.o
 .text.get_fileinfo
                0x000156e8       0xc0 ./L4_IO/fat/ff.o
 .text.sync_window
                0x000157a8       0x4a ./L4_IO/fat/ff.o
 *fill*         0x000157f2        0x2 
 .text.sync_fs  0x000157f4       0x78 ./L4_IO/fat/ff.o
 .text.move_window
                0x0001586c       0x34 ./L4_IO/fat/ff.o
 .text.check_fs
                0x000158a0       0x4c ./L4_IO/fat/ff.o
 .text.find_volume
                0x000158ec      0x220 ./L4_IO/fat/ff.o
 .text.validate
                0x00015b0c       0x3a ./L4_IO/fat/ff.o
 .text.unlock_fs
                0x00015b46       0x1a ./L4_IO/fat/ff.o
 .text.clust2sect
                0x00015b60       0x16 ./L4_IO/fat/ff.o
                0x00015b60                clust2sect
 .text.get_fat  0x00015b76       0xa6 ./L4_IO/fat/ff.o
                0x00015b76                get_fat
 .text.dir_sdi  0x00015c1c       0x82 ./L4_IO/fat/ff.o
 .text.put_fat  0x00015c9e       0xd0 ./L4_IO/fat/ff.o
                0x00015c9e                put_fat
 .text.create_chain
                0x00015d6e       0xa2 ./L4_IO/fat/ff.o
 .text.dir_next
                0x00015e10       0xee ./L4_IO/fat/ff.o
 *fill*         0x00015efe        0x2 
 .text.dir_find
                0x00015f00      0x12c ./L4_IO/fat/ff.o
 .text.follow_path
                0x0001602c      0x25c ./L4_IO/fat/ff.o
 .text.dir_register
                0x00016288      0x208 ./L4_IO/fat/ff.o
 .text.dir_remove
                0x00016490       0x5a ./L4_IO/fat/ff.o
 *fill*         0x000164ea        0x2 
 .text.dir_read.constprop.11
                0x000164ec       0xe0 ./L4_IO/fat/ff.o
 .text.remove_chain
                0x000165cc       0x5a ./L4_IO/fat/ff.o
 *fill*         0x00016626        0x2 
 .text.f_mount  0x00016628       0x7c ./L4_IO/fat/ff.o
                0x00016628                f_mount
 .text.f_open   0x000166a4      0x132 ./L4_IO/fat/ff.o
                0x000166a4                f_open
 .text.f_read   0x000167d6      0x17c ./L4_IO/fat/ff.o
                0x000167d6                f_read
 .text.f_write  0x00016952      0x1a8 ./L4_IO/fat/ff.o
                0x00016952                f_write
 .text.f_sync   0x00016afa       0x8c ./L4_IO/fat/ff.o
                0x00016afa                f_sync
 .text.f_close  0x00016b86       0x24 ./L4_IO/fat/ff.o
                0x00016b86                f_close
 .text.f_lseek  0x00016baa      0x14c ./L4_IO/fat/ff.o
                0x00016baa                f_lseek
 .text.f_opendir
                0x00016cf6       0x88 ./L4_IO/fat/ff.o
                0x00016cf6                f_opendir
 .text.f_readdir
                0x00016d7e       0x5e ./L4_IO/fat/ff.o
                0x00016d7e                f_readdir
 .text.f_getfree
                0x00016ddc       0xca ./L4_IO/fat/ff.o
                0x00016ddc                f_getfree
 .text.f_unlink
                0x00016ea6       0xba ./L4_IO/fat/ff.o
                0x00016ea6                f_unlink
 .text.f_mkdir  0x00016f60      0x154 ./L4_IO/fat/ff.o
                0x00016f60                f_mkdir
 .text.f_rename
                0x000170b4      0x120 ./L4_IO/fat/ff.o
                0x000170b4                f_rename
 .text.f_mkfs   0x000171d4      0x4f0 ./L4_IO/fat/ff.o
                0x000171d4                f_mkfs
 .text.c_list_for_each_elm
                0x000176c4       0x2a ./L3_Utils/src/c_list.o
                0x000176c4                c_list_for_each_elm
 *fill*         0x000176ee        0x2 
 .text._ZN16CommandProcessor10addHandlerEPFbR3strR7CharDevPvEPKcS8_S4_
                0x000176f0       0x7c ./L3_Utils/src/command_handler.o
                0x000176f0                CommandProcessor::addHandler(bool (*)(str&, CharDev&, void*), char const*, char const*, void*)
 .text._ZN16CommandProcessor24getRegisteredCommandListER7CharDev
                0x0001776c       0x9c ./L3_Utils/src/command_handler.o
                0x0001776c                CommandProcessor::getRegisteredCommandList(CharDev&)
 .text._ZN16CommandProcessor11getHelpTextER3strR7CharDev
                0x00017808       0x70 ./L3_Utils/src/command_handler.o
                0x00017808                CommandProcessor::getHelpText(str&, CharDev&)
 .text._ZN16CommandProcessor15prepareCmdParamER3strPKc
                0x00017878       0x3c ./L3_Utils/src/command_handler.o
                0x00017878                CommandProcessor::prepareCmdParam(str&, char const*)
 .text._ZN16CommandProcessor13handleCommandER3strR7CharDev
                0x000178b4      0x144 ./L3_Utils/src/command_handler.o
                0x000178b4                CommandProcessor::handleCommand(str&, CharDev&)
 .text.logger_get_buffer_ptr
                0x000179f8       0x44 ./L3_Utils/src/file_logger.o
 .text.logger_write_to_file
                0x00017a3c       0xb0 ./L3_Utils/src/file_logger.o
 .text.logger_task
                0x00017aec       0xc0 ./L3_Utils/src/file_logger.o
 .text.logger_write_log_message
                0x00017bac       0x4c ./L3_Utils/src/file_logger.o
 .text.logger_send_flush_request
                0x00017bf8       0x34 ./L3_Utils/src/file_logger.o
                0x00017bf8                logger_send_flush_request
 .text.logger_get_logged_call_count
                0x00017c2c       0x14 ./L3_Utils/src/file_logger.o
                0x00017c2c                logger_get_logged_call_count
 .text.logger_get_blocked_call_count
                0x00017c40        0xc ./L3_Utils/src/file_logger.o
                0x00017c40                logger_get_blocked_call_count
 .text.logger_get_highest_file_write_time_ms
                0x00017c4c        0xc ./L3_Utils/src/file_logger.o
                0x00017c4c                logger_get_highest_file_write_time_ms
 .text.logger_get_num_buffers_watermark
                0x00017c58        0xc ./L3_Utils/src/file_logger.o
                0x00017c58                logger_get_num_buffers_watermark
 .text.logger_init
                0x00017c64       0xd8 ./L3_Utils/src/file_logger.o
                0x00017c64                logger_init
 .text.logger_set_printf
                0x00017d3c       0x1c ./L3_Utils/src/file_logger.o
                0x00017d3c                logger_set_printf
 .text.logger_log
                0x00017d58      0x138 ./L3_Utils/src/file_logger.o
                0x00017d58                logger_log
 .text.logger_log_raw
                0x00017e90       0x40 ./L3_Utils/src/file_logger.o
                0x00017e90                logger_log_raw
 .text.u0_dbg_put
                0x00017ed0       0x1e ./L3_Utils/src/printf_lib.o
                0x00017ed0                u0_dbg_put
 .text.u0_dbg_printf
                0x00017eee       0x3c ./L3_Utils/src/printf_lib.o
                0x00017eee                u0_dbg_printf
 .text.for_each_recur_alarm_callback
                0x00017f2a       0x26 ./L3_Utils/src/rtc_alarm.o
 .text.for_each_alarm_callback
                0x00017f50       0x5c ./L3_Utils/src/rtc_alarm.o
 .text.RTC_IRQHandler
                0x00017fac       0xa4 ./L3_Utils/src/rtc_alarm.o
                0x00017fac                RTC_IRQHandler
 .text._ZL9printlinePKcS0_
                0x00018050       0xac ./L3_Utils/src/scheduler_task.o
 .text._ZL9dbg_printPKcS0_
                0x000180fc       0x74 ./L3_Utils/src/scheduler_task.o
 .text._Z24scheduler_c_task_privatePv
                0x00018170      0x118 ./L3_Utils/src/scheduler_task.o
                0x00018170                scheduler_c_task_private(void*)
 .text._Z18scheduler_init_allb
                0x00018288       0xec ./L3_Utils/src/scheduler_task.o
                0x00018288                scheduler_init_all(bool)
 .text._Z18scheduler_add_taskP14scheduler_task
                0x00018374       0x1c ./L3_Utils/src/scheduler_task.o
                0x00018374                scheduler_add_task(scheduler_task*)
 .text._Z15scheduler_startbb
                0x00018390       0x44 ./L3_Utils/src/scheduler_task.o
                0x00018390                scheduler_start(bool, bool)
 .text._ZN14scheduler_taskC2EPKcmhPv
                0x000183d4       0x34 ./L3_Utils/src/scheduler_task.o
                0x000183d4                scheduler_task::scheduler_task(char const*, unsigned long, unsigned char, void*)
                0x000183d4                scheduler_task::scheduler_task(char const*, unsigned long, unsigned char, void*)
 .text._ZN14scheduler_task15getSharedObjectEh
                0x00018408       0x18 ./L3_Utils/src/scheduler_task.o
                0x00018408                scheduler_task::getSharedObject(unsigned char)
 .text._ZN3strC2EPci
                0x00018420       0x2c ./L3_Utils/src/str.o
                0x00018420                str::str(char*, int)
                0x00018420                str::str(char*, int)
 .text._ZN3strD2Ev
                0x0001844c       0x24 ./L3_Utils/src/str.o
                0x0001844c                str::~str()
                0x0001844c                str::~str()
 .text._ZNK3str6getLenEv
                0x00018470        0x6 ./L3_Utils/src/str.o
                0x00018470                str::getLen() const
 .text._ZNK3str11getCapacityEv
                0x00018476        0x4 ./L3_Utils/src/str.o
                0x00018476                str::getCapacity() const
 .text._ZN3str5clearEv
                0x0001847a        0x8 ./L3_Utils/src/str.o
                0x0001847a                str::clear()
 .text._ZN3str5scanfEPKcz
                0x00018482       0x1c ./L3_Utils/src/str.o
                0x00018482                str::scanf(char const*, ...)
 .text._ZN3str8tokenizeEPKciz
                0x0001849e       0x4c ./L3_Utils/src/str.o
                0x0001849e                str::tokenize(char const*, int, ...)
 .text._ZNK3str9compareToEPKc
                0x000184ea       0x14 ./L3_Utils/src/str.o
                0x000184ea                str::compareTo(char const*) const
 .text._ZNK3str19compareToIgnoreCaseEPKc
                0x000184fe       0x10 ./L3_Utils/src/str.o
                0x000184fe                str::compareToIgnoreCase(char const*) const
 .text._ZNK3str22firstIndexOfIgnoreCaseEPKc
                0x0001850e       0x80 ./L3_Utils/src/str.o
                0x0001850e                str::firstIndexOfIgnoreCase(char const*) const
 .text._ZNK3str18containsIgnoreCaseEPKc
                0x0001858e        0xe ./L3_Utils/src/str.o
                0x0001858e                str::containsIgnoreCase(char const*) const
 .text._ZNK3str12firstIndexOfEPKc
                0x0001859c       0x16 ./L3_Utils/src/str.o
                0x0001859c                str::firstIndexOf(char const*) const
 .text._ZNK3str10beginsWithEPKc
                0x000185b2       0x2e ./L3_Utils/src/str.o
                0x000185b2                str::beginsWith(char const*) const
 .text._ZNK3str20beginsWithIgnoreCaseEPKc
                0x000185e0       0x2e ./L3_Utils/src/str.o
                0x000185e0                str::beginsWithIgnoreCase(char const*) const
 .text._ZNK3str29beginsWithWholeWordIgnoreCaseEPKcc
                0x0001860e       0x38 ./L3_Utils/src/str.o
                0x0001860e                str::beginsWithWholeWordIgnoreCase(char const*, char) const
 .text._ZN3str10eraseFirstEi
                0x00018646       0x28 ./L3_Utils/src/str.o
                0x00018646                str::eraseFirst(int)
 .text._ZN3str9eraseLastEi
                0x0001866e       0x20 ./L3_Utils/src/str.o
                0x0001866e                str::eraseLast(int)
 .text._ZN3str10eraseAfterEii
                0x0001868e       0x38 ./L3_Utils/src/str.o
                0x0001868e                str::eraseAfter(int, int)
 .text._ZN3str5eraseEPKc
                0x000186c6       0x28 ./L3_Utils/src/str.o
                0x000186c6                str::erase(char const*)
 .text._ZN3str15eraseFirstWordsEic
                0x000186ee       0x2a ./L3_Utils/src/str.o
                0x000186ee                str::eraseFirstWords(int, char)
 .text._ZN3str9trimStartEPKc
                0x00018718       0x40 ./L3_Utils/src/str.o
                0x00018718                str::trimStart(char const*)
 .text._ZN3str7trimEndEPKc
                0x00018758       0x3a ./L3_Utils/src/str.o
                0x00018758                str::trimEnd(char const*)
 .text._ZNK3streqEPKc
                0x00018792        0x4 ./L3_Utils/src/str.o
                0x00018792                str::operator==(char const*) const
 .text._ZNK3strclEv
                0x00018796        0x4 ./L3_Utils/src/str.o
                0x00018796                str::operator()() const
 .text._ZNK3strcviEv
                0x0001879a        0x6 ./L3_Utils/src/str.o
                0x0001879a                str::operator int() const
 .text._ZN3strixEi
                0x000187a0       0x14 ./L3_Utils/src/str.o
                0x000187a0                str::operator[](int)
 .text._ZN3str13reAllocateMemEi
                0x000187b4       0x4c ./L3_Utils/src/str.o
                0x000187b4                str::reAllocateMem(int)
 .text._ZN3str4initEi
                0x00018800       0x10 ./L3_Utils/src/str.o
                0x00018800                str::init(int)
 .text._ZN3strC2Ei
                0x00018810        0xc ./L3_Utils/src/str.o
                0x00018810                str::str(int)
                0x00018810                str::str(int)
 .text._ZN3str7reserveEi
                0x0001881c        0xe ./L3_Utils/src/str.o
                0x0001881c                str::reserve(int)
 .text._ZN3str6printfEPKcz
                0x0001882a       0x42 ./L3_Utils/src/str.o
                0x0001882a                str::printf(char const*, ...)
 .text._ZN3str26ensureMemoryToInsertNCharsEi
                0x0001886c       0x22 ./L3_Utils/src/str.o
                0x0001886c                str::ensureMemoryToInsertNChars(int)
 .text._ZN3str11insertAtEndEPKc
                0x0001888e       0x22 ./L3_Utils/src/str.o
                0x0001888e                str::insertAtEnd(char const*)
 .text._ZN3strpLEc
                0x000188b0       0x1a ./L3_Utils/src/str.o
                0x000188b0                str::operator+=(char)
 .text._ZN3str8copyFromEPKc
                0x000188ca       0x3c ./L3_Utils/src/str.o
                0x000188ca                str::copyFrom(char const*)
 .text._ZN3straSEPKc
                0x00018906        0x4 ./L3_Utils/src/str.o
                0x00018906                str::operator=(char const*)
 .text.delay_us
                0x0001890a       0x1c ./L3_Utils/src/utilities.o
                0x0001890a                delay_us
 .text.is_freertos_running
                0x00018926        0xe ./L3_Utils/src/utilities.o
                0x00018926                is_freertos_running
 .text.delay_ms
                0x00018934       0x22 ./L3_Utils/src/utilities.o
                0x00018934                delay_ms
 *fill*         0x00018956        0x2 
 .text.adc0_start_conversion
                0x00018958       0x24 ./L2_Drivers/src/adc.o
 .text.ADC_IRQHandler
                0x0001897c       0x3c ./L2_Drivers/src/adc.o
                0x0001897c                ADC_IRQHandler
 .text.adc0_init
                0x000189b8       0x74 ./L2_Drivers/src/adc.o
                0x000189b8                adc0_init
 .text.adc0_get_reading
                0x00018a2c       0x78 ./L2_Drivers/src/adc.o
                0x00018a2c                adc0_get_reading
 .text.CAN_tx_now
                0x00018aa4       0x32 ./L2_Drivers/src/can.o
 *fill*         0x00018ad6        0x2 
 .text.CAN_handle_isr
                0x00018ad8       0xa4 ./L2_Drivers/src/can.o
 .text.CAN_IRQHandler
                0x00018b7c       0x28 ./L2_Drivers/src/can.o
                0x00018b7c                CAN_IRQHandler
 .text.CAN_init
                0x00018ba4      0x18c ./L2_Drivers/src/can.o
                0x00018ba4                CAN_init
 .text.CAN_is_bus_off
                0x00018d30       0x1c ./L2_Drivers/src/can.o
                0x00018d30                CAN_is_bus_off
 .text.CAN_tx   0x00018d4c       0xa8 ./L2_Drivers/src/can.o
                0x00018d4c                CAN_tx
 .text.CAN_reset_bus
                0x00018df4       0x18 ./L2_Drivers/src/can.o
                0x00018df4                CAN_reset_bus
 .text.handle_eint_list
                0x00018e0c       0x2c ./L2_Drivers/src/eint.o
 .text.eint3_enable.isra.0
                0x00018e38       0x38 ./L2_Drivers/src/eint.o
 .text.EINT3_IRQHandler
                0x00018e70       0x80 ./L2_Drivers/src/eint.o
                0x00018e70                EINT3_IRQHandler
 .text.eint3_enable_port0
                0x00018ef0       0x30 ./L2_Drivers/src/eint.o
                0x00018ef0                eint3_enable_port0
 .text.eint3_enable_port2
                0x00018f20       0x30 ./L2_Drivers/src/eint.o
                0x00018f20                eint3_enable_port2
 .text._ZN4I2C24initEj
                0x00018f50       0x6c ./L2_Drivers/src/i2c2.o
                0x00018f50                I2C2::init(unsigned int)
 .text._ZN4I2C2C2Ev
                0x00018fbc       0x14 ./L2_Drivers/src/i2c2.o
                0x00018fbc                I2C2::I2C2()
                0x00018fbc                I2C2::I2C2()
 .text.I2C2_IRQHandler
                0x00018fd0       0x24 ./L2_Drivers/src/i2c2.o
                0x00018fd0                I2C2_IRQHandler
 .text.RIT_IRQHandler
                0x00018ff4       0x1c ./L2_Drivers/src/lpc_rit.o
                0x00018ff4                RIT_IRQHandler
 .text.lpc_timer_get_struct
                0x00019010       0x20 ./L2_Drivers/src/lpc_timers.o
 .text.lpc_timer_enable
                0x00019030       0x50 ./L2_Drivers/src/lpc_timers.o
                0x00019030                lpc_timer_enable
 .text._ZN12NordicStream5flushEv
                0x00019080       0x62 ./L2_Drivers/src/nrf_stream.o
                0x00019080                NordicStream::flush()
 *fill*         0x000190e2        0x2 
 .text._ZN12NordicStreamD2Ev
                0x000190e4       0x14 ./L2_Drivers/src/nrf_stream.o
                0x000190e4                NordicStream::~NordicStream()
                0x000190e4                NordicStream::~NordicStream()
 .text._ZN12NordicStreamD0Ev
                0x000190f8       0x12 ./L2_Drivers/src/nrf_stream.o
                0x000190f8                NordicStream::~NordicStream()
 .text._ZN12NordicStream7putCharEcj
                0x0001910a       0x22 ./L2_Drivers/src/nrf_stream.o
                0x0001910a                NordicStream::putChar(char, unsigned int)
 .text._ZN12NordicStream7getCharEPcj
                0x0001912c       0x40 ./L2_Drivers/src/nrf_stream.o
                0x0001912c                NordicStream::getChar(char*, unsigned int)
 .text._ZN12NordicStreamC2Ev
                0x0001916c       0x40 ./L2_Drivers/src/nrf_stream.o
                0x0001916c                NordicStream::NordicStream()
                0x0001916c                NordicStream::NordicStream()
 .text.rtc_gettime
                0x000191ac       0x50 ./L2_Drivers/src/rtc.o
                0x000191ac                rtc_gettime
 .text.rtc_settime
                0x000191fc       0x68 ./L2_Drivers/src/rtc.o
                0x000191fc                rtc_settime
 .text.rtc_init
                0x00019264       0xd0 ./L2_Drivers/src/rtc.o
                0x00019264                rtc_init
 .text.rtc_get_date_time_str
                0x00019334       0x14 ./L2_Drivers/src/rtc.o
                0x00019334                rtc_get_date_time_str
 .text.ssp1_dma_init
                0x00019348       0x1c ./L2_Drivers/src/spi_dma.o
                0x00019348                ssp1_dma_init
 .text.ssp1_dma_transfer_block
                0x00019364       0xc4 ./L2_Drivers/src/spi_dma.o
                0x00019364                ssp1_dma_transfer_block
 .text.spi1_lock
                0x00019428       0x30 ./L2_Drivers/src/spi_sem.o
                0x00019428                spi1_lock
 .text.spi1_unlock
                0x00019458       0x24 ./L2_Drivers/src/spi_sem.o
                0x00019458                spi1_unlock
 .text._ZN5Uart0D2Ev
                0x0001947c       0x14 ./L2_Drivers/src/uart0.o
                0x0001947c                Uart0::~Uart0()
                0x0001947c                Uart0::~Uart0()
 .text._ZN5Uart0D0Ev
                0x00019490       0x12 ./L2_Drivers/src/uart0.o
                0x00019490                Uart0::~Uart0()
 *fill*         0x000194a2        0x2 
 .text._ZN5Uart04initEjii
                0x000194a4       0x40 ./L2_Drivers/src/uart0.o
                0x000194a4                Uart0::init(unsigned int, int, int)
 .text._ZN5Uart0C2Ev
                0x000194e4       0x1c ./L2_Drivers/src/uart0.o
                0x000194e4                Uart0::Uart0()
                0x000194e4                Uart0::Uart0()
 .text.UART0_IRQHandler
                0x00019500       0x24 ./L2_Drivers/src/uart0.o
                0x00019500                UART0_IRQHandler
 .text._ZN5Uart2D2Ev
                0x00019524       0x14 ./L2_Drivers/src/uart2.o
                0x00019524                Uart2::~Uart2()
                0x00019524                Uart2::~Uart2()
 .text._ZN5Uart2D0Ev
                0x00019538       0x12 ./L2_Drivers/src/uart2.o
                0x00019538                Uart2::~Uart2()
 *fill*         0x0001954a        0x2 
 .text._ZN5Uart2C2Ev
                0x0001954c       0x1c ./L2_Drivers/src/uart2.o
                0x0001954c                Uart2::Uart2()
                0x0001954c                Uart2::Uart2()
 .text.UART2_IRQHandler
                0x00019568       0x24 ./L2_Drivers/src/uart2.o
                0x00019568                UART2_IRQHandler
 .text._ZN5Uart3D2Ev
                0x0001958c       0x14 ./L2_Drivers/src/uart3.o
                0x0001958c                Uart3::~Uart3()
                0x0001958c                Uart3::~Uart3()
 .text._ZN5Uart3D0Ev
                0x000195a0       0x12 ./L2_Drivers/src/uart3.o
                0x000195a0                Uart3::~Uart3()
 *fill*         0x000195b2        0x2 
 .text._ZN5Uart3C2Ev
                0x000195b4       0x1c ./L2_Drivers/src/uart3.o
                0x000195b4                Uart3::Uart3()
                0x000195b4                Uart3::Uart3()
 .text.UART3_IRQHandler
                0x000195d0       0x24 ./L2_Drivers/src/uart3.o
                0x000195d0                UART3_IRQHandler
 .text._ZN7CharDev5flushEv
                0x000195f4        0x4 ./L2_Drivers/base/char_dev.o
                0x000195f4                CharDev::flush()
 .text._ZN7CharDev3putEPKcj
                0x000195f8       0x26 ./L2_Drivers/base/char_dev.o
                0x000195f8                CharDev::put(char const*, unsigned int)
 *fill*         0x0001961e        0x2 
 .text._ZN7CharDev7putlineEPKcj
                0x00019620       0x1c ./L2_Drivers/base/char_dev.o
                0x00019620                CharDev::putline(char const*, unsigned int)
 .text._ZN7CharDev4getsEPcij
                0x0001963c       0x50 ./L2_Drivers/base/char_dev.o
                0x0001963c                CharDev::gets(char*, int, unsigned int)
 .text._ZN7CharDev6printfEPKcz
                0x0001968c       0x78 ./L2_Drivers/base/char_dev.o
                0x0001968c                CharDev::printf(char const*, ...)
 .text._ZN7CharDevC2Ev
                0x00019704       0x20 ./L2_Drivers/base/char_dev.o
                0x00019704                CharDev::CharDev()
                0x00019704                CharDev::CharDev()
 .text._ZN7CharDevD2Ev
                0x00019724       0x18 ./L2_Drivers/base/char_dev.o
                0x00019724                CharDev::~CharDev()
                0x00019724                CharDev::~CharDev()
 .text._ZN8I2C_Base8transferEhhPhm
                0x0001973c       0xda ./L2_Drivers/base/i2c_base.o
                0x0001973c                I2C_Base::transfer(unsigned char, unsigned char, unsigned char*, unsigned long)
 .text._ZN8I2C_Base13readRegistersEhhPhm
                0x00019816        0x8 ./L2_Drivers/base/i2c_base.o
                0x00019816                I2C_Base::readRegisters(unsigned char, unsigned char, unsigned char*, unsigned long)
 .text._ZN8I2C_Base7readRegEhh
                0x0001981e       0x1a ./L2_Drivers/base/i2c_base.o
                0x0001981e                I2C_Base::readReg(unsigned char, unsigned char)
 .text._ZN8I2C_Base14writeRegistersEhhPhm
                0x00019838        0x8 ./L2_Drivers/base/i2c_base.o
                0x00019838                I2C_Base::writeRegisters(unsigned char, unsigned char, unsigned char*, unsigned long)
 .text._ZN8I2C_Base8writeRegEhhh
                0x00019840       0x16 ./L2_Drivers/base/i2c_base.o
                0x00019840                I2C_Base::writeReg(unsigned char, unsigned char, unsigned char)
 .text._ZN8I2C_Base19checkDeviceResponseEh
                0x00019856       0x16 ./L2_Drivers/base/i2c_base.o
                0x00019856                I2C_Base::checkDeviceResponse(unsigned char)
 .text._ZN8I2C_BaseC2EP15LPC_I2C_TypeDef
                0x0001986c       0x5c ./L2_Drivers/base/i2c_base.o
                0x0001986c                I2C_Base::I2C_Base(LPC_I2C_TypeDef*)
                0x0001986c                I2C_Base::I2C_Base(LPC_I2C_TypeDef*)
 .text._ZN8I2C_Base4initEmm
                0x000198c8       0x8c ./L2_Drivers/base/i2c_base.o
                0x000198c8                I2C_Base::init(unsigned long, unsigned long)
 .text._ZN8I2C_Base15i2cStateMachineEv
                0x00019954      0x122 ./L2_Drivers/base/i2c_base.o
                0x00019954                I2C_Base::i2cStateMachine()
 *fill*         0x00019a76        0x2 
 .text._ZN8I2C_Base15handleInterruptEv
                0x00019a78       0x30 ./L2_Drivers/base/i2c_base.o
                0x00019a78                I2C_Base::handleInterrupt()
 .text._ZN7UartDevD2Ev
                0x00019aa8       0x14 ./L2_Drivers/base/uart_dev.o
                0x00019aa8                UartDev::~UartDev()
                0x00019aa8                UartDev::~UartDev()
 .text._ZN7UartDevD0Ev
                0x00019abc       0x12 ./L2_Drivers/base/uart_dev.o
                0x00019abc                UartDev::~UartDev()
 .text._ZN7UartDev7putCharEcj
                0x00019ace       0x5a ./L2_Drivers/base/uart_dev.o
                0x00019ace                UartDev::putChar(char, unsigned int)
 .text._ZN7UartDev5flushEv
                0x00019b28       0x20 ./L2_Drivers/base/uart_dev.o
                0x00019b28                UartDev::flush()
 .text._ZN7UartDev7getCharEPcj
                0x00019b48       0x6c ./L2_Drivers/base/uart_dev.o
                0x00019b48                UartDev::getChar(char*, unsigned int)
 .text._ZN7UartDev11setBaudRateEj
                0x00019bb4       0x3c ./L2_Drivers/base/uart_dev.o
                0x00019bb4                UartDev::setBaudRate(unsigned int)
 .text._ZN7UartDev15handleInterruptEv
                0x00019bf0       0xb4 ./L2_Drivers/base/uart_dev.o
                0x00019bf0                UartDev::handleInterrupt()
 .text._ZN7UartDevC2EPj
                0x00019ca4       0x28 ./L2_Drivers/base/uart_dev.o
                0x00019ca4                UartDev::UartDev(unsigned int*)
                0x00019ca4                UartDev::UartDev(unsigned int*)
 .text._ZN7UartDev4initEjjii
                0x00019ccc       0xb0 ./L2_Drivers/base/uart_dev.o
                0x00019ccc                UartDev::init(unsigned int, unsigned int, int, int)
 .text.vListInitialise
                0x00019d7c       0x16 ./L1_FreeRTOS/src/list.o
                0x00019d7c                vListInitialise
 .text.vListInitialiseItem
                0x00019d92        0x6 ./L1_FreeRTOS/src/list.o
                0x00019d92                vListInitialiseItem
 .text.vListInsertEnd
                0x00019d98       0x18 ./L1_FreeRTOS/src/list.o
                0x00019d98                vListInsertEnd
 .text.vListInsert
                0x00019db0       0x30 ./L1_FreeRTOS/src/list.o
                0x00019db0                vListInsert
 .text.uxListRemove
                0x00019de0       0x20 ./L1_FreeRTOS/src/list.o
                0x00019de0                uxListRemove
 .text.prvCopyDataToQueue
                0x00019e00       0x6a ./L1_FreeRTOS/src/queue.o
 .text.prvNotifyQueueSetContainer
                0x00019e6a       0x36 ./L1_FreeRTOS/src/queue.o
 .text.prvCopyDataFromQueue
                0x00019ea0       0x28 ./L1_FreeRTOS/src/queue.o
 .text.prvUnlockQueue
                0x00019ec8       0x78 ./L1_FreeRTOS/src/queue.o
 .text.pvPortMalloc
                0x00019f40       0x1e ./L1_FreeRTOS/src/queue.o
                0x00019f40                pvPortMalloc
 .text.vPortFree
                0x00019f5e       0x1a ./L1_FreeRTOS/src/queue.o
                0x00019f5e                vPortFree
 .text.xQueueGenericReset
                0x00019f78       0x5a ./L1_FreeRTOS/src/queue.o
                0x00019f78                xQueueGenericReset
 .text.xQueueGenericCreate
                0x00019fd2       0x50 ./L1_FreeRTOS/src/queue.o
                0x00019fd2                xQueueGenericCreate
 .text.xQueueCreateCountingSemaphore
                0x0001a022       0x12 ./L1_FreeRTOS/src/queue.o
                0x0001a022                xQueueCreateCountingSemaphore
 .text.xQueueGenericSend
                0x0001a034       0xe6 ./L1_FreeRTOS/src/queue.o
                0x0001a034                xQueueGenericSend
 .text.xQueueCreateMutex
                0x0001a11a       0x4c ./L1_FreeRTOS/src/queue.o
                0x0001a11a                xQueueCreateMutex
 .text.xQueueGenericSendFromISR
                0x0001a166       0x76 ./L1_FreeRTOS/src/queue.o
                0x0001a166                xQueueGenericSendFromISR
 .text.xQueueGenericReceive
                0x0001a1dc      0x102 ./L1_FreeRTOS/src/queue.o
                0x0001a1dc                xQueueGenericReceive
 .text.xQueueReceiveFromISR
                0x0001a2de       0x52 ./L1_FreeRTOS/src/queue.o
                0x0001a2de                xQueueReceiveFromISR
 .text.uxQueueMessagesWaiting
                0x0001a330       0x12 ./L1_FreeRTOS/src/queue.o
                0x0001a330                uxQueueMessagesWaiting
 .text.uxQueueMessagesWaitingFromISR
                0x0001a342        0x4 ./L1_FreeRTOS/src/queue.o
                0x0001a342                uxQueueMessagesWaitingFromISR
 .text.xQueueSelectFromSet
                0x0001a346       0x18 ./L1_FreeRTOS/src/queue.o
                0x0001a346                xQueueSelectFromSet
 .text.prvResetRunTimeStatsInList
                0x0001a35e       0x2e ./L1_FreeRTOS/src/tasks.o
 .text.prvIdleTask
                0x0001a38c       0x18 ./L1_FreeRTOS/src/tasks.o
 .text.prvListTaskWithinSingleList
                0x0001a3a4       0x9e ./L1_FreeRTOS/src/tasks.o
 *fill*         0x0001a442        0x2 
 .text.prvResetNextTaskUnblockTime
                0x0001a444       0x24 ./L1_FreeRTOS/src/tasks.o
 .text.prvAddCurrentTaskToDelayedList
                0x0001a468       0x50 ./L1_FreeRTOS/src/tasks.o
 .text.xTaskGenericCreate
                0x0001a4b8      0x1a0 ./L1_FreeRTOS/src/tasks.o
                0x0001a4b8                xTaskGenericCreate
 .text.vTaskStartScheduler
                0x0001a658       0x54 ./L1_FreeRTOS/src/tasks.o
                0x0001a658                vTaskStartScheduler
 .text.vTaskEndScheduler
                0x0001a6ac       0x18 ./L1_FreeRTOS/src/tasks.o
                0x0001a6ac                vTaskEndScheduler
 .text.vTaskSuspendAll
                0x0001a6c4       0x10 ./L1_FreeRTOS/src/tasks.o
                0x0001a6c4                vTaskSuspendAll
 .text.xTaskGetTickCount
                0x0001a6d4       0x18 ./L1_FreeRTOS/src/tasks.o
                0x0001a6d4                xTaskGetTickCount
 .text.xTaskGetTickCountFromISR
                0x0001a6ec       0x18 ./L1_FreeRTOS/src/tasks.o
                0x0001a6ec                xTaskGetTickCountFromISR
 .text.uxTaskGetNumberOfTasks
                0x0001a704        0xc ./L1_FreeRTOS/src/tasks.o
                0x0001a704                uxTaskGetNumberOfTasks
 .text.xTaskIncrementTick
                0x0001a710       0xfc ./L1_FreeRTOS/src/tasks.o
                0x0001a710                xTaskIncrementTick
 .text.xTaskResumeAll
                0x0001a80c       0xc0 ./L1_FreeRTOS/src/tasks.o
                0x0001a80c                xTaskResumeAll
 .text.vTaskDelayUntil
                0x0001a8cc       0x74 ./L1_FreeRTOS/src/tasks.o
                0x0001a8cc                vTaskDelayUntil
 .text.vTaskDelay
                0x0001a940       0x54 ./L1_FreeRTOS/src/tasks.o
                0x0001a940                vTaskDelay
 .text.uxTaskGetSystemState
                0x0001a994       0x88 ./L1_FreeRTOS/src/tasks.o
                0x0001a994                uxTaskGetSystemState
 .text.vTaskSwitchContext
                0x0001aa1c       0xcc ./L1_FreeRTOS/src/tasks.o
                0x0001aa1c                vTaskSwitchContext
 .text.vTaskSuspend
                0x0001aae8       0xa4 ./L1_FreeRTOS/src/tasks.o
                0x0001aae8                vTaskSuspend
 .text.vTaskPlaceOnEventList
                0x0001ab8c       0x5c ./L1_FreeRTOS/src/tasks.o
                0x0001ab8c                vTaskPlaceOnEventList
 .text.xTaskRemoveFromEventList
                0x0001abe8       0x6c ./L1_FreeRTOS/src/tasks.o
                0x0001abe8                xTaskRemoveFromEventList
 .text.vTaskSetTimeOutState
                0x0001ac54       0x18 ./L1_FreeRTOS/src/tasks.o
                0x0001ac54                vTaskSetTimeOutState
 .text.xTaskCheckForTimeOut
                0x0001ac6c       0x4c ./L1_FreeRTOS/src/tasks.o
                0x0001ac6c                xTaskCheckForTimeOut
 .text.vTaskMissedYield
                0x0001acb8        0xc ./L1_FreeRTOS/src/tasks.o
                0x0001acb8                vTaskMissedYield
 .text.uxTaskGetStackHighWaterMark
                0x0001acc4       0x20 ./L1_FreeRTOS/src/tasks.o
                0x0001acc4                uxTaskGetStackHighWaterMark
 .text.xTaskGetSchedulerState
                0x0001ace4       0x20 ./L1_FreeRTOS/src/tasks.o
                0x0001ace4                xTaskGetSchedulerState
 .text.vTaskPriorityInherit
                0x0001ad04       0x94 ./L1_FreeRTOS/src/tasks.o
                0x0001ad04                vTaskPriorityInherit
 .text.xTaskPriorityDisinherit
                0x0001ad98       0x70 ./L1_FreeRTOS/src/tasks.o
                0x0001ad98                xTaskPriorityDisinherit
 .text.pvTaskIncrementMutexHeldCount
                0x0001ae08       0x18 ./L1_FreeRTOS/src/tasks.o
                0x0001ae08                pvTaskIncrementMutexHeldCount
 .text.vTaskResetRunTimeStats
                0x0001ae20       0x70 ./L1_FreeRTOS/src/tasks.o
                0x0001ae20                vTaskResetRunTimeStats
 .text.vRunTimeStatIsrEntry
                0x0001ae90       0x28 ./L1_FreeRTOS/src/tasks.o
                0x0001ae90                vRunTimeStatIsrEntry
 .text.vRunTimeStatIsrExit
                0x0001aeb8       0x10 ./L1_FreeRTOS/src/tasks.o
                0x0001aeb8                vRunTimeStatIsrExit
 .text.prvPortStartFirstTask
                0x0001aec8       0x20 ./L1_FreeRTOS/portable/no_mpu/port.o
 .text.pxPortInitialiseStack
                0x0001aee8       0x1c ./L1_FreeRTOS/portable/no_mpu/port.o
                0x0001aee8                pxPortInitialiseStack
 .text.vPortSVCHandler
                0x0001af04       0x24 ./L1_FreeRTOS/portable/no_mpu/port.o
                0x0001af04                vPortSVCHandler
 .text.vPortEndScheduler
                0x0001af28        0x2 ./L1_FreeRTOS/portable/no_mpu/port.o
                0x0001af28                vPortEndScheduler
 *fill*         0x0001af2a        0x2 
 .text.vPortYield
                0x0001af2c       0x18 ./L1_FreeRTOS/portable/no_mpu/port.o
                0x0001af2c                vPortYield
 .text.ulPortSetInterruptMask
                0x0001af44       0x10 ./L1_FreeRTOS/portable/no_mpu/port.o
                0x0001af44                ulPortSetInterruptMask
 .text.prvTaskExitError
                0x0001af54        0x8 ./L1_FreeRTOS/portable/no_mpu/port.o
 .text.vPortEnterCritical
                0x0001af5c       0x1c ./L1_FreeRTOS/portable/no_mpu/port.o
                0x0001af5c                vPortEnterCritical
 .text.vPortClearInterruptMask
                0x0001af78        0x6 ./L1_FreeRTOS/portable/no_mpu/port.o
                0x0001af78                vPortClearInterruptMask
 *fill*         0x0001af7e        0x2 
 .text.vPortExitCritical
                0x0001af80       0x14 ./L1_FreeRTOS/portable/no_mpu/port.o
                0x0001af80                vPortExitCritical
 .text.xPortPendSVHandler
                0x0001af94       0x44 ./L1_FreeRTOS/portable/no_mpu/port.o
                0x0001af94                xPortPendSVHandler
 .text.xPortSysTickHandler
                0x0001afd8       0x24 ./L1_FreeRTOS/portable/no_mpu/port.o
                0x0001afd8                xPortSysTickHandler
 .text.vPortSetupTimerInterrupt
                0x0001affc       0x14 ./L1_FreeRTOS/portable/no_mpu/port.o
                0x0001affc                vPortSetupTimerInterrupt
 .text.xPortStartScheduler
                0x0001b010       0x30 ./L1_FreeRTOS/portable/no_mpu/port.o
                0x0001b010                xPortStartScheduler
 .text.vConfigureTimerForRunTimeStats
                0x0001b040       0x14 ./L1_FreeRTOS/portable/run_time_stats.o
                0x0001b040                vConfigureTimerForRunTimeStats
 .text.uxGetTimerForRunTimeStats
                0x0001b054       0x14 ./L1_FreeRTOS/portable/run_time_stats.o
                0x0001b054                uxGetTimerForRunTimeStats
 .text.resetRunTimeCounter
                0x0001b068       0x14 ./L1_FreeRTOS/portable/run_time_stats.o
                0x0001b068                resetRunTimeCounter
 .text.vApplicationIdleHook
                0x0001b07c        0x4 ./L1_FreeRTOS/hooks/hooks.o
                0x0001b07c                vApplicationIdleHook
 .text.vApplicationStackOverflowHook
                0x0001b080       0x38 ./L1_FreeRTOS/hooks/hooks.o
                0x0001b080                vApplicationStackOverflowHook
 .text.vApplicationMallocFailedHook
                0x0001b0b8       0x24 ./L1_FreeRTOS/hooks/hooks.o
                0x0001b0b8                vApplicationMallocFailedHook
 .text.__set_PSP
                0x0001b0dc        0x6 ./L0_LowLevel/source/core_cm3.o
                0x0001b0dc                __set_PSP
 .text.__set_MSP
                0x0001b0e2        0x6 ./L0_LowLevel/source/core_cm3.o
                0x0001b0e2                __set_MSP
 .text.__set_BASEPRI
                0x0001b0e8        0x6 ./L0_LowLevel/source/core_cm3.o
                0x0001b0e8                __set_BASEPRI
 *fill*         0x0001b0ee        0x2 
 .text.sys_get_boot_type
                0x0001b0f0        0xc ./L0_LowLevel/source/low_level_init.o
                0x0001b0f0                sys_get_boot_type
 .text.sys_get_boot_time
                0x0001b0fc       0x14 ./L0_LowLevel/source/low_level_init.o
                0x0001b0fc                sys_get_boot_time
 .text._Z14low_level_initv
                0x0001b110      0x238 ./L0_LowLevel/source/low_level_init.o
                0x0001b110                low_level_init()
 .text.lpc_pconp
                0x0001b348       0x30 ./L0_LowLevel/source/lpc_peripherals.o
                0x0001b348                lpc_pconp
 .text.lpc_pclk
                0x0001b378       0x4c ./L0_LowLevel/source/lpc_peripherals.o
                0x0001b378                lpc_pclk
 .text.lpc_sys_setup_system_timer
                0x0001b3c4       0x54 ./L0_LowLevel/source/lpc_sys.o
                0x0001b3c4                lpc_sys_setup_system_timer
 .text.sys_get_uptime_us
                0x0001b418       0x28 ./L0_LowLevel/source/lpc_sys.o
                0x0001b418                sys_get_uptime_us
 .text.sys_get_mem_info_str
                0x0001b440       0x38 ./L0_LowLevel/source/lpc_sys.o
                0x0001b440                sys_get_mem_info_str
 .text.TIMER1_IRQHandler
                0x0001b478       0xbc ./L0_LowLevel/source/lpc_sys.o
                0x0001b478                TIMER1_IRQHandler
 .text.isr_forwarder_routine
                0x0001b534       0x3c ./L0_LowLevel/source/startup.o
 .text.isr_hard_fault_handler
                0x0001b570       0x58 ./L0_LowLevel/source/startup.o
                0x0001b570                isr_hard_fault_handler
 .text._ZL19sys_clock_pll0_feedv
                0x0001b5c8       0x14 ./L0_LowLevel/source/sys_clock.o
 .text._ZL23sys_clock_configure_plljjPiS_S_.constprop.0
                0x0001b5dc       0x7c ./L0_LowLevel/source/sys_clock.o
 .text._Z19sys_clock_configurev
                0x0001b658       0xb0 ./L0_LowLevel/source/sys_clock.o
                0x0001b658                sys_clock_configure()
 .text.sys_get_cpu_clock
                0x0001b708       0xa4 ./L0_LowLevel/source/sys_clock.o
                0x0001b708                sys_get_cpu_clock
 .text.uart0_init
                0x0001b7ac       0x60 ./L0_LowLevel/source/uart0_min.o
                0x0001b7ac                uart0_init
 .text.uart0_getchar
                0x0001b80c       0x18 ./L0_LowLevel/source/uart0_min.o
                0x0001b80c                uart0_getchar
 .text.uart0_putchar
                0x0001b824       0x18 ./L0_LowLevel/source/uart0_min.o
                0x0001b824                uart0_putchar
 .text.uart0_puts
                0x0001b83c       0x1a ./L0_LowLevel/source/uart0_min.o
                0x0001b83c                uart0_puts
 .text._ZNK10__cxxabiv117__class_type_info11__do_upcastEPKS0_PPv
                0x0001b856       0x34 c:/users/divya/desktop/243/sjsu_dev/toolchain/bin/../lib/gcc/arm-none-eabi/4.9.3/../../../../arm-none-eabi/lib/armv7-m\libstdc++_nano.a(class_type_info.o)
                0x0001b856                __cxxabiv1::__class_type_info::__do_upcast(__cxxabiv1::__class_type_info const*, void**) const
 .text._ZNK10__cxxabiv117__class_type_info20__do_find_public_srcEiPKvPKS0_S2_
                0x0001b88a        0xc c:/users/divya/desktop/243/sjsu_dev/toolchain/bin/../lib/gcc/arm-none-eabi/4.9.3/../../../../arm-none-eabi/lib/armv7-m\libstdc++_nano.a(class_type_info.o)
                0x0001b88a                __cxxabiv1::__class_type_info::__do_find_public_src(int, void const*, __cxxabiv1::__class_type_info const*, void const*) const
 *fill*         0x0001b896        0x2 
 .text._ZN10__cxxabiv117__class_type_infoD2Ev
                0x0001b898       0x14 c:/users/divya/desktop/243/sjsu_dev/toolchain/bin/../lib/gcc/arm-none-eabi/4.9.3/../../../../arm-none-eabi/lib/armv7-m\libstdc++_nano.a(class_type_info.o)
                0x0001b898                __cxxabiv1::__class_type_info::~__class_type_info()
                0x0001b898                __cxxabiv1::__class_type_info::~__class_type_info()
 .text._ZN10__cxxabiv117__class_type_infoD0Ev
                0x0001b8ac       0x12 c:/users/divya/desktop/243/sjsu_dev/toolchain/bin/../lib/gcc/arm-none-eabi/4.9.3/../../../../arm-none-eabi/lib/armv7-m\libstdc++_nano.a(class_type_info.o)
                0x0001b8ac                __cxxabiv1::__class_type_info::~__class_type_info()
 .text._ZNK10__cxxabiv117__class_type_info11__do_upcastEPKS0_PKvRNS0_15__upcast_resultE
                0x0001b8be       0x18 c:/users/divya/desktop/243/sjsu_dev/toolchain/bin/../lib/gcc/arm-none-eabi/4.9.3/../../../../arm-none-eabi/lib/armv7-m\libstdc++_nano.a(class_type_info.o)
                0x0001b8be                __cxxabiv1::__class_type_info::__do_upcast(__cxxabiv1::__class_type_info const*, void const*, __cxxabiv1::__class_type_info::__upcast_result&) const
 .text._ZNK10__cxxabiv117__class_type_info10__do_catchEPKSt9type_infoPPvj
                0x0001b8d6       0x2a c:/users/divya/desktop/243/sjsu_dev/toolchain/bin/../lib/gcc/arm-none-eabi/4.9.3/../../../../arm-none-eabi/lib/armv7-m\libstdc++_nano.a(class_type_info.o)