Archive member included because of file (symbol)

c:/users/chitrang/downloads/sjsu_dev/toolchain/bin/../lib/gcc/arm-none-eabi/4.9.3/../../../../arm-none-eabi/lib/armv7-m\libstdc++_nano.a(class_type_info.o)
                              ./L5_Application/source/remote.o (vtable for __cxxabiv1::__class_type_info)
c:/users/chitrang/downloads/sjsu_dev/toolchain/bin/../lib/gcc/arm-none-eabi/4.9.3/../../../../arm-none-eabi/lib/armv7-m\libstdc++_nano.a(guard.o)
                              ./L5_Application/source/cmd_handlers/handlers.o (__cxa_guard_acquire)
c:/users/chitrang/downloads/sjsu_dev/toolchain/bin/../lib/gcc/arm-none-eabi/4.9.3/../../../../arm-none-eabi/lib/armv7-m\libstdc++_nano.a(vmi_class_type_info.o)
                              ./L2_Drivers/src/nrf_stream.o (vtable for __cxxabiv1::__vmi_class_type_info)
c:/users/chitrang/downloads/sjsu_dev/toolchain/bin/../lib/gcc/arm-none-eabi/4.9.3/../../../../arm-none-eabi/lib/armv7-m\libstdc++_nano.a(si_class_type_info.o)
                              ./L5_Application/source/remote.o (vtable for __cxxabiv1::__si_class_type_info)
c:/users/chitrang/downloads/sjsu_dev/toolchain/bin/../lib/gcc/arm-none-eabi/4.9.3/../../../../arm-none-eabi/lib/armv7-m\libstdc++_nano.a(pure.o)
                              ./L3_Utils/src/scheduler_task.o (__cxa_pure_virtual)
c:/users/chitrang/downloads/sjsu_dev/toolchain/bin/../lib/gcc/arm-none-eabi/4.9.3/../../../../arm-none-eabi/lib/armv7-m\libstdc++_nano.a(eh_terminate.o)
                              c:/users/chitrang/downloads/sjsu_dev/toolchain/bin/../lib/gcc/arm-none-eabi/4.9.3/../../../../arm-none-eabi/lib/armv7-m\libstdc++_nano.a(pure.o) (std::terminate())
c:/users/chitrang/downloads/sjsu_dev/toolchain/bin/../lib/gcc/arm-none-eabi/4.9.3/../../../../arm-none-eabi/lib/armv7-m\libstdc++_nano.a(tinfo.o)
                              c:/users/chitrang/downloads/sjsu_dev/toolchain/bin/../lib/gcc/arm-none-eabi/4.9.3/../../../../arm-none-eabi/lib/armv7-m\libstdc++_nano.a(class_type_info.o) (std::type_info::~type_info())
c:/users/chitrang/downloads/sjsu_dev/toolchain/bin/../lib/gcc/arm-none-eabi/4.9.3/../../../../arm-none-eabi/lib/armv7-m\libstdc++_nano.a(eh_unex_handler.o)
                              c:/users/chitrang/downloads/sjsu_dev/toolchain/bin/../lib/gcc/arm-none-eabi/4.9.3/../../../../arm-none-eabi/lib/armv7-m\libstdc++_nano.a(eh_terminate.o) (__cxxabiv1::__unexpected_handler)
c:/users/chitrang/downloads/sjsu_dev/toolchain/bin/../lib/gcc/arm-none-eabi/4.9.3/../../../../arm-none-eabi/lib/armv7-m\libstdc++_nano.a(eh_term_handler.o)
                              c:/users/chitrang/downloads/sjsu_dev/toolchain/bin/../lib/gcc/arm-none-eabi/4.9.3/../../../../arm-none-eabi/lib/armv7-m\libstdc++_nano.a(eh_terminate.o) (__cxxabiv1::__terminate_handler)
c:/users/chitrang/downloads/sjsu_dev/toolchain/bin/../lib/gcc/arm-none-eabi/4.9.3/../../../../arm-none-eabi/lib/armv7-m\libm.a(lib_a-s_cos.o)
                              ./L4_IO/src/geo_controller.o (cos)
c:/users/chitrang/downloads/sjsu_dev/toolchain/bin/../lib/gcc/arm-none-eabi/4.9.3/../../../../arm-none-eabi/lib/armv7-m\libm.a(lib_a-s_sin.o)
                              ./L4_IO/src/geo_controller.o (sin)
c:/users/chitrang/downloads/sjsu_dev/toolchain/bin/../lib/gcc/arm-none-eabi/4.9.3/../../../../arm-none-eabi/lib/armv7-m\libm.a(lib_a-w_atan2.o)
                              ./L4_IO/src/geo_controller.o (atan2)
c:/users/chitrang/downloads/sjsu_dev/toolchain/bin/../lib/gcc/arm-none-eabi/4.9.3/../../../../arm-none-eabi/lib/armv7-m\libm.a(lib_a-w_sqrt.o)
                              ./L4_IO/src/geo_controller.o (sqrt)
c:/users/chitrang/downloads/sjsu_dev/toolchain/bin/../lib/gcc/arm-none-eabi/4.9.3/../../../../arm-none-eabi/lib/armv7-m\libm.a(lib_a-e_atan2.o)
                              c:/users/chitrang/downloads/sjsu_dev/toolchain/bin/../lib/gcc/arm-none-eabi/4.9.3/../../../../arm-none-eabi/lib/armv7-m\libm.a(lib_a-w_atan2.o) (__ieee754_atan2)
c:/users/chitrang/downloads/sjsu_dev/toolchain/bin/../lib/gcc/arm-none-eabi/4.9.3/../../../../arm-none-eabi/lib/armv7-m\libm.a(lib_a-e_rem_pio2.o)
                              c:/users/chitrang/downloads/sjsu_dev/toolchain/bin/../lib/gcc/arm-none-eabi/4.9.3/../../../../arm-none-eabi/lib/armv7-m\libm.a(lib_a-s_cos.o) (__ieee754_rem_pio2)
c:/users/chitrang/downloads/sjsu_dev/toolchain/bin/../lib/gcc/arm-none-eabi/4.9.3/../../../../arm-none-eabi/lib/armv7-m\libm.a(lib_a-e_sqrt.o)
                              c:/users/chitrang/downloads/sjsu_dev/toolchain/bin/../lib/gcc/arm-none-eabi/4.9.3/../../../../arm-none-eabi/lib/armv7-m\libm.a(lib_a-w_sqrt.o) (__ieee754_sqrt)
c:/users/chitrang/downloads/sjsu_dev/toolchain/bin/../lib/gcc/arm-none-eabi/4.9.3/../../../../arm-none-eabi/lib/armv7-m\libm.a(lib_a-k_cos.o)
                              c:/users/chitrang/downloads/sjsu_dev/toolchain/bin/../lib/gcc/arm-none-eabi/4.9.3/../../../../arm-none-eabi/lib/armv7-m\libm.a(lib_a-s_cos.o) (__kernel_cos)
[...]
Memory Configuration

Name             Origin             Length             Attributes
FLASH            0x00010000         0x00070000         xr
SRAM             0x10000000         0x00008000         xrw
SRAM_AHB         0x2007c000         0x00008000         xrw
*default*        0x00000000         0xffffffff

Linker script and memory map

LOAD ./newlib/malloc_lock.o
LOAD ./newlib/memory.o
LOAD ./newlib/newlib_syscalls.o
LOAD ./newlib/newlib_time.o
LOAD ./L5_Application/source/cmd_handlers/handlers.o
LOAD ./L5_Application/source/cmd_handlers/prog_handlers.o
LOAD ./L5_Application/source/cmd_handlers/wireless_handlers.o
LOAD ./L5_Application/source/high_level_init.o
LOAD ./L5_Application/source/remote.o
LOAD ./L5_Application/source/terminal.o
LOAD ./L5_Application/periodic_scheduler/period_callbacks.o
LOAD ./L5_Application/periodic_scheduler/prd_dispatcher.o
LOAD ./L5_Application/examples/examples.o
LOAD ./L5_Application/examples/rn_xv_task.o
LOAD ./L5_Application/GPS3.o
LOAD ./L5_Application/main.o
LOAD ./L4_IO/wireless/src/mesh.o
LOAD ./L4_IO/wireless/src/nrf24L01Plus.o
LOAD ./L4_IO/wireless/src/wireless.o
LOAD ./L4_IO/src/geo_controller.o
LOAD ./L4_IO/src/gpio.o
LOAD ./L4_IO/src/imu.o
LOAD ./L4_IO/src/io_source.o
LOAD ./L4_IO/src/storage.o
LOAD ./L4_IO/fat/option/ccsbcs.o
LOAD ./L4_IO/fat/option/reentrant.o
LOAD ./L4_IO/fat/disk/diskio.o
LOAD ./L4_IO/fat/disk/sd.o
LOAD ./L4_IO/fat/disk/spi_flash.o
LOAD ./L4_IO/fat/fatfs_time.o
LOAD ./L4_IO/fat/ff.o
LOAD ./L3_Utils/tlm/src/c_tlm_binary.o
LOAD ./L3_Utils/tlm/src/c_tlm_comp.o
LOAD ./L3_Utils/tlm/src/c_tlm_stream.o
LOAD ./L3_Utils/tlm/src/c_tlm_var.o
LOAD ./L3_Utils/src/c_list.o
LOAD ./L3_Utils/src/command_handler.o
LOAD ./L3_Utils/src/file_logger.o
LOAD ./L3_Utils/src/freertos_timer.o
LOAD ./L3_Utils/src/printf_lib.o
LOAD ./L3_Utils/src/rtc_alarm.o
LOAD ./L3_Utils/src/scheduler_task.o
LOAD ./L3_Utils/src/str.o
LOAD ./L3_Utils/src/utilities.o
LOAD ./L2_Drivers/src/adc.o
LOAD ./L2_Drivers/src/can.o
LOAD ./L2_Drivers/src/eint.o
LOAD ./L2_Drivers/src/i2c2.o
LOAD ./L2_Drivers/src/lpc_pwm.o
LOAD ./L2_Drivers/src/lpc_rit.o
LOAD ./L2_Drivers/src/lpc_timers.o
LOAD ./L2_Drivers/src/nrf_stream.o
LOAD ./L2_Drivers/src/rtc.o
LOAD ./L2_Drivers/src/spi_dma.o
LOAD ./L2_Drivers/src/spi_sem.o
LOAD ./L2_Drivers/src/uart0.o
LOAD ./L2_Drivers/src/uart2.o
LOAD ./L2_Drivers/src/uart3.o
LOAD ./L2_Drivers/base/char_dev.o
LOAD ./L2_Drivers/base/i2c_base.o
LOAD ./L2_Drivers/base/uart_dev.o
LOAD ./L1_FreeRTOS/src/croutine.o
LOAD ./L1_FreeRTOS/src/event_groups.o
LOAD ./L1_FreeRTOS/src/list.o
LOAD ./L1_FreeRTOS/src/queue.o
LOAD ./L1_FreeRTOS/src/tasks.o
LOAD ./L1_FreeRTOS/src/timers.o
LOAD ./L1_FreeRTOS/portable/no_mpu/port.o
LOAD ./L1_FreeRTOS/portable/run_time_stats.o
LOAD ./L1_FreeRTOS/hooks/hooks.o
LOAD ./L0_LowLevel/source/core_cm3.o
LOAD ./L0_LowLevel/source/low_level_init.o
LOAD ./L0_LowLevel/source/lpc_peripherals.o
LOAD ./L0_LowLevel/source/lpc_sys.o
LOAD ./L0_LowLevel/source/startup.o
LOAD ./L0_LowLevel/source/sys_clock.o
LOAD ./L0_LowLevel/source/uart0_min.o
LOAD c:/users/chitrang/downloads/sjsu_dev/toolchain/bin/../lib/gcc/arm-none-eabi/4.9.3/../../../../arm-none-eabi/lib/armv7-m\libstdc++_nano.a
LOAD c:/users/chitrang/downloads/sjsu_dev/toolchain/bin/../lib/gcc/arm-none-eabi/4.9.3/../../../../arm-none-eabi/lib/armv7-m\libm.a
START GROUP
LOAD c:/users/chitrang/downloads/sjsu_dev/toolchain/bin/../lib/gcc/arm-none-eabi/4.9.3/armv7-m\libgcc.a
LOAD c:/users/chitrang/downloads/sjsu_dev/toolchain/bin/../lib/gcc/arm-none-eabi/4.9.3/../../../../arm-none-eabi/lib/armv7-m\libc_nano.a
END GROUP
START GROUP
LOAD c:/users/chitrang/downloads/sjsu_dev/toolchain/bin/../lib/gcc/arm-none-eabi/4.9.3/armv7-m\libgcc.a
LOAD c:/users/chitrang/downloads/sjsu_dev/toolchain/bin/../lib/gcc/arm-none-eabi/4.9.3/../../../../arm-none-eabi/lib/armv7-m\libc_nano.a
END GROUP

.text           0x00010000    0x18d58
 FILL mask 0xff
 *(.isr_vector)
 .isr_vector    0x00010000       0xcc ./L0_LowLevel/source/startup.o
                0x00010000                g_pfnVectors
                0x000100cc                . = ALIGN (0x4)
                0x000100cc                __section_table_start = .
                0x000100cc                __data_section_table = .
                0x000100cc        0x4 LONG 0x28d60 LOADADDR (.data)
                0x000100d0        0x4 LONG 0x2007c000 ADDR (.data)
                0x000100d4        0x4 LONG 0x1c4 SIZEOF (.data)
                0x000100d8                __data_section_table_end = .
                0x000100d8                __bss_section_table = .
                0x000100d8        0x4 LONG 0x2007c1c8 ADDR (.bss)
                0x000100dc        0x4 LONG 0x52c SIZEOF (.bss)
                0x000100e0                __bss_section_table_end = .
                0x000100e0                __section_table_end = .
 *(.after_vectors*)
 .after_vectors
                0x000100e0      0x120 ./L0_LowLevel/source/startup.o
                0x000100e0                isr_hard_fault
                0x000100fa                isr_nmi
                0x00010108                isr_mem_fault
                0x00010118                isr_bus_fault
                0x00010128                isr_usage_fault
                0x00010138                isr_debug_mon
                0x00010148                TIMER3_IRQHandler
                0x00010148                UART1_IRQHandler
                0x00010148                EINT2_IRQHandler
                0x00010148                USBAct_IRQHandler
                0x00010148                PLL0_IRQHandler
                0x00010148                I2C1_IRQHandler
                0x00010148                PLL1_IRQHandler
                0x00010148                SSP0_IRQHandler
                0x00010148                CANAct_IRQHandler
                0x00010148                I2S_IRQHandler
                0x00010148                PWM1_IRQHandler
                0x00010148                SPI_IRQHandler
                0x00010148                TIMER2_IRQHandler
                0x00010148                EINT1_IRQHandler
                0x00010148                isr_default_handler
                0x00010148                SSP1_IRQHandler
                0x00010148                ENET_IRQHandler
                0x00010148                USB_IRQHandler
                0x00010148                BOD_IRQHandler
                0x00010148                MCPWM_IRQHandler
                0x00010148                WDT_IRQHandler
                0x00010148                I2C0_IRQHandler
                0x00010148                QEI_IRQHandler
                0x00010148                EINT0_IRQHandler
                0x00010148                DMA_IRQHandler
                0x00010148                TIMER0_IRQHandler
                0x00010158                isr_sys_tick
                0x0001016a                data_init(unsigned int, unsigned int, unsigned int)
                0x00010180                bss_init(unsigned int, unsigned int)
                0x00010192                isr_reset
 *(.text*)
 .text._sbrk    0x00010200       0x78 ./newlib/memory.o
                0x00010200                _sbrk
 .text._Znwj    0x00010278        0x4 ./newlib/memory.o
                0x00010278                operator new(unsigned int)
 .text._ZdlPv   0x0001027c        0x4 ./newlib/memory.o
                0x0001027c                operator delete(void*)
 .text._ZdaPv   0x00010280        0x4 ./newlib/memory.o
                0x00010280                operator delete[](void*)
 .text.sys_get_mem_info
                0x00010284       0xb0 ./newlib/memory.o
                0x00010284                sys_get_mem_info
 .text._ZN9__gnu_cxx27__verbose_terminate_handlerEv
                0x00010334        0x2 ./newlib/memory.o
                0x00010334                __gnu_cxx::__verbose_terminate_handler()
 *fill*         0x00010336        0x2 
 .text.sys_set_outchar_func
                0x00010338        0xc ./newlib/newlib_syscalls.o
                0x00010338                sys_set_outchar_func
 .text.sys_set_inchar_func
                0x00010344        0xc ./newlib/newlib_syscalls.o
                0x00010344                sys_set_inchar_func
 .text._kill    0x00010350       0x10 ./newlib/newlib_syscalls.o
                0x00010350                _kill
 .text._exit    0x00010360       0x10 ./newlib/newlib_syscalls.o
                0x00010360                _exit
 .text._getpid  0x00010370        0x4 ./newlib/newlib_syscalls.o
                0x00010370                _getpid
 .text._init    0x00010374        0x4 ./newlib/newlib_syscalls.o
                0x00010374                _init
 .text._write   0x00010378       0x28 ./newlib/newlib_syscalls.o
                0x00010378                _write
 .text._read    0x000103a0       0x2c ./newlib/newlib_syscalls.o
                0x000103a0                _read
 .text.syscalls_init
                0x000103cc        0x2 ./newlib/newlib_syscalls.o
                0x000103cc                syscalls_init
 .text._fstat   0x000103ce        0x4 ./newlib/newlib_syscalls.o
                0x000103ce                _fstat
 *fill*         0x000103d2        0x2 
 .text._isatty  0x000103d4       0x24 ./newlib/newlib_syscalls.o
                0x000103d4                _isatty
 .text._lseek   0x000103f8        0x4 ./newlib/newlib_syscalls.o
                0x000103f8                _lseek
 .text._close   0x000103fc        0x4 ./newlib/newlib_syscalls.o
                0x000103fc                _close
 .text._gettimeofday
                0x00010400       0x7a ./newlib/newlib_time.o
                0x00010400                _gettimeofday
 *fill*         0x0001047a        0x2 
 .text._ZN7Storage13getFlashDriveEv
                0x0001047c       0x48 ./L5_Application/source/cmd_handlers/handlers.o
                0x0001047c                Storage::getFlashDrive()
 .text._ZN7Storage10getSDDriveEv
                0x000104c4       0x48 ./L5_Application/source/cmd_handlers/handlers.o
                0x000104c4                Storage::getSDDrive()
 .text._Z15taskListHandlerR3strR7CharDevPv
                0x0001050c       0xec ./L5_Application/source/cmd_handlers/handlers.o
                0x0001050c                taskListHandler(str&, CharDev&, void*)
 .text._Z14memInfoHandlerR3strR7CharDevPv
                0x000105f8       0x22 ./L5_Application/source/cmd_handlers/handlers.o
                0x000105f8                memInfoHandler(str&, CharDev&, void*)
 *fill*         0x0001061a        0x2 
 .text._Z11timeHandlerR3strR7CharDevPv
                0x0001061c       0xc4 ./L5_Application/source/cmd_handlers/handlers.o
                0x0001061c                timeHandler(str&, CharDev&, void*)
 .text._Z10logHandlerR3strR7CharDevPv
                0x000106e0      0x19c ./L5_Application/source/cmd_handlers/handlers.o
                0x000106e0                logHandler(str&, CharDev&, void*)
 .text._Z9cpHandlerR3strR7CharDevPv
                0x0001087c       0x80 ./L5_Application/source/cmd_handlers/handlers.o
                0x0001087c                cpHandler(str&, CharDev&, void*)
 .text._Z10catHandlerR3strR7CharDevPv
                0x000108fc      0x14c ./L5_Application/source/cmd_handlers/handlers.o
                0x000108fc                catHandler(str&, CharDev&, void*)
 .text._Z9lsHandlerR3strR7CharDevPv
                0x00010a48      0x180 ./L5_Application/source/cmd_handlers/handlers.o
                0x00010a48                lsHandler(str&, CharDev&, void*)
 .text._Z12mkdirHandlerR3strR7CharDevPv
                0x00010bc8       0x3c ./L5_Application/source/cmd_handlers/handlers.o
                0x00010bc8                mkdirHandler(str&, CharDev&, void*)
 .text._Z9rmHandlerR3strR7CharDevPv
                0x00010c04       0x3c ./L5_Application/source/cmd_handlers/handlers.o
                0x00010c04                rmHandler(str&, CharDev&, void*)
 .text._Z9mvHandlerR3strR7CharDevPv
                0x00010c40       0x5c ./L5_Application/source/cmd_handlers/handlers.o
                0x00010c40                mvHandler(str&, CharDev&, void*)
 .text._Z14newFileHandlerR3strR7CharDevPv
                0x00010c9c       0xb0 ./L5_Application/source/cmd_handlers/handlers.o
                0x00010c9c                newFileHandler(str&, CharDev&, void*)
 .text._Z10dcpHandlerR3strR7CharDevPv
                0x00010d4c      0x140 ./L5_Application/source/cmd_handlers/handlers.o
                0x00010d4c                dcpHandler(str&, CharDev&, void*)
 .text._Z14storageHandlerR3strR7CharDevPv
                0x00010e8c       0xbc ./L5_Application/source/cmd_handlers/handlers.o
                0x00010e8c                storageHandler(str&, CharDev&, void*)
 .text._Z13rebootHandlerR3strR7CharDevPv
                0x00010f48       0x30 ./L5_Application/source/cmd_handlers/handlers.o
                0x00010f48                rebootHandler(str&, CharDev&, void*)
 .text._Z14learnIrHandlerR3strR7CharDevPv
                0x00010f78       0x34 ./L5_Application/source/cmd_handlers/handlers.o
                0x00010f78                learnIrHandler(str&, CharDev&, void*)
 .text._ZN17SingletonTemplateI4I2C2E11getInstanceEv
                0x00010fac       0x20 ./L5_Application/source/cmd_handlers/handlers.o
                0x00010fac                SingletonTemplate<I2C2>::getInstance()
 .text._Z12i2cIoHandlerR3strR7CharDevPv
                0x00010fcc      0x198 ./L5_Application/source/cmd_handlers/handlers.o
                0x00010fcc                i2cIoHandler(str&, CharDev&, void*)
 .text._Z13healthHandlerR3strR7CharDevPv
                0x00011164      0x1a4 ./L5_Application/source/cmd_handlers/handlers.o
                0x00011164                healthHandler(str&, CharDev&, void*)
 .text._Z16flashProgHandlerR3strR7CharDevPv
                0x00011308       0xac ./L5_Application/source/cmd_handlers/prog_handlers.o
                0x00011308                flashProgHandler(str&, CharDev&, void*)
 .text._Z14getFileHandlerR3strR7CharDevPv
                0x000113b4      0x130 ./L5_Application/source/cmd_handlers/prog_handlers.o
                0x000113b4                getFileHandler(str&, CharDev&, void*)
 .text._ZL25wirelessHandlerPrintStatsR7CharDevP12mesh_stats_th
                0x000114e4       0x3c ./L5_Application/source/cmd_handlers/wireless_handlers.o
 .text._ZL14wsStatsHandlerR3strR7CharDevPv
                0x00011520       0x1e ./L5_Application/source/cmd_handlers/wireless_handlers.o
 *fill*         0x0001153e        0x2 
 .text._ZL11wsTxHandlerR3strR7CharDevPv
                0x00011540      0x118 ./L5_Application/source/cmd_handlers/wireless_handlers.o
 .text._ZL13wsAddrHandlerR3strR7CharDevPv
                0x00011658       0x34 ./L5_Application/source/cmd_handlers/wireless_handlers.o
 .text._Z12wsRteHandlerR3strR7CharDevPv
                0x0001168c       0x74 ./L5_Application/source/cmd_handlers/wireless_handlers.o
                0x0001168c                wsRteHandler(str&, CharDev&, void*)
 .text._ZL11wsRxHandlerR3strR7CharDevPv
                0x00011700       0x80 ./L5_Application/source/cmd_handlers/wireless_handlers.o
 .text._Z15wirelessHandlerR3strR7CharDevPv
                0x00011780      0x160 ./L5_Application/source/cmd_handlers/wireless_handlers.o
                0x00011780                wirelessHandler(str&, CharDev&, void*)
 .text._ZN17SingletonTemplateI12NordicStreamE11getInstanceEv
                0x000118e0       0x20 ./L5_Application/source/cmd_handlers/wireless_handlers.o
                0x000118e0                SingletonTemplate<NordicStream>::getInstance()
 .text._ZL15wsFileTxHandlerR3strR7CharDevPv
                0x00011900      0x22c ./L5_Application/source/cmd_handlers/wireless_handlers.o
 .text._ZL15wsStreamHandlerR3strR7CharDevPv
                0x00011b2c      0x11c ./L5_Application/source/cmd_handlers/wireless_handlers.o
 .text._ZL13hl_print_linev
                0x00011c48        0xc ./L5_Application/source/high_level_init.o
 .text.ssp_set_max_clock
                0x00011c54       0x2c ./L5_Application/source/high_level_init.o
 .text._ZL16hl_mount_storageR16FileSystemObjectPKc
                0x00011c80       0x94 ./L5_Application/source/high_level_init.o
 .text._ZN17SingletonTemplateI11LED_DisplayE11getInstanceEv
                0x00011d14       0x24 ./L5_Application/source/high_level_init.o
                0x00011d14                SingletonTemplate<LED_Display>::getInstance()
 .text._ZN17SingletonTemplateI3LEDE11getInstanceEv
                0x00011d38       0x1c ./L5_Application/source/high_level_init.o
                0x00011d38                SingletonTemplate<LED>::getInstance()
 .text._ZN17SingletonTemplateI17TemperatureSensorE11getInstanceEv
                0x00011d54       0x28 ./L5_Application/source/high_level_init.o
                0x00011d54                SingletonTemplate<TemperatureSensor>::getInstance()
 .text._ZN17SingletonTemplateI12Light_SensorE11getInstanceEv
                0x00011d7c       0x18 ./L5_Application/source/high_level_init.o
                0x00011d7c                SingletonTemplate<Light_Sensor>::getInstance()
 .text._ZN17SingletonTemplateI8SwitchesE11getInstanceEv
                0x00011d94       0x18 ./L5_Application/source/high_level_init.o
                0x00011d94                SingletonTemplate<Switches>::getInstance()
 .text._Z15high_level_initv
                0x00011dac      0x548 ./L5_Application/source/high_level_init.o
                0x00011dac                high_level_init()
 .text._ZN14scheduler_task4initEv
                0x000122f4        0x4 ./L5_Application/source/remote.o
                0x000122f4                scheduler_task::init()
 .text._ZN14scheduler_task6regTlmEv
                0x000122f8        0x4 ./L5_Application/source/remote.o
                0x000122f8                scheduler_task::regTlm()
 .text._ZN14scheduler_task9taskEntryEv
                0x000122fc        0x4 ./L5_Application/source/remote.o
                0x000122fc                scheduler_task::taskEntry()
 .text._ZN17SingletonTemplateI9IR_SensorE11getInstanceEv
                0x00012300       0x18 ./L5_Application/source/remote.o
                0x00012300                SingletonTemplate<IR_Sensor>::getInstance()
 .text._ZN12terminalTask6regTlmEv
                0x00012318        0x4 ./L5_Application/source/terminal.o
                0x00012318                terminalTask::regTlm()
 .text._ZN6VECTORIN12terminalTask9cmdChan_tEE14changeCapacityEj.part.5
                0x0001231c       0x34 ./L5_Application/source/terminal.o
 .text._ZN12terminalTaskD2Ev
                0x00012350       0x48 ./L5_Application/source/terminal.o
                0x00012350                terminalTask::~terminalTask()
                0x00012350                terminalTask::~terminalTask()
 .text._ZN12terminalTaskD0Ev
                0x00012398       0x12 ./L5_Application/source/terminal.o
                0x00012398                terminalTask::~terminalTask()
 *fill*         0x000123aa        0x2 
 .text._ZN12terminalTaskC2Eh
                0x000123ac       0xb0 ./L5_Application/source/terminal.o
                0x000123ac                terminalTask::terminalTask(unsigned char)
                0x000123ac                terminalTask::terminalTask(unsigned char)
 .text._ZN12terminalTask22handleEchoAndBackspaceEPNS_9cmdChan_tEc
                0x0001245c       0x74 ./L5_Application/source/terminal.o
                0x0001245c                terminalTask::handleEchoAndBackspace(terminalTask::cmdChan_t*, char)
 .text._ZN12terminalTask17addCommandChannelEP7CharDevb
                0x000124d0       0x40 ./L5_Application/source/terminal.o
                0x000124d0                terminalTask::addCommandChannel(CharDev*, bool)
 .text._ZN12terminalTask10getCommandEv
                0x00012510      0x126 ./L5_Application/source/terminal.o
                0x00012510                terminalTask::getCommand()
 *fill*         0x00012636        0x2 
 .text._ZN12terminalTask3runEPv
                0x00012638       0x98 ./L5_Application/source/terminal.o
                0x00012638                terminalTask::run(void*)
 .text._ZN17SingletonTemplateI5Uart0E11getInstanceEv
                0x000126d0       0x20 ./L5_Application/source/terminal.o
                0x000126d0                SingletonTemplate<Uart0>::getInstance()
 .text._ZN5Uart017putcharIntrDrivenEc
                0x000126f0       0x18 ./L5_Application/source/terminal.o
                0x000126f0                Uart0::putcharIntrDriven(char)
 .text._ZN5Uart017getcharIntrDrivenEc
                0x00012708       0x22 ./L5_Application/source/terminal.o
                0x00012708                Uart0::getcharIntrDriven(char)
 *fill*         0x0001272a        0x2 
 .text._ZN12terminalTask9taskEntryEv
                0x0001272c      0x27c ./L5_Application/source/terminal.o
                0x0001272c                terminalTask::taskEntry()
 .text.period_10Hz
                0x000129a8       0x1c ./L5_Application/periodic_scheduler/period_callbacks.o
                0x000129a8                period_10Hz
 .text.period_100Hz
                0x000129c4        0x2 ./L5_Application/periodic_scheduler/period_callbacks.o
                0x000129c4                period_100Hz
 .text.period_1000Hz
                0x000129c6        0x2 ./L5_Application/periodic_scheduler/period_callbacks.o
                0x000129c6                period_1000Hz
 .text.period_1Hz
                0x000129c8       0x24 ./L5_Application/periodic_scheduler/period_callbacks.o
                0x000129c8                period_1Hz
 .text._ZN21periodicSchedulerTaskD2Ev
                0x000129ec        0x2 ./L5_Application/periodic_scheduler/prd_dispatcher.o
                0x000129ec                periodicSchedulerTask::~periodicSchedulerTask()
                0x000129ec                periodicSchedulerTask::~periodicSchedulerTask()
 *fill*         0x000129ee        0x2 
 .text._Z15period_task_1HzPv
                0x000129f0       0x20 ./L5_Application/periodic_scheduler/prd_dispatcher.o
                0x000129f0                period_task_1Hz(void*)
 .text._Z16period_task_10HzPv
                0x00012a10       0x20 ./L5_Application/periodic_scheduler/prd_dispatcher.o
                0x00012a10                period_task_10Hz(void*)
 .text._Z17period_task_100HzPv
                0x00012a30       0x20 ./L5_Application/periodic_scheduler/prd_dispatcher.o
                0x00012a30                period_task_100Hz(void*)
 .text._Z18period_task_1000HzPv
                0x00012a50       0x20 ./L5_Application/periodic_scheduler/prd_dispatcher.o
                0x00012a50                period_task_1000Hz(void*)
 .text._ZN21periodicSchedulerTaskD0Ev
                0x00012a70        0xc ./L5_Application/periodic_scheduler/prd_dispatcher.o
                0x00012a70                periodicSchedulerTask::~periodicSchedulerTask()
 .text._ZN21periodicSchedulerTaskC2Ev
                0x00012a7c       0xe8 ./L5_Application/periodic_scheduler/prd_dispatcher.o
                0x00012a7c                periodicSchedulerTask::periodicSchedulerTask()
                0x00012a7c                periodicSchedulerTask::periodicSchedulerTask()
 .text._ZN21periodicSchedulerTask23handlePeriodicSemaphoreEhh
                0x00012b64       0x88 ./L5_Application/periodic_scheduler/prd_dispatcher.o
                0x00012b64                periodicSchedulerTask::handlePeriodicSemaphore(unsigned char, unsigned char)
 .text._ZN21periodicSchedulerTask3runEPv
                0x00012bec       0x34 ./L5_Application/periodic_scheduler/prd_dispatcher.o
                0x00012bec                periodicSchedulerTask::run(void*)
 .text._Z9uart2initv
                0x00012c20       0x68 ./L5_Application/GPS3.o
                0x00012c20                uart2init()
 .text._Z12get_decimal1if
                0x00012c88       0x20 ./L5_Application/GPS3.o
                0x00012c88                get_decimal1(int, float)
 .text._Z15get_lat_degree1v
                0x00012ca8       0x2c ./L5_Application/GPS3.o
                0x00012ca8                get_lat_degree1()
 .text._Z15get_lat_minute1v
                0x00012cd4       0x30 ./L5_Application/GPS3.o
                0x00012cd4                get_lat_minute1()
 .text._Z16get_long_degree1v
                0x00012d04       0x38 ./L5_Application/GPS3.o
                0x00012d04                get_long_degree1()
 .text._Z16get_long_minute1v
                0x00012d3c       0x34 ./L5_Application/GPS3.o
                0x00012d3c                get_long_minute1()
 .text._Z14get_speed_GPS1v
                0x00012d70       0x44 ./L5_Application/GPS3.o
                0x00012d70                get_speed_GPS1()
 .text._Z8gps_uartPv
                0x00012db4       0xa4 ./L5_Application/main.o
                0x00012db4                gps_uart(void*)
 .text.UART2_IRQHandle
                0x00012e58       0x50 ./L5_Application/main.o
                0x00012e58                UART2_IRQHandle
 .text.startup.main
                0x00012ea8      0x180 ./L5_Application/main.o
                0x00012ea8                main
 .text.mesh_incr_soft_timers_for_arr
                0x00013028       0x26 ./L4_IO/wireless/src/mesh.o
 *fill*         0x0001304e        0x2 
 .text.mesh_update_soft_timers
                0x00013050       0x4c ./L4_IO/wireless/src/mesh.o
 .text.mesh_send_packet
                0x0001309c       0x3c ./L4_IO/wireless/src/mesh.o
 .text.mesh_send_retry_packet
                0x000130d8       0x34 ./L4_IO/wireless/src/mesh.o
 .text.mesh_find_rte_tbl_entry
                0x0001310c       0x24 ./L4_IO/wireless/src/mesh.o
 .text.mesh_update_rte_scores
                0x00013130       0x28 ./L4_IO/wireless/src/mesh.o
 .text.mesh_get_pnd_pkt_slot
                0x00013158       0x42 ./L4_IO/wireless/src/mesh.o
 *fill*         0x0001319a        0x2 
 .text.mesh_pending_packets_add
                0x0001319c       0x90 ./L4_IO/wireless/src/mesh.o
 .text.mesh_get_rte_to_modify
                0x0001322c       0x60 ./L4_IO/wireless/src/mesh.o
 .text.mesh_handle_pnd_pkts_for_arr
                0x0001328c      0x180 ./L4_IO/wireless/src/mesh.o
 .text.mesh_set_node_address
                0x0001340c       0x18 ./L4_IO/wireless/src/mesh.o
                0x0001340c                mesh_set_node_address
 .text.mesh_get_node_address
                0x00013424        0xc ./L4_IO/wireless/src/mesh.o
                0x00013424                mesh_get_node_address
 .text.mesh_set_retry_count
                0x00013430       0x10 ./L4_IO/wireless/src/mesh.o
                0x00013430                mesh_set_retry_count
 .text.mesh_form_pkt
                0x00013440       0xfc ./L4_IO/wireless/src/mesh.o
                0x00013440                mesh_form_pkt
 .text.mesh_send_formed_pkt
                0x0001353c       0x50 ./L4_IO/wireless/src/mesh.o
                0x0001353c                mesh_send_formed_pkt
 .text.mesh_init
                0x0001358c      0x104 ./L4_IO/wireless/src/mesh.o
                0x0001358c                mesh_init
 .text.mesh_send
                0x00013690       0x3e ./L4_IO/wireless/src/mesh.o
                0x00013690                mesh_send
 .text.mesh_send_ack
                0x000136ce       0x1a ./L4_IO/wireless/src/mesh.o
 .text.mesh_get_routing_entry
                0x000136e8       0x2c ./L4_IO/wireless/src/mesh.o
                0x000136e8                mesh_get_routing_entry
 .text.mesh_get_num_routing_entries
                0x00013714       0x1c ./L4_IO/wireless/src/mesh.o
                0x00013714                mesh_get_num_routing_entries
 .text.mesh_service
                0x00013730      0x2c4 ./L4_IO/wireless/src/mesh.o
                0x00013730                mesh_service
 .text.mesh_get_pnd_pkt_count
                0x000139f4       0x34 ./L4_IO/wireless/src/mesh.o
                0x000139f4                mesh_get_pnd_pkt_count
 .text.mesh_get_max_timeout_before_packet_fails
                0x00013a28       0x24 ./L4_IO/wireless/src/mesh.o
                0x00013a28                mesh_get_max_timeout_before_packet_fails
 .text.mesh_get_stats
                0x00013a4c       0x14 ./L4_IO/wireless/src/mesh.o
                0x00013a4c                mesh_get_stats
 .text.nordic_transfer
                0x00013a60      0x110 ./L4_IO/wireless/src/nrf24L01Plus.o
 .text.nordic_readRegister
                0x00013b70       0x20 ./L4_IO/wireless/src/nrf24L01Plus.o
 .text.nordic_writeRegister
                0x00013b90       0x20 ./L4_IO/wireless/src/nrf24L01Plus.o
 .text.nordic_is_tx_fifo_empty
                0x00013bb0        0xe ./L4_IO/wireless/src/nrf24L01Plus.o
                0x00013bb0                nordic_is_tx_fifo_empty
 .text.nordic_clear_all_intr_flags
                0x00013bbe        0x8 ./L4_IO/wireless/src/nrf24L01Plus.o
                0x00013bbe                nordic_clear_all_intr_flags
 .text.nordic_queue_tx_fifo
                0x00013bc6        0xe ./L4_IO/wireless/src/nrf24L01Plus.o
                0x00013bc6                nordic_queue_tx_fifo
 .text.nordic_standby1_to_tx_mode1
                0x00013bd4       0x16 ./L4_IO/wireless/src/nrf24L01Plus.o
                0x00013bd4                nordic_standby1_to_tx_mode1
 *fill*         0x00013bea        0x2 
 .text.nordic_rx_to_Stanby1
                0x00013bec       0x10 ./L4_IO/wireless/src/nrf24L01Plus.o
                0x00013bec                nordic_rx_to_Stanby1
 .text.nordic_standby1_to_rx
                0x00013bfc       0x24 ./L4_IO/wireless/src/nrf24L01Plus.o
                0x00013bfc                nordic_standby1_to_rx
 .text.nordic_clear_packet_sent_flag
                0x00013c20        0x8 ./L4_IO/wireless/src/nrf24L01Plus.o
                0x00013c20                nordic_clear_packet_sent_flag
 .text.nordic_flush_tx_fifo
                0x00013c28        0xc ./L4_IO/wireless/src/nrf24L01Plus.o
                0x00013c28                nordic_flush_tx_fifo
 .text.nordic_mode1_send_single_packet
                0x00013c34       0x4c ./L4_IO/wireless/src/nrf24L01Plus.o
                0x00013c34                nordic_mode1_send_single_packet
 .text.nordic_is_packet_available
                0x00013c80       0x12 ./L4_IO/wireless/src/nrf24L01Plus.o
                0x00013c80                nordic_is_packet_available
 .text.nordic_clear_packet_available_flag
                0x00013c92        0x8 ./L4_IO/wireless/src/nrf24L01Plus.o
                0x00013c92                nordic_clear_packet_available_flag
 .text.nordic_read_rx_fifo
                0x00013c9a       0x16 ./L4_IO/wireless/src/nrf24L01Plus.o
                0x00013c9a                nordic_read_rx_fifo
 .text.nordic_flush_rx_fifo
                0x00013cb0        0xc ./L4_IO/wireless/src/nrf24L01Plus.o
                0x00013cb0                nordic_flush_rx_fifo
 .text.nordic_set_intr_signals
                0x00013cbc       0x3e ./L4_IO/wireless/src/nrf24L01Plus.o
                0x00013cbc                nordic_set_intr_signals
 .text.nordic_set_crc
                0x00013cfa       0x38 ./L4_IO/wireless/src/nrf24L01Plus.o
                0x00013cfa                nordic_set_crc
 .text.nordic_power_up
                0x00013d32       0x18 ./L4_IO/wireless/src/nrf24L01Plus.o
                0x00013d32                nordic_power_up
 .text.nordic_power_down
                0x00013d4a       0x16 ./L4_IO/wireless/src/nrf24L01Plus.o
                0x00013d4a                nordic_power_down
 .text.nordic_set_channel
                0x00013d60       0x24 ./L4_IO/wireless/src/nrf24L01Plus.o
                0x00013d60                nordic_set_channel
 .text.nordic_set_air_data_rate
                0x00013d84       0x2c ./L4_IO/wireless/src/nrf24L01Plus.o
                0x00013d84                nordic_set_air_data_rate
 .text.nordic_set_power_level
                0x00013db0       0x24 ./L4_IO/wireless/src/nrf24L01Plus.o
                0x00013db0                nordic_set_power_level
 .text.nordic_set_auto_transmit_options
                0x00013dd4       0x32 ./L4_IO/wireless/src/nrf24L01Plus.o
                0x00013dd4                nordic_set_auto_transmit_options
 .text.nordic_set_payload_for_pipe
                0x00013e06       0x14 ./L4_IO/wireless/src/nrf24L01Plus.o
                0x00013e06                nordic_set_payload_for_pipe
 .text.nordic_set_addr_width
                0x00013e1a       0x16 ./L4_IO/wireless/src/nrf24L01Plus.o
                0x00013e1a                nordic_set_addr_width
 .text.nordic_set_tx_address
                0x00013e30        0xe ./L4_IO/wireless/src/nrf24L01Plus.o
                0x00013e30                nordic_set_tx_address
 .text.nordic_set_rx_pipe0_addr
                0x00013e3e        0xe ./L4_IO/wireless/src/nrf24L01Plus.o
                0x00013e3e                nordic_set_rx_pipe0_addr
 .text.nordic_init
                0x00013e4c       0xc8 ./L4_IO/wireless/src/nrf24L01Plus.o
                0x00013e4c                nordic_init
 .text.nrf_irq_callback
                0x00013f14       0x30 ./L4_IO/wireless/src/wireless.o
 .text.nrf_driver_init
                0x00013f44       0x70 ./L4_IO/wireless/src/wireless.o
 .text.nrf_driver_app_recv
                0x00013fb4       0x50 ./L4_IO/wireless/src/wireless.o
 .text.nrf_driver_send
                0x00014004       0x5c ./L4_IO/wireless/src/wireless.o
 .text.nrf_driver_receive
                0x00014060       0x22 ./L4_IO/wireless/src/wireless.o
 .text.wireless_get_queued_pkt
                0x00014082       0x64 ./L4_IO/wireless/src/wireless.o
 .text.nrf_driver_get_timer
                0x000140e6       0x28 ./L4_IO/wireless/src/wireless.o
 *fill*         0x0001410e        0x2 
 .text.wireless_init
                0x00014110       0x4c ./L4_IO/wireless/src/wireless.o
                0x00014110                wireless_init
 .text.wireless_get_rx_pkt
                0x0001415c       0x14 ./L4_IO/wireless/src/wireless.o
                0x0001415c                wireless_get_rx_pkt
 .text.wireless_get_ack_pkt
                0x00014170       0x14 ./L4_IO/wireless/src/wireless.o
                0x00014170                wireless_get_ack_pkt
 .text.wireless_service
                0x00014184       0x4c ./L4_IO/wireless/src/wireless.o
                0x00014184                wireless_service
 .text._Z10bus_off_cbm
                0x000141d0        0xc ./L4_IO/src/geo_controller.o
                0x000141d0                bus_off_cb(unsigned long)
 .text._Z11data_ovr_cbm
                0x000141dc        0x6 ./L4_IO/src/geo_controller.o
                0x000141dc                data_ovr_cb(unsigned long)
 *fill*         0x000141e2        0x2 
 .text._Z19geo_controller_initv
                0x000141e4       0xe4 ./L4_IO/src/geo_controller.o
                0x000141e4                geo_controller_init()
 .text.geo_send_gps
                0x000142c8       0x88 ./L4_IO/src/geo_controller.o
                0x000142c8                geo_send_gps
 .text.calculateBearing
                0x00014350      0x168 ./L4_IO/src/geo_controller.o
                0x00014350                calculateBearing
 .text.calculateDistance
                0x000144b8      0x180 ./L4_IO/src/geo_controller.o
                0x000144b8                calculateDistance
 .text.geo_send_heading
                0x00014638      0x108 ./L4_IO/src/geo_controller.o
                0x00014638                geo_send_heading
 .text.receive_master_checkpoint
                0x00014740       0x64 ./L4_IO/src/geo_controller.o
                0x00014740                receive_master_checkpoint
 .text._ZN4GPIOC2E17LPC1758_GPIO_Type
                0x000147a4       0x4c ./L4_IO/src/gpio.o
                0x000147a4                GPIO::GPIO(LPC1758_GPIO_Type)
                0x000147a4                GPIO::GPIO(LPC1758_GPIO_Type)
 .text._ZN4GPIO10setAsInputEv
                0x000147f0       0x12 ./L4_IO/src/gpio.o
                0x000147f0                GPIO::setAsInput()
 .text._ZN4GPIO11setAsOutputEv
                0x00014802       0x10 ./L4_IO/src/gpio.o
                0x00014802                GPIO::setAsOutput()
 .text._ZN4GPIO7setHighEv
                0x00014812        0xc ./L4_IO/src/gpio.o
                0x00014812                GPIO::setHigh()
 .text._ZN4GPIO6setLowEv
                0x0001481e        0xc ./L4_IO/src/gpio.o
                0x0001481e                GPIO::setLow()
 .text._ZN4GPIO3setEb
                0x0001482a        0xa ./L4_IO/src/gpio.o
                0x0001482a                GPIO::set(bool)
 .text._ZN4GPIO12enablePullUpEv
                0x00014834       0x20 ./L4_IO/src/gpio.o
                0x00014834                GPIO::enablePullUp()
 .text._ZN4GPIO19enableOpenDrainModeEb
                0x00014854       0x2c ./L4_IO/src/gpio.o
                0x00014854                GPIO::enableOpenDrainMode(bool)
 .text._ZN4GPIOD2Ev
                0x00014880       0x1a ./L4_IO/src/gpio.o
                0x00014880                GPIO::~GPIO()
                0x00014880                GPIO::~GPIO()
 .text._ZN7IMUTaskD2Ev
                0x0001489a        0x2 ./L4_IO/src/imu.o
                0x0001489a                IMUTask::~IMUTask()
                0x0001489a                IMUTask::~IMUTask()
 .text._ZN7IMUTaskD0Ev
                0x0001489c        0xc ./L4_IO/src/imu.o
                0x0001489c                IMUTask::~IMUTask()
 .text._ZN3imu8resetIMUEv
                0x000148a8       0x1e ./L4_IO/src/imu.o
                0x000148a8                imu::resetIMU()
 .text._ZN3imu18sendYawReadCommandEPKc
                0x000148c6        0xe ./L4_IO/src/imu.o
                0x000148c6                imu::sendYawReadCommand(char const*)
 .text._ZN3imu19getYawReadingStringEv
                0x000148d4       0x2e ./L4_IO/src/imu.o
                0x000148d4                imu::getYawReadingString()
 .text._ZN3imu8getValueEPcj
                0x00014902       0x14 ./L4_IO/src/imu.o
                0x00014902                imu::getValue(char*, unsigned int)
 .text._ZN3imu11clearBufferEv
                0x00014916        0xa ./L4_IO/src/imu.o
                0x00014916                imu::clearBuffer()
 .text._ZN3imuC2Ev
                0x00014920       0x98 ./L4_IO/src/imu.o
                0x00014920                imu::imu()
                0x00014920                imu::imu()
 .text._ZN17SingletonTemplateI3imuE11getInstanceEv
                0x000149b8       0x20 ./L4_IO/src/imu.o
                0x000149b8                SingletonTemplate<imu>::getInstance()
 .text._ZN7IMUTask3runEPv
                0x000149d8       0x2a ./L4_IO/src/imu.o
                0x000149d8                IMUTask::run(void*)
 *fill*         0x00014a02        0x2 
 .text._ZN3imu10getHeadingEv
                0x00014a04       0xa4 ./L4_IO/src/imu.o
                0x00014a04                imu::getHeading()
 .text._ZN11i2c2_device8writeRegEhh
                0x00014aa8       0x16 ./L4_IO/src/io_source.o
                0x00014aa8                i2c2_device::writeReg(unsigned char, unsigned char)
 .text._ZN11i2c2_device16get16BitRegisterEh
                0x00014abe       0x28 ./L4_IO/src/io_source.o
                0x00014abe                i2c2_device::get16BitRegister(unsigned char)
 .text._ZN19Acceleration_Sensor4initEv
                0x00014ae6       0x20 ./L4_IO/src/io_source.o
                0x00014ae6                Acceleration_Sensor::init()
 *fill*         0x00014b06        0x2 
 .text._ZN9IR_Sensor11storeIrCodeEm
                0x00014b08       0x1c ./L4_IO/src/io_source.o
                0x00014b08                IR_Sensor::storeIrCode(unsigned long)
 .text._ZN9IR_Sensor12decodeIrCodeEv
                0x00014b24       0x60 ./L4_IO/src/io_source.o
                0x00014b24                IR_Sensor::decodeIrCode()
 .text._ZN9IR_Sensor4initEv
                0x00014b84       0x34 ./L4_IO/src/io_source.o
                0x00014b84                IR_Sensor::init()
 .text._ZN11LED_Display12setLeftDigitEc
                0x00014bb8       0x18 ./L4_IO/src/io_source.o
                0x00014bb8                LED_Display::setLeftDigit(char)
 .text._ZN11LED_Display13setRightDigitEc
                0x00014bd0       0x18 ./L4_IO/src/io_source.o
                0x00014bd0                LED_Display::setRightDigit(char)
 .text._ZN11LED_Display4initEv
                0x00014be8       0x38 ./L4_IO/src/io_source.o
                0x00014be8                LED_Display::init()
 .text._ZN11LED_Display9setNumberEc
                0x00014c20       0x3c ./L4_IO/src/io_source.o
                0x00014c20                LED_Display::setNumber(char)
 .text._ZN3LED4initEv
                0x00014c5c        0x4 ./L4_IO/src/io_source.o
                0x00014c5c                LED::init()
 .text._ZN3LED6setAllEh
                0x00014c60       0x5c ./L4_IO/src/io_source.o
                0x00014c60                LED::setAll(unsigned char)
 .text._ZN3LED2onEh
                0x00014cbc       0x26 ./L4_IO/src/io_source.o
                0x00014cbc                LED::on(unsigned char)
 .text._ZN3LED3offEh
                0x00014ce2       0x26 ./L4_IO/src/io_source.o
                0x00014ce2                LED::off(unsigned char)
 .text._ZN12Light_Sensor4initEv
                0x00014d08        0x4 ./L4_IO/src/io_source.o
                0x00014d08                Light_Sensor::init()
 .text._ZN12Light_Sensor11getRawValueEv
                0x00014d0c        0x6 ./L4_IO/src/io_source.o
                0x00014d0c                Light_Sensor::getRawValue()
 .text._ZN8Switches4initEv
                0x00014d12        0x4 ./L4_IO/src/io_source.o
                0x00014d12                Switches::init()
 *fill*         0x00014d16        0x2 
 .text._ZN8Switches15getSwitchValuesEv
                0x00014d18       0x18 ./L4_IO/src/io_source.o
                0x00014d18                Switches::getSwitchValues()
 .text._ZN8I2C_Temp4initEv
                0x00014d30       0x22 ./L4_IO/src/io_source.o
                0x00014d30                I2C_Temp::init()
 .text._ZN8I2C_Temp10getCelsiusEv
                0x00014d52       0x32 ./L4_IO/src/io_source.o
                0x00014d52                I2C_Temp::getCelsius()
 .text._ZN8I2C_Temp12getFarenheitEv
                0x00014d84       0x24 ./L4_IO/src/io_source.o
                0x00014d84                I2C_Temp::getFarenheit()
 .text._ZN7Storage4copyEPKcS1_PjS2_S2_
                0x00014da8       0xfa ./L4_IO/src/storage.o
                0x00014da8                Storage::copy(char const*, char const*, unsigned int*, unsigned int*, unsigned int*)
 .text._ZN7Storage4readEPKcPvjj
                0x00014ea2       0x46 ./L4_IO/src/storage.o
                0x00014ea2                Storage::read(char const*, void*, unsigned int, unsigned int)
 .text._ZN7Storage5writeEPKcPvjj
                0x00014ee8       0x46 ./L4_IO/src/storage.o
                0x00014ee8                Storage::write(char const*, void*, unsigned int, unsigned int)
 .text._ZN7Storage6appendEPKcPKvjj
                0x00014f2e       0x4a ./L4_IO/src/storage.o
                0x00014f2e                Storage::append(char const*, void const*, unsigned int, unsigned int)
 .text.ff_convert
                0x00014f78       0x38 ./L4_IO/fat/option/ccsbcs.o
                0x00014f78                ff_convert
 .text.ff_wtoupper
                0x00014fb0       0x24 ./L4_IO/fat/option/ccsbcs.o
                0x00014fb0                ff_wtoupper
 .text.ff_cre_syncobj
                0x00014fd4       0x14 ./L4_IO/fat/option/reentrant.o
                0x00014fd4                ff_cre_syncobj
 .text.ff_del_syncobj
                0x00014fe8        0x4 ./L4_IO/fat/option/reentrant.o
                0x00014fe8                ff_del_syncobj
 .text.ff_req_grant
                0x00014fec       0x26 ./L4_IO/fat/option/reentrant.o
                0x00014fec                ff_req_grant
 .text.ff_rel_grant
                0x00015012       0x1e ./L4_IO/fat/option/reentrant.o
                0x00015012                ff_rel_grant
 .text.disk_initialize
                0x00015030       0x26 ./L4_IO/fat/disk/diskio.o
                0x00015030                disk_initialize
 .text.disk_status
                0x00015056       0x10 ./L4_IO/fat/disk/diskio.o
                0x00015056                disk_status
 .text.disk_read
                0x00015066       0x38 ./L4_IO/fat/disk/diskio.o
                0x00015066                disk_read
 .text.disk_write
                0x0001509e       0x38 ./L4_IO/fat/disk/diskio.o
                0x0001509e                disk_write
 .text.disk_ioctl
                0x000150d6       0x32 ./L4_IO/fat/disk/diskio.o
                0x000150d6                disk_ioctl
 .text.sys_get_uptime_ms
                0x00015108       0x12 ./L4_IO/fat/disk/sd.o
 *fill*         0x0001511a        0x2 
 .text.ssp_set_max_clock.constprop.2
                0x0001511c       0x30 ./L4_IO/fat/disk/sd.o
 .text.ssp1_exchange_byte
                0x0001514c       0x18 ./L4_IO/fat/disk/sd.o
 .text.wait_ready
                0x00015164       0x2e ./L4_IO/fat/disk/sd.o
                0x00015164                wait_ready
 *fill*         0x00015192        0x2 
 .text.power_off
                0x00015194       0x24 ./L4_IO/fat/disk/sd.o
                0x00015194                power_off
 .text.rcvr_datablock
                0x000151b8       0x84 ./L4_IO/fat/disk/sd.o
                0x000151b8                rcvr_datablock
 .text.xmit_datablock
                0x0001523c       0x4c ./L4_IO/fat/disk/sd.o
                0x0001523c                xmit_datablock
 .text.send_cmd
                0x00015288       0x8c ./L4_IO/fat/disk/sd.o
                0x00015288                send_cmd
 .text.sd_update_card_status
                0x00015314       0x24 ./L4_IO/fat/disk/sd.o
                0x00015314                sd_update_card_status
 .text.sd_initialize
                0x00015338      0x15c ./L4_IO/fat/disk/sd.o
                0x00015338                sd_initialize
 .text.sd_status
                0x00015494       0x10 ./L4_IO/fat/disk/sd.o
                0x00015494                sd_status
 .text.sd_read  0x000154a4       0x9c ./L4_IO/fat/disk/sd.o
                0x000154a4                sd_read
 .text.sd_write
                0x00015540       0xb4 ./L4_IO/fat/disk/sd.o
                0x00015540                sd_write
 .text.sd_ioctl
                0x000155f4      0x228 ./L4_IO/fat/disk/sd.o
                0x000155f4                sd_ioctl
 .text._ZL24flash_get_mem_size_bytesv
                0x0001581c       0x20 ./L4_IO/fat/disk/spi_flash.o
 .text._ZL37flash_perform_page_io_of_fatfs_sectorPFvPhmmES_m
                0x0001583c       0x74 ./L4_IO/fat/disk/spi_flash.o
 .text.ssp1_exchange_data
                0x000158b0       0xcc ./L4_IO/fat/disk/spi_flash.o
 .text._ZL18flash_send_op_addr14flash_opcode_tm
                0x0001597c       0x24 ./L4_IO/fat/disk/spi_flash.o
 .text._ZL15flash_read_pagePhmm
                0x000159a0       0x44 ./L4_IO/fat/disk/spi_flash.o
 .text._ZL20flash_wait_for_readyv
                0x000159e4       0x40 ./L4_IO/fat/disk/spi_flash.o
 .text.flash_initialize
                0x00015a24       0x98 ./L4_IO/fat/disk/spi_flash.o
                0x00015a24                flash_initialize
 .text.flash_read_sectors
                0x00015abc       0x4c ./L4_IO/fat/disk/spi_flash.o
                0x00015abc                flash_read_sectors
 .text.flash_write_sectors
                0x00015b08       0x48 ./L4_IO/fat/disk/spi_flash.o
                0x00015b08                flash_write_sectors
 .text.flash_ioctl
                0x00015b50       0x38 ./L4_IO/fat/disk/spi_flash.o
                0x00015b50                flash_ioctl
 .text.flash_write_permanent_id
                0x00015b88       0x44 ./L4_IO/fat/disk/spi_flash.o
                0x00015b88                flash_write_permanent_id
 .text.flash_read_permanent_id
                0x00015bcc       0x28 ./L4_IO/fat/disk/spi_flash.o
                0x00015bcc                flash_read_permanent_id
 .text.flash_get_page_count
                0x00015bf4       0x20 ./L4_IO/fat/disk/spi_flash.o
                0x00015bf4                flash_get_page_count
 .text.flash_get_page_size
                0x00015c14        0xc ./L4_IO/fat/disk/spi_flash.o
                0x00015c14                flash_get_page_size
 .text.flash_supports_metadata
                0x00015c20       0x10 ./L4_IO/fat/disk/spi_flash.o
                0x00015c20                flash_supports_metadata
 .text._ZL16flash_write_pagePhmm
                0x00015c30       0x8c ./L4_IO/fat/disk/spi_flash.o
 .text.flash_get_page_write_count
                0x00015cbc       0x54 ./L4_IO/fat/disk/spi_flash.o
                0x00015cbc                flash_get_page_write_count
 .text.flash_chip_erase
                0x00015d10       0x28 ./L4_IO/fat/disk/spi_flash.o
                0x00015d10                flash_chip_erase
 .text.get_fattime
                0x00015d38       0x52 ./L4_IO/fat/fatfs_time.o
                0x00015d38                get_fattime
 .text.mem_cpy  0x00015d8a       0x38 ./L4_IO/fat/ff.o
 .text.mem_set  0x00015dc2        0xe ./L4_IO/fat/ff.o
 .text.sum_sfn  0x00015dd0       0x1e ./L4_IO/fat/ff.o
 .text.get_ldnumber
                0x00015dee       0x3e ./L4_IO/fat/ff.o
 .text.get_fileinfo
                0x00015e2c       0xc0 ./L4_IO/fat/ff.o
 .text.sync_window
                0x00015eec       0x4a ./L4_IO/fat/ff.o
 *fill*         0x00015f36        0x2 
 .text.sync_fs  0x00015f38       0x78 ./L4_IO/fat/ff.o
 .text.move_window
                0x00015fb0       0x34 ./L4_IO/fat/ff.o
 .text.check_fs
                0x00015fe4       0x4c ./L4_IO/fat/ff.o
 .text.find_volume
                0x00016030      0x220 ./L4_IO/fat/ff.o
 .text.validate
                0x00016250       0x3a ./L4_IO/fat/ff.o
 .text.unlock_fs
                0x0001628a       0x1a ./L4_IO/fat/ff.o
 .text.clust2sect
                0x000162a4       0x16 ./L4_IO/fat/ff.o
                0x000162a4                clust2sect
 .text.get_fat  0x000162ba       0xa6 ./L4_IO/fat/ff.o
                0x000162ba                get_fat
 .text.dir_sdi  0x00016360       0x82 ./L4_IO/fat/ff.o
 .text.put_fat  0x000163e2       0xd0 ./L4_IO/fat/ff.o
                0x000163e2                put_fat
 .text.create_chain
                0x000164b2       0xa2 ./L4_IO/fat/ff.o
 .text.dir_next
                0x00016554       0xee ./L4_IO/fat/ff.o
 *fill*         0x00016642        0x2 
 .text.dir_find
                0x00016644      0x12c ./L4_IO/fat/ff.o
 .text.follow_path
                0x00016770      0x25c ./L4_IO/fat/ff.o
 .text.dir_register
                0x000169cc      0x208 ./L4_IO/fat/ff.o
 .text.dir_remove
                0x00016bd4       0x5a ./L4_IO/fat/ff.o
 *fill*         0x00016c2e        0x2 
 .text.dir_read.constprop.11
                0x00016c30       0xe0 ./L4_IO/fat/ff.o
 .text.remove_chain
                0x00016d10       0x5a ./L4_IO/fat/ff.o
 *fill*         0x00016d6a        0x2 
 .text.f_mount  0x00016d6c       0x7c ./L4_IO/fat/ff.o
                0x00016d6c                f_mount
 .text.f_open   0x00016de8      0x132 ./L4_IO/fat/ff.o
                0x00016de8                f_open
 .text.f_read   0x00016f1a      0x17c ./L4_IO/fat/ff.o
                0x00016f1a                f_read
 .text.f_write  0x00017096      0x1a8 ./L4_IO/fat/ff.o
                0x00017096                f_write
 .text.f_sync   0x0001723e       0x8c ./L4_IO/fat/ff.o
                0x0001723e                f_sync
 .text.f_close  0x000172ca       0x24 ./L4_IO/fat/ff.o
                0x000172ca                f_close
 .text.f_lseek  0x000172ee      0x14c ./L4_IO/fat/ff.o
                0x000172ee                f_lseek
 .text.f_opendir
                0x0001743a       0x88 ./L4_IO/fat/ff.o
                0x0001743a                f_opendir
 .text.f_readdir
                0x000174c2       0x5e ./L4_IO/fat/ff.o
                0x000174c2                f_readdir
 .text.f_getfree
                0x00017520       0xca ./L4_IO/fat/ff.o
                0x00017520                f_getfree
 .text.f_unlink
                0x000175ea       0xba ./L4_IO/fat/ff.o
                0x000175ea                f_unlink
 .text.f_mkdir  0x000176a4      0x154 ./L4_IO/fat/ff.o
                0x000176a4                f_mkdir
 .text.f_rename
                0x000177f8      0x120 ./L4_IO/fat/ff.o
                0x000177f8                f_rename
 .text.f_mkfs   0x00017918      0x4f0 ./L4_IO/fat/ff.o
                0x00017918                f_mkfs
 .text.c_list_for_each_elm
                0x00017e08       0x2a ./L3_Utils/src/c_list.o
                0x00017e08                c_list_for_each_elm
 *fill*         0x00017e32        0x2 
 .text._ZN16CommandProcessor10addHandlerEPFbR3strR7CharDevPvEPKcS8_S4_
                0x00017e34       0x7c ./L3_Utils/src/command_handler.o
                0x00017e34                CommandProcessor::addHandler(bool (*)(str&, CharDev&, void*), char const*, char const*, void*)
 .text._ZN16CommandProcessor24getRegisteredCommandListER7CharDev
                0x00017eb0       0x9c ./L3_Utils/src/command_handler.o
                0x00017eb0                CommandProcessor::getRegisteredCommandList(CharDev&)
 .text._ZN16CommandProcessor11getHelpTextER3strR7CharDev
                0x00017f4c       0x70 ./L3_Utils/src/command_handler.o
                0x00017f4c                CommandProcessor::getHelpText(str&, CharDev&)
 .text._ZN16CommandProcessor15prepareCmdParamER3strPKc
                0x00017fbc       0x3c ./L3_Utils/src/command_handler.o
                0x00017fbc                CommandProcessor::prepareCmdParam(str&, char const*)
 .text._ZN16CommandProcessor13handleCommandER3strR7CharDev
                0x00017ff8      0x144 ./L3_Utils/src/command_handler.o
                0x00017ff8                CommandProcessor::handleCommand(str&, CharDev&)
 .text.logger_get_buffer_ptr
                0x0001813c       0x44 ./L3_Utils/src/file_logger.o
 .text.logger_write_to_file
                0x00018180       0xb0 ./L3_Utils/src/file_logger.o
 .text.logger_task
                0x00018230       0xc0 ./L3_Utils/src/file_logger.o
 .text.logger_write_log_message
                0x000182f0       0x4c ./L3_Utils/src/file_logger.o
 .text.logger_send_flush_request
                0x0001833c       0x34 ./L3_Utils/src/file_logger.o
                0x0001833c                logger_send_flush_request
 .text.logger_get_logged_call_count
                0x00018370       0x14 ./L3_Utils/src/file_logger.o
                0x00018370                logger_get_logged_call_count
 .text.logger_get_blocked_call_count
                0x00018384        0xc ./L3_Utils/src/file_logger.o
                0x00018384                logger_get_blocked_call_count
 .text.logger_get_highest_file_write_time_ms
                0x00018390        0xc ./L3_Utils/src/file_logger.o
                0x00018390                logger_get_highest_file_write_time_ms
 .text.logger_get_num_buffers_watermark
                0x0001839c        0xc ./L3_Utils/src/file_logger.o
                0x0001839c                logger_get_num_buffers_watermark
 .text.logger_init
                0x000183a8       0xd8 ./L3_Utils/src/file_logger.o
                0x000183a8                logger_init
 .text.logger_set_printf
                0x00018480       0x1c ./L3_Utils/src/file_logger.o
                0x00018480                logger_set_printf
 .text.logger_log
                0x0001849c      0x138 ./L3_Utils/src/file_logger.o
                0x0001849c                logger_log
 .text.logger_log_raw
                0x000185d4       0x40 ./L3_Utils/src/file_logger.o
                0x000185d4                logger_log_raw
 .text.u0_dbg_put
                0x00018614       0x1e ./L3_Utils/src/printf_lib.o
                0x00018614                u0_dbg_put
 .text.u0_dbg_printf
                0x00018632       0x3c ./L3_Utils/src/printf_lib.o
                0x00018632                u0_dbg_printf
 .text.for_each_recur_alarm_callback
                0x0001866e       0x26 ./L3_Utils/src/rtc_alarm.o
 .text.for_each_alarm_callback
                0x00018694       0x5c ./L3_Utils/src/rtc_alarm.o
 .text.RTC_IRQHandler
                0x000186f0       0xa4 ./L3_Utils/src/rtc_alarm.o
                0x000186f0                RTC_IRQHandler
 .text._ZL9printlinePKcS0_
                0x00018794       0xac ./L3_Utils/src/scheduler_task.o
 .text._ZL9dbg_printPKcS0_
                0x00018840       0x74 ./L3_Utils/src/scheduler_task.o
 .text._Z24scheduler_c_task_privatePv
                0x000188b4      0x118 ./L3_Utils/src/scheduler_task.o
                0x000188b4                scheduler_c_task_private(void*)
 .text._Z18scheduler_init_allb
                0x000189cc       0xec ./L3_Utils/src/scheduler_task.o
                0x000189cc                scheduler_init_all(bool)
 .text._Z18scheduler_add_taskP14scheduler_task
                0x00018ab8       0x1c ./L3_Utils/src/scheduler_task.o
                0x00018ab8                scheduler_add_task(scheduler_task*)
 .text._Z15scheduler_startbb
                0x00018ad4       0x44 ./L3_Utils/src/scheduler_task.o
                0x00018ad4                scheduler_start(bool, bool)
 .text._ZN14scheduler_taskC2EPKcmhPv
                0x00018b18       0x34 ./L3_Utils/src/scheduler_task.o
                0x00018b18                scheduler_task::scheduler_task(char const*, unsigned long, unsigned char, void*)
                0x00018b18                scheduler_task::scheduler_task(char const*, unsigned long, unsigned char, void*)
 .text._ZN14scheduler_task15getSharedObjectEh
                0x00018b4c       0x18 ./L3_Utils/src/scheduler_task.o
                0x00018b4c                scheduler_task::getSharedObject(unsigned char)
 .text._ZN3strC2EPci
                0x00018b64       0x2c ./L3_Utils/src/str.o
                0x00018b64                str::str(char*, int)
                0x00018b64                str::str(char*, int)
 .text._ZN3strD2Ev
                0x00018b90       0x24 ./L3_Utils/src/str.o
                0x00018b90                str::~str()
                0x00018b90                str::~str()
 .text._ZNK3str6getLenEv
                0x00018bb4        0x6 ./L3_Utils/src/str.o
                0x00018bb4                str::getLen() const
 .text._ZNK3str11getCapacityEv
                0x00018bba        0x4 ./L3_Utils/src/str.o
                0x00018bba                str::getCapacity() const
 .text._ZN3str5clearEv
                0x00018bbe        0x8 ./L3_Utils/src/str.o
                0x00018bbe                str::clear()
 .text._ZN3str5scanfEPKcz
                0x00018bc6       0x1c ./L3_Utils/src/str.o
                0x00018bc6                str::scanf(char const*, ...)
 .text._ZN3str8tokenizeEPKciz
                0x00018be2       0x4c ./L3_Utils/src/str.o
                0x00018be2                str::tokenize(char const*, int, ...)
 .text._ZNK3str9compareToEPKc
                0x00018c2e       0x14 ./L3_Utils/src/str.o
                0x00018c2e                str::compareTo(char const*) const
 .text._ZNK3str19compareToIgnoreCaseEPKc
                0x00018c42       0x10 ./L3_Utils/src/str.o
                0x00018c42                str::compareToIgnoreCase(char const*) const
 .text._ZNK3str22firstIndexOfIgnoreCaseEPKc
                0x00018c52       0x80 ./L3_Utils/src/str.o
                0x00018c52                str::firstIndexOfIgnoreCase(char const*) const
 .text._ZNK3str18containsIgnoreCaseEPKc
                0x00018cd2        0xe ./L3_Utils/src/str.o
                0x00018cd2                str::containsIgnoreCase(char const*) const
 .text._ZNK3str12firstIndexOfEPKc
                0x00018ce0       0x16 ./L3_Utils/src/str.o
                0x00018ce0                str::firstIndexOf(char const*) const
 .text._ZNK3str10beginsWithEPKc
                0x00018cf6       0x2e ./L3_Utils/src/str.o
                0x00018cf6                str::beginsWith(char const*) const
 .text._ZNK3str20beginsWithIgnoreCaseEPKc
                0x00018d24       0x2e ./L3_Utils/src/str.o
                0x00018d24                str::beginsWithIgnoreCase(char const*) const
 .text._ZNK3str29beginsWithWholeWordIgnoreCaseEPKcc
                0x00018d52       0x38 ./L3_Utils/src/str.o
                0x00018d52                str::beginsWithWholeWordIgnoreCase(char const*, char) const
 .text._ZN3str10eraseFirstEi
                0x00018d8a       0x28 ./L3_Utils/src/str.o
                0x00018d8a                str::eraseFirst(int)
 .text._ZN3str9eraseLastEi
                0x00018db2       0x20 ./L3_Utils/src/str.o
                0x00018db2                str::eraseLast(int)
 .text._ZN3str10eraseAfterEii
                0x00018dd2       0x38 ./L3_Utils/src/str.o
                0x00018dd2                str::eraseAfter(int, int)
 .text._ZN3str5eraseEPKc
                0x00018e0a       0x28 ./L3_Utils/src/str.o
                0x00018e0a                str::erase(char const*)
 .text._ZN3str15eraseFirstWordsEic
                0x00018e32       0x2a ./L3_Utils/src/str.o
                0x00018e32                str::eraseFirstWords(int, char)
 .text._ZN3str9trimStartEPKc
                0x00018e5c       0x40 ./L3_Utils/src/str.o
                0x00018e5c                str::trimStart(char const*)
 .text._ZN3str7trimEndEPKc
                0x00018e9c       0x3a ./L3_Utils/src/str.o
                0x00018e9c                str::trimEnd(char const*)
 .text._ZNK3streqEPKc
                0x00018ed6        0x4 ./L3_Utils/src/str.o
                0x00018ed6                str::operator==(char const*) const
 .text._ZNK3strclEv
                0x00018eda        0x4 ./L3_Utils/src/str.o
                0x00018eda                str::operator()() const
 .text._ZNK3strcviEv
                0x00018ede        0x6 ./L3_Utils/src/str.o
                0x00018ede                str::operator int() const
 .text._ZN3strixEi
                0x00018ee4       0x14 ./L3_Utils/src/str.o
                0x00018ee4                str::operator[](int)
 .text._ZN3str13reAllocateMemEi
                0x00018ef8       0x4c ./L3_Utils/src/str.o
                0x00018ef8                str::reAllocateMem(int)
 .text._ZN3str4initEi
                0x00018f44       0x10 ./L3_Utils/src/str.o
                0x00018f44                str::init(int)
 .text._ZN3strC2Ei
                0x00018f54        0xc ./L3_Utils/src/str.o
                0x00018f54                str::str(int)
                0x00018f54                str::str(int)
 .text._ZN3str7reserveEi
                0x00018f60        0xe ./L3_Utils/src/str.o
                0x00018f60                str::reserve(int)
 .text._ZN3str6printfEPKcz
                0x00018f6e       0x42 ./L3_Utils/src/str.o
                0x00018f6e                str::printf(char const*, ...)
 .text._ZN3str26ensureMemoryToInsertNCharsEi
                0x00018fb0       0x22 ./L3_Utils/src/str.o
                0x00018fb0                str::ensureMemoryToInsertNChars(int)
 .text._ZN3str11insertAtEndEPKc
                0x00018fd2       0x22 ./L3_Utils/src/str.o
                0x00018fd2                str::insertAtEnd(char const*)
 .text._ZN3strpLEc
                0x00018ff4       0x1a ./L3_Utils/src/str.o
                0x00018ff4                str::operator+=(char)
 .text._ZN3str8copyFromEPKc
                0x0001900e       0x3c ./L3_Utils/src/str.o
                0x0001900e                str::copyFrom(char const*)
 .text._ZN3straSEPKc
                0x0001904a        0x4 ./L3_Utils/src/str.o
                0x0001904a                str::operator=(char const*)
 .text.delay_us
                0x0001904e       0x1c ./L3_Utils/src/utilities.o
                0x0001904e                delay_us
 .text.is_freertos_running
                0x0001906a        0xe ./L3_Utils/src/utilities.o
                0x0001906a                is_freertos_running
 .text.delay_ms
                0x00019078       0x22 ./L3_Utils/src/utilities.o
                0x00019078                delay_ms
 *fill*         0x0001909a        0x2 
 .text.adc0_start_conversion
                0x0001909c       0x24 ./L2_Drivers/src/adc.o
 .text.ADC_IRQHandler
                0x000190c0       0x3c ./L2_Drivers/src/adc.o
                0x000190c0                ADC_IRQHandler
 .text.adc0_init
                0x000190fc       0x74 ./L2_Drivers/src/adc.o
                0x000190fc                adc0_init
 .text.adc0_get_reading
                0x00019170       0x78 ./L2_Drivers/src/adc.o
                0x00019170                adc0_get_reading
 .text.CAN_tx_now
                0x000191e8       0x32 ./L2_Drivers/src/can.o
 *fill*         0x0001921a        0x2 
 .text.CAN_handle_isr
                0x0001921c       0xa4 ./L2_Drivers/src/can.o
 .text.CAN_IRQHandler
                0x000192c0       0x28 ./L2_Drivers/src/can.o
                0x000192c0                CAN_IRQHandler
 .text.CAN_init
                0x000192e8      0x18c ./L2_Drivers/src/can.o
                0x000192e8                CAN_init
 .text.CAN_is_bus_off
                0x00019474       0x1c ./L2_Drivers/src/can.o
                0x00019474                CAN_is_bus_off
 .text.CAN_tx   0x00019490       0xa8 ./L2_Drivers/src/can.o
                0x00019490                CAN_tx
 .text.CAN_reset_bus
                0x00019538       0x18 ./L2_Drivers/src/can.o
                0x00019538                CAN_reset_bus
 .text.CAN_gen_sid
                0x00019550       0x34 ./L2_Drivers/src/can.o
                0x00019550                CAN_gen_sid
 .text.CAN_fullcan_add_entry
                0x00019584       0x5c ./L2_Drivers/src/can.o
                0x00019584                CAN_fullcan_add_entry
 .text.CAN_fullcan_get_entry_ptr
                0x000195e0       0x6c ./L2_Drivers/src/can.o
                0x000195e0                CAN_fullcan_get_entry_ptr
 .text.CAN_fullcan_read_msg_copy
                0x0001964c       0x4c ./L2_Drivers/src/can.o
                0x0001964c                CAN_fullcan_read_msg_copy
 .text.handle_eint_list
                0x00019698       0x2c ./L2_Drivers/src/eint.o
 .text.eint3_enable.isra.0
                0x000196c4       0x38 ./L2_Drivers/src/eint.o
 .text.EINT3_IRQHandler
                0x000196fc       0x80 ./L2_Drivers/src/eint.o
                0x000196fc                EINT3_IRQHandler
 .text.eint3_enable_port0
                0x0001977c       0x30 ./L2_Drivers/src/eint.o
                0x0001977c                eint3_enable_port0
 .text._ZN4I2C24initEj
                0x000197ac       0x6c ./L2_Drivers/src/i2c2.o
                0x000197ac                I2C2::init(unsigned int)
 .text._ZN4I2C2C2Ev
                0x00019818       0x14 ./L2_Drivers/src/i2c2.o
                0x00019818                I2C2::I2C2()
                0x00019818                I2C2::I2C2()
 .text.I2C2_IRQHandler
                0x0001982c       0x24 ./L2_Drivers/src/i2c2.o
                0x0001982c                I2C2_IRQHandler
 .text.RIT_IRQHandler
                0x00019850       0x1c ./L2_Drivers/src/lpc_rit.o
                0x00019850                RIT_IRQHandler
 .text.lpc_timer_get_struct
                0x0001986c       0x20 ./L2_Drivers/src/lpc_timers.o
 .text.lpc_timer_enable
                0x0001988c       0x50 ./L2_Drivers/src/lpc_timers.o
                0x0001988c                lpc_timer_enable
 .text._ZN12NordicStream5flushEv
                0x000198dc       0x62 ./L2_Drivers/src/nrf_stream.o
                0x000198dc                NordicStream::flush()
 *fill*         0x0001993e        0x2 
 .text._ZN12NordicStreamD2Ev
                0x00019940       0x14 ./L2_Drivers/src/nrf_stream.o
                0x00019940                NordicStream::~NordicStream()
                0x00019940                NordicStream::~NordicStream()
 .text._ZN12NordicStreamD0Ev
                0x00019954       0x12 ./L2_Drivers/src/nrf_stream.o
                0x00019954                NordicStream::~NordicStream()
 .text._ZN12NordicStream7putCharEcj
                0x00019966       0x22 ./L2_Drivers/src/nrf_stream.o
                0x00019966                NordicStream::putChar(char, unsigned int)
 .text._ZN12NordicStream7getCharEPcj
                0x00019988       0x40 ./L2_Drivers/src/nrf_stream.o
                0x00019988                NordicStream::getChar(char*, unsigned int)
 .text._ZN12NordicStreamC2Ev
                0x000199c8       0x40 ./L2_Drivers/src/nrf_stream.o
                0x000199c8                NordicStream::NordicStream()
                0x000199c8                NordicStream::NordicStream()
 .text.rtc_gettime
                0x00019a08       0x50 ./L2_Drivers/src/rtc.o
                0x00019a08                rtc_gettime
 .text.rtc_settime
                0x00019a58       0x68 ./L2_Drivers/src/rtc.o
                0x00019a58                rtc_settime
 .text.rtc_init
                0x00019ac0       0xd0 ./L2_Drivers/src/rtc.o
                0x00019ac0                rtc_init
 .text.rtc_get_date_time_str
                0x00019b90       0x14 ./L2_Drivers/src/rtc.o
                0x00019b90                rtc_get_date_time_str
 .text.ssp1_dma_init
                0x00019ba4       0x1c ./L2_Drivers/src/spi_dma.o
                0x00019ba4                ssp1_dma_init
 .text.ssp1_dma_transfer_block
                0x00019bc0       0xc4 ./L2_Drivers/src/spi_dma.o
                0x00019bc0                ssp1_dma_transfer_block
 .text.spi1_lock
                0x00019c84       0x30 ./L2_Drivers/src/spi_sem.o
                0x00019c84                spi1_lock
 .text.spi1_unlock
                0x00019cb4       0x24 ./L2_Drivers/src/spi_sem.o
                0x00019cb4                spi1_unlock
 .text._ZN5Uart0D2Ev
                0x00019cd8       0x14 ./L2_Drivers/src/uart0.o
                0x00019cd8                Uart0::~Uart0()
                0x00019cd8                Uart0::~Uart0()
 .text._ZN5Uart0D0Ev
                0x00019cec       0x12 ./L2_Drivers/src/uart0.o
                0x00019cec                Uart0::~Uart0()
 *fill*         0x00019cfe        0x2 
 .text._ZN5Uart04initEjii
                0x00019d00       0x40 ./L2_Drivers/src/uart0.o
                0x00019d00                Uart0::init(unsigned int, int, int)
 .text._ZN5Uart0C2Ev
                0x00019d40       0x1c ./L2_Drivers/src/uart0.o
                0x00019d40                Uart0::Uart0()
                0x00019d40                Uart0::Uart0()
 .text.UART0_IRQHandler
                0x00019d5c       0x24 ./L2_Drivers/src/uart0.o
                0x00019d5c                UART0_IRQHandler
 .text._ZN5Uart3D2Ev
                0x00019d80       0x14 ./L2_Drivers/src/uart3.o
                0x00019d80                Uart3::~Uart3()
                0x00019d80                Uart3::~Uart3()
 .text._ZN5Uart3D0Ev
                0x00019d94       0x12 ./L2_Drivers/src/uart3.o
                0x00019d94                Uart3::~Uart3()
 *fill*         0x00019da6        0x2 
 .text._ZN5Uart34initEjii
                0x00019da8       0x40 ./L2_Drivers/src/uart3.o
                0x00019da8                Uart3::init(unsigned int, int, int)
 .text._ZN5Uart3C2Ev
                0x00019de8       0x1c ./L2_Drivers/src/uart3.o
                0x00019de8                Uart3::Uart3()
                0x00019de8                Uart3::Uart3()
 .text.UART3_IRQHandler
                0x00019e04       0x24 ./L2_Drivers/src/uart3.o
                0x00019e04                UART3_IRQHandler
 .text._ZN7CharDev5flushEv
                0x00019e28        0x4 ./L2_Drivers/base/char_dev.o
                0x00019e28                CharDev::flush()
 .text._ZN7CharDev3putEPKcj
                0x00019e2c       0x26 ./L2_Drivers/base/char_dev.o
                0x00019e2c                CharDev::put(char const*, unsigned int)
 *fill*         0x00019e52        0x2 
 .text._ZN7CharDev7putlineEPKcj
                0x00019e54       0x1c ./L2_Drivers/base/char_dev.o
                0x00019e54                CharDev::putline(char const*, unsigned int)
 .text._ZN7CharDev4getsEPcij
                0x00019e70       0x50 ./L2_Drivers/base/char_dev.o
                0x00019e70                CharDev::gets(char*, int, unsigned int)
 .text._ZN7CharDev6printfEPKcz
                0x00019ec0       0x78 ./L2_Drivers/base/char_dev.o
                0x00019ec0                CharDev::printf(char const*, ...)
 .text._ZN7CharDevC2Ev
                0x00019f38       0x20 ./L2_Drivers/base/char_dev.o
                0x00019f38                CharDev::CharDev()
                0x00019f38                CharDev::CharDev()
 .text._ZN7CharDevD2Ev
                0x00019f58       0x18 ./L2_Drivers/base/char_dev.o
                0x00019f58                CharDev::~CharDev()
                0x00019f58                CharDev::~CharDev()
 .text._ZN8I2C_Base8transferEhhPhm
                0x00019f70       0xda ./L2_Drivers/base/i2c_base.o
                0x00019f70                I2C_Base::transfer(unsigned char, unsigned char, unsigned char*, unsigned long)
 .text._ZN8I2C_Base13readRegistersEhhPhm
                0x0001a04a        0x8 ./L2_Drivers/base/i2c_base.o
                0x0001a04a                I2C_Base::readRegisters(unsigned char, unsigned char, unsigned char*, unsigned long)
 .text._ZN8I2C_Base7readRegEhh
                0x0001a052       0x1a ./L2_Drivers/base/i2c_base.o
                0x0001a052                I2C_Base::readReg(unsigned char, unsigned char)
 .text._ZN8I2C_Base14writeRegistersEhhPhm
                0x0001a06c        0x8 ./L2_Drivers/base/i2c_base.o
                0x0001a06c                I2C_Base::writeRegisters(unsigned char, unsigned char, unsigned char*, unsigned long)
 .text._ZN8I2C_Base8writeRegEhhh
                0x0001a074       0x16 ./L2_Drivers/base/i2c_base.o
                0x0001a074                I2C_Base::writeReg(unsigned char, unsigned char, unsigned char)
 .text._ZN8I2C_Base19checkDeviceResponseEh
                0x0001a08a       0x16 ./L2_Drivers/base/i2c_base.o
                0x0001a08a                I2C_Base::checkDeviceResponse(unsigned char)
 .text._ZN8I2C_BaseC2EP15LPC_I2C_TypeDef
                0x0001a0a0       0x5c ./L2_Drivers/base/i2c_base.o
                0x0001a0a0                I2C_Base::I2C_Base(LPC_I2C_TypeDef*)
                0x0001a0a0                I2C_Base::I2C_Base(LPC_I2C_TypeDef*)
 .text._ZN8I2C_Base4initEmm
                0x0001a0fc       0x8c ./L2_Drivers/base/i2c_base.o
                0x0001a0fc                I2C_Base::init(unsigned long, unsigned long)
 .text._ZN8I2C_Base15i2cStateMachineEv
                0x0001a188      0x122 ./L2_Drivers/base/i2c_base.o
                0x0001a188                I2C_Base::i2cStateMachine()
 *fill*         0x0001a2aa        0x2 
 .text._ZN8I2C_Base15handleInterruptEv
                0x0001a2ac       0x30 ./L2_Drivers/base/i2c_base.o
                0x0001a2ac                I2C_Base::handleInterrupt()
 .text._ZN7UartDevD2Ev
                0x0001a2dc       0x14 ./L2_Drivers/base/uart_dev.o
                0x0001a2dc                UartDev::~UartDev()
                0x0001a2dc                UartDev::~UartDev()
 .text._ZN7UartDevD0Ev
                0x0001a2f0       0x12 ./L2_Drivers/base/uart_dev.o
                0x0001a2f0                UartDev::~UartDev()
 .text._ZN7UartDev7putCharEcj
                0x0001a302       0x5a ./L2_Drivers/base/uart_dev.o
                0x0001a302                UartDev::putChar(char, unsigned int)
 .text._ZN7UartDev5flushEv
                0x0001a35c       0x20 ./L2_Drivers/base/uart_dev.o
                0x0001a35c                UartDev::flush()
 .text._ZN7UartDev7getCharEPcj
                0x0001a37c       0x6c ./L2_Drivers/base/uart_dev.o
                0x0001a37c                UartDev::getChar(char*, unsigned int)
 .text._ZN7UartDev11setBaudRateEj
                0x0001a3e8       0x3c ./L2_Drivers/base/uart_dev.o
                0x0001a3e8                UartDev::setBaudRate(unsigned int)
 .text._ZN7UartDev15handleInterruptEv
                0x0001a424       0xb4 ./L2_Drivers/base/uart_dev.o
                0x0001a424                UartDev::handleInterrupt()
 .text._ZN7UartDevC2EPj
                0x0001a4d8       0x28 ./L2_Drivers/base/uart_dev.o
                0x0001a4d8                UartDev::UartDev(unsigned int*)
                0x0001a4d8                UartDev::UartDev(unsigned int*)
 .text._ZN7UartDev4initEjjii
                0x0001a500       0xb0 ./L2_Drivers/base/uart_dev.o
                0x0001a500                UartDev::init(unsigned int, unsigned int, int, int)
 .text.vListInitialise
                0x0001a5b0       0x16 ./L1_FreeRTOS/src/list.o
                0x0001a5b0                vListInitialise
 .text.vListInitialiseItem
                0x0001a5c6        0x6 ./L1_FreeRTOS/src/list.o
                0x0001a5c6                vListInitialiseItem
 .text.vListInsertEnd
                0x0001a5cc       0x18 ./L1_FreeRTOS/src/list.o
                0x0001a5cc                vListInsertEnd
 .text.vListInsert
                0x0001a5e4       0x30 ./L1_FreeRTOS/src/list.o
                0x0001a5e4                vListInsert
 .text.uxListRemove
                0x0001a614       0x20 ./L1_FreeRTOS/src/list.o
                0x0001a614                uxListRemove
 .text.prvCopyDataToQueue
                0x0001a634       0x6a ./L1_FreeRTOS/src/queue.o
 .text.prvNotifyQueueSetContainer
                0x0001a69e       0x36 ./L1_FreeRTOS/src/queue.o
 .text.prvCopyDataFromQueue
                0x0001a6d4       0x28 ./L1_FreeRTOS/src/queue.o
 .text.prvUnlockQueue
                0x0001a6fc       0x78 ./L1_FreeRTOS/src/queue.o
 .text.pvPortMalloc
                0x0001a774       0x1e ./L1_FreeRTOS/src/queue.o
                0x0001a774                pvPortMalloc
 .text.vPortFree
                0x0001a792       0x1a ./L1_FreeRTOS/src/queue.o
                0x0001a792                vPortFree
 .text.xQueueGenericReset
                0x0001a7ac       0x5a ./L1_FreeRTOS/src/queue.o
                0x0001a7ac                xQueueGenericReset
 .text.xQueueGenericCreate
                0x0001a806       0x50 ./L1_FreeRTOS/src/queue.o
                0x0001a806                xQueueGenericCreate
 .text.xQueueCreateCountingSemaphore
                0x0001a856       0x12 ./L1_FreeRTOS/src/queue.o
                0x0001a856                xQueueCreateCountingSemaphore
 .text.xQueueGenericSend
                0x0001a868       0xe6 ./L1_FreeRTOS/src/queue.o
                0x0001a868                xQueueGenericSend
 .text.xQueueCreateMutex
                0x0001a94e       0x4c ./L1_FreeRTOS/src/queue.o
                0x0001a94e                xQueueCreateMutex
 .text.xQueueGenericSendFromISR
                0x0001a99a       0x76 ./L1_FreeRTOS/src/queue.o
                0x0001a99a                xQueueGenericSendFromISR
 .text.xQueueGenericReceive
                0x0001aa10      0x102 ./L1_FreeRTOS/src/queue.o
                0x0001aa10                xQueueGenericReceive
 .text.xQueueReceiveFromISR
                0x0001ab12       0x52 ./L1_FreeRTOS/src/queue.o
                0x0001ab12                xQueueReceiveFromISR
 .text.uxQueueMessagesWaiting
                0x0001ab64       0x12 ./L1_FreeRTOS/src/queue.o
                0x0001ab64                uxQueueMessagesWaiting
 .text.uxQueueMessagesWaitingFromISR
                0x0001ab76        0x4 ./L1_FreeRTOS/src/queue.o
                0x0001ab76                uxQueueMessagesWaitingFromISR
 .text.xQueueSelectFromSet
                0x0001ab7a       0x18 ./L1_FreeRTOS/src/queue.o
                0x0001ab7a                xQueueSelectFromSet
 .text.prvResetRunTimeStatsInList
                0x0001ab92       0x2e ./L1_FreeRTOS/src/tasks.o
 .text.prvIdleTask
                0x0001abc0       0x18 ./L1_FreeRTOS/src/tasks.o
 .text.prvListTaskWithinSingleList
                0x0001abd8       0x9e ./L1_FreeRTOS/src/tasks.o
 *fill*         0x0001ac76        0x2 
 .text.prvResetNextTaskUnblockTime
                0x0001ac78       0x24 ./L1_FreeRTOS/src/tasks.o
 .text.prvAddCurrentTaskToDelayedList
                0x0001ac9c       0x50 ./L1_FreeRTOS/src/tasks.o
 .text.xTaskGenericCreate
                0x0001acec      0x1a0 ./L1_FreeRTOS/src/tasks.o
                0x0001acec                xTaskGenericCreate
 .text.vTaskStartScheduler
                0x0001ae8c       0x54 ./L1_FreeRTOS/src/tasks.o
                0x0001ae8c                vTaskStartScheduler
 .text.vTaskEndScheduler
                0x0001aee0       0x18 ./L1_FreeRTOS/src/tasks.o
                0x0001aee0                vTaskEndScheduler
 .text.vTaskSuspendAll
                0x0001aef8       0x10 ./L1_FreeRTOS/src/tasks.o
                0x0001aef8                vTaskSuspendAll
 .text.xTaskGetTickCount
                0x0001af08       0x18 ./L1_FreeRTOS/src/tasks.o
                0x0001af08                xTaskGetTickCount
 .text.xTaskGetTickCountFromISR
                0x0001af20       0x18 ./L1_FreeRTOS/src/tasks.o
                0x0001af20                xTaskGetTickCountFromISR
 .text.uxTaskGetNumberOfTasks
                0x0001af38        0xc ./L1_FreeRTOS/src/tasks.o
                0x0001af38                uxTaskGetNumberOfTasks
 .text.xTaskIncrementTick
                0x0001af44       0xfc ./L1_FreeRTOS/src/tasks.o
                0x0001af44                xTaskIncrementTick
 .text.xTaskResumeAll
                0x0001b040       0xc0 ./L1_FreeRTOS/src/tasks.o
                0x0001b040                xTaskResumeAll
 .text.vTaskDelayUntil
                0x0001b100       0x74 ./L1_FreeRTOS/src/tasks.o
                0x0001b100                vTaskDelayUntil
 .text.vTaskDelay
                0x0001b174       0x54 ./L1_FreeRTOS/src/tasks.o
                0x0001b174                vTaskDelay
 .text.uxTaskGetSystemState
                0x0001b1c8       0x88 ./L1_FreeRTOS/src/tasks.o
                0x0001b1c8                uxTaskGetSystemState
 .text.vTaskSwitchContext
                0x0001b250       0xcc ./L1_FreeRTOS/src/tasks.o
                0x0001b250                vTaskSwitchContext
 .text.vTaskSuspend
                0x0001b31c       0xa4 ./L1_FreeRTOS/src/tasks.o
                0x0001b31c                vTaskSuspend
 .text.vTaskPlaceOnEventList
                0x0001b3c0       0x5c ./L1_FreeRTOS/src/tasks.o
                0x0001b3c0                vTaskPlaceOnEventList
 .text.xTaskRemoveFromEventList
                0x0001b41c       0x6c ./L1_FreeRTOS/src/tasks.o
                0x0001b41c                xTaskRemoveFromEventList
 .text.vTaskSetTimeOutState
                0x0001b488       0x18 ./L1_FreeRTOS/src/tasks.o
                0x0001b488                vTaskSetTimeOutState
 .text.xTaskCheckForTimeOut
                0x0001b4a0       0x4c ./L1_FreeRTOS/src/tasks.o
                0x0001b4a0                xTaskCheckForTimeOut
 .text.vTaskMissedYield
                0x0001b4ec        0xc ./L1_FreeRTOS/src/tasks.o
                0x0001b4ec                vTaskMissedYield
 .text.uxTaskGetStackHighWaterMark
                0x0001b4f8       0x20 ./L1_FreeRTOS/src/tasks.o
                0x0001b4f8                uxTaskGetStackHighWaterMark
 .text.xTaskGetSchedulerState
                0x0001b518       0x20 ./L1_FreeRTOS/src/tasks.o
                0x0001b518                xTaskGetSchedulerState
 .text.vTaskPriorityInherit
                0x0001b538       0x94 ./L1_FreeRTOS/src/tasks.o
                0x0001b538                vTaskPriorityInherit
 .text.xTaskPriorityDisinherit
                0x0001b5cc       0x70 ./L1_FreeRTOS/src/tasks.o
                0x0001b5cc                xTaskPriorityDisinherit
 .text.pvTaskIncrementMutexHeldCount
                0x0001b63c       0x18 ./L1_FreeRTOS/src/tasks.o
                0x0001b63c                pvTaskIncrementMutexHeldCount
 .text.vTaskResetRunTimeStats
                0x0001b654       0x70 ./L1_FreeRTOS/src/tasks.o
                0x0001b654                vTaskResetRunTimeStats
 .text.vRunTimeStatIsrEntry
                0x0001b6c4       0x28 ./L1_FreeRTOS/src/tasks.o
                0x0001b6c4                vRunTimeStatIsrEntry
 .text.vRunTimeStatIsrExit
                0x0001b6ec       0x10 ./L1_FreeRTOS/src/tasks.o
                0x0001b6ec                vRunTimeStatIsrExit
 .text.prvPortStartFirstTask
                0x0001b6fc       0x20 ./L1_FreeRTOS/portable/no_mpu/port.o
 .text.pxPortInitialiseStack
                0x0001b71c       0x1c ./L1_FreeRTOS/portable/no_mpu/port.o
                0x0001b71c                pxPortInitialiseStack
 .text.vPortSVCHandler
                0x0001b738       0x24 ./L1_FreeRTOS/portable/no_mpu/port.o
                0x0001b738                vPortSVCHandler
 .text.vPortEndScheduler
                0x0001b75c        0x2 ./L1_FreeRTOS/portable/no_mpu/port.o
                0x0001b75c                vPortEndScheduler
 *fill*         0x0001b75e        0x2 
 .text.vPortYield
                0x0001b760       0x18 ./L1_FreeRTOS/portable/no_mpu/port.o
                0x0001b760                vPortYield
 .text.ulPortSetInterruptMask
                0x0001b778       0x10 ./L1_FreeRTOS/portable/no_mpu/port.o
                0x0001b778                ulPortSetInterruptMask
 .text.prvTaskExitError
                0x0001b788        0x8 ./L1_FreeRTOS/portable/no_mpu/port.o
 .text.vPortEnterCritical
                0x0001b790       0x1c ./L1_FreeRTOS/portable/no_mpu/port.o
                0x0001b790                vPortEnterCritical
 .text.vPortClearInterruptMask
                0x0001b7ac        0x6 ./L1_FreeRTOS/portable/no_mpu/port.o
                0x0001b7ac                vPortClearInterruptMask
 *fill*         0x0001b7b2        0x2 
 .text.vPortExitCritical
                0x0001b7b4       0x14 ./L1_FreeRTOS/portable/no_mpu/port.o
                0x0001b7b4                vPortExitCritical
 .text.xPortPendSVHandler
                0x0001b7c8       0x44 ./L1_FreeRTOS/portable/no_mpu/port.o
                0x0001b7c8                xPortPendSVHandler
 .text.xPortSysTickHandler
                0x0001b80c       0x24 ./L1_FreeRTOS/portable/no_mpu/port.o
                0x0001b80c                xPortSysTickHandler
 .text.vPortSetupTimerInterrupt
                0x0001b830       0x14 ./L1_FreeRTOS/portable/no_mpu/port.o
                0x0001b830                vPortSetupTimerInterrupt
 .text.xPortStartScheduler
                0x0001b844       0x30 ./L1_FreeRTOS/portable/no_mpu/port.o
                0x0001b844                xPortStartScheduler
 .text.vConfigureTimerForRunTimeStats
                0x0001b874       0x14 ./L1_FreeRTOS/portable/run_time_stats.o
                0x0001b874                vConfigureTimerForRunTimeStats
 .text.uxGetTimerForRunTimeStats
                0x0001b888       0x14 ./L1_FreeRTOS/portable/run_time_stats.o
                0x0001b888                uxGetTimerForRunTimeStats
 .text.resetRunTimeCounter
                0x0001b89c       0x14 ./L1_FreeRTOS/portable/run_time_stats.o
                0x0001b89c                resetRunTimeCounter
 .text.vApplicationIdleHook
                0x0001b8b0        0x4 ./L1_FreeRTOS/hooks/hooks.o
                0x0001b8b0                vApplicationIdleHook
 .text.vApplicationStackOverflowHook
                0x0001b8b4       0x38 ./L1_FreeRTOS/hooks/hooks.o
                0x0001b8b4                vApplicationStackOverflowHook
 .text.vApplicationMallocFailedHook
                0x0001b8ec       0x24 ./L1_FreeRTOS/hooks/hooks.o
                0x0001b8ec                vApplicationMallocFailedHook
 .text.__set_PSP
                0x0001b910        0x6 ./L0_LowLevel/source/core_cm3.o
                0x0001b910                __set_PSP
 .text.__set_MSP
                0x0001b916        0x6 ./L0_LowLevel/source/core_cm3.o
                0x0001b916                __set_MSP
 .text.__set_BASEPRI
                0x0001b91c        0x6 ./L0_LowLevel/source/core_cm3.o
                0x0001b91c                __set_BASEPRI
 *fill*         0x0001b922        0x2 
 .text.sys_get_boot_type
                0x0001b924        0xc ./L0_LowLevel/source/low_level_init.o
                0x0001b924                sys_get_boot_type
 .text.sys_get_boot_time
                0x0001b930       0x14 ./L0_LowLevel/source/low_level_init.o
                0x0001b930                sys_get_boot_time
 .text._Z14low_level_initv
                0x0001b944      0x238 ./L0_LowLevel/source/low_level_init.o
                0x0001b944                low_level_init()
 .text.lpc_pconp
                0x0001bb7c       0x30 ./L0_LowLevel/source/lpc_peripherals.o
                0x0001bb7c                lpc_pconp
 .text.lpc_pclk
                0x0001bbac       0x4c ./L0_LowLevel/source/lpc_peripherals.o
                0x0001bbac                lpc_pclk
 .text.lpc_sys_setup_system_timer
                0x0001bbf8       0x54 ./L0_LowLevel/source/lpc_sys.o
                0x0001bbf8                lpc_sys_setup_system_timer
 .text.sys_get_uptime_us
                0x0001bc4c       0x28 ./L0_LowLevel/source/lpc_sys.o
                0x0001bc4c                sys_get_uptime_us
 .text.sys_get_mem_info_str
                0x0001bc74       0x38 ./L0_LowLevel/source/lpc_sys.o
                0x0001bc74                sys_get_mem_info_str
 .text.TIMER1_IRQHandler
                0x0001bcac       0xbc ./L0_LowLevel/source/lpc_sys.o
                0x0001bcac                TIMER1_IRQHandler
 .text.isr_forwarder_routine
                0x0001bd68       0x3c ./L0_LowLevel/source/startup.o
 .text.isr_hard_fault_handler
                0x0001bda4       0x58 ./L0_LowLevel/source/startup.o
                0x0001bda4                isr_hard_fault_handler
 .text._ZL19sys_clock_pll0_feedv
                0x0001bdfc       0x14 ./L0_LowLevel/source/sys_clock.o
 .text._ZL23sys_clock_configure_plljjPiS_S_.constprop.0
                0x0001be10       0x7c ./L0_LowLevel/source/sys_clock.o
 .text._Z19sys_clock_configurev
                0x0001be8c       0xb0 ./L0_LowLevel/source/sys_clock.o
                0x0001be8c                sys_clock_configure()
 .text.sys_get_cpu_clock
                0x0001bf3c       0xa4 ./L0_LowLevel/source/sys_clock.o
                0x0001bf3c                sys_get_cpu_clock
 .text.uart0_init
                0x0001bfe0       0x60 ./L0_LowLevel/source/uart0_min.o
                0x0001bfe0                uart0_init
 .text.uart0_getchar
                0x0001c040       0x18 ./L0_LowLevel/source/uart0_min.o
                0x0001c040                uart0_getchar
 .text.uart0_putchar
                0x0001c058       0x18 ./L0_LowLevel/source/uart0_min.o
                0x0001c058                uart0_putchar
 .text.uart0_puts
                0x0001c070       0x1a ./L0_LowLevel/source/uart0_min.o
                0x0001c070                uart0_puts
 .text._ZNK10__cxxabiv117__class_type_info11__do_upcastEPKS0_PPv
                0x0001c08a       0x34 c:/users/chitrang/downloads/sjsu_dev/toolchain/bin/../lib/gcc/arm-none-eabi/4.9.3/../../../../arm-none-eabi/lib/armv7-m\libstdc++_nano.a(class_type_info.o)
                0x0001c08a                __cxxabiv1::__class_type_info::__do_upcast(__cxxabiv1::__class_type_info const*, void**) const
 .text._ZNK10__cxxabiv117__class_type_info20__do_find_public_srcEiPKvPKS0_S2_
                0x0001c0be        0xc c:/users/chitrang/downloads/sjsu_dev/toolchain/bin/../lib/gcc/arm-none-eabi/4.9.3/../../../../arm-none-eabi/lib/armv7-m\libstdc++_nano.a(class_type_info.o)
                0x0001c0be                __cxxabiv1::__class_type_info::__do_find_public_src(int, void const*, __cxxabiv1::__class_type_info const*, void const*) const
 *fill*         0x0001c0ca        0x2 
 .text._ZN10__cxxabiv117__class_type_infoD2Ev
                0x0001c0cc       0x14 c:/users/chitrang/downloads/sjsu_dev/toolchain/bin/../lib/gcc/arm-none-eabi/4.9.3/../../../../arm-none-eabi/lib/armv7-m\libstdc++_nano.a(class_type_info.o)
                0x0001c0cc                __cxxabiv1::__class_type_info::~__class_type_info()
                0x0001c0cc                __cxxabiv1::__class_type_info::~__class_type_info()
 .text._ZN10__cxxabiv117__class_type_infoD0Ev
                0x0001c0e0       0x12 c:/users/chitrang/downloads/sjsu_dev/toolchain/bin/../lib/gcc/arm-none-eabi/4.9.3/../../../../arm-none-eabi/lib/armv7-m\libstdc++_nano.a(class_type_info.o)
                0x0001c0e0                __cxxabiv1::__class_type_info::~__class_type_info()
 .text._ZNK10__cxxabiv117__class_type_info11__do_upcastEPKS0_PKvRNS0_15__upcast_resultE